#
# There is insufficient memory for the Java Runtime Environment to continue.
# Native memory allocation (malloc) failed to allocate 1048576 bytes. Error detail: AllocateHeap
# Possible reasons:
#   The system is out of physical RAM or swap space
#   This process is running with CompressedOops enabled, and the Java Heap may be blocking the growth of the native heap
# Possible solutions:
#   Reduce memory load on the system
#   Increase physical memory or swap space
#   Check if swap backing store is full
#   Decrease Java heap size (-Xmx/-Xms)
#   Decrease number of Java threads
#   Decrease Java thread stack sizes (-Xss)
#   Set larger code cache with -XX:ReservedCodeCacheSize=
#   JVM is running with Unscaled Compressed Oops mode in which the Java heap is
#     placed in the first 4GB address space. The Java Heap base address is the
#     maximum limit for the native heap growth. Please use -XX:HeapBaseMinAddress
#     to set the Java Heap base and to place the Java Heap above 4GB virtual address.
# This output file may be truncated or incomplete.
#
#  Out of Memory Error (allocation.cpp:44), pid=35928, tid=32696
#
# JRE version: Java(TM) SE Runtime Environment (23.0.1+11) (build 23.0.1+11-39)
# Java VM: Java HotSpot(TM) 64-Bit Server VM (23.0.1+11-39, mixed mode, emulated-client, sharing, tiered, compressed oops, compressed class ptrs, g1 gc, windows-amd64)
# No core dump will be written. Minidumps are not enabled by default on client versions of Windows
#

---------------  S U M M A R Y ------------

Command Line: -Dcom.sun.management.jmxremote -Dcom.sun.management.jmxremote.port=49877 -Dcom.sun.management.jmxremote.authenticate=false -Dcom.sun.management.jmxremote.ssl=false -Djava.rmi.server.hostname=localhost -Dspring.jmx.enabled=true -Dmanagement.endpoints.jmx.exposure.include=* -Dspring.application.admin.enabled=true -Dspring.output.ansi.enabled=always -XX:TieredStopAtLevel=1 -Dspring.boot.project.name=LogInMySQL2508App -Dfile.encoding=UTF-8 -Dstdout.encoding=UTF-8 -Dstderr.encoding=UTF-8 -XX:+ShowCodeDetailsInExceptionMessages com.khan.LogInMySQL2508App.LogInMySQL2508AppApplication

Host: 12th Gen Intel(R) Core(TM) i3-1215U, 8 cores, 7G,  Windows 11 , 64 bit Build 26100 (10.0.26100.7019)
Time: Wed Dec 10 19:16:26 2025 Tokyo Standard Time elapsed time: 12260.038371 seconds (0d 3h 24m 20s)

---------------  T H R E A D  ---------------

Current thread (0x0000025b40cefb90):  VMThread "VM Thread"          [id=32696, stack(0x0000005cf1600000,0x0000005cf1700000) (1024K)]

Stack: [0x0000005cf1600000,0x0000005cf1700000]
Native frames: (J=compiled Java code, j=interpreted, Vv=VM code, C=native code)
V  [jvm.dll+0x6e08b9]  (no source info available)
V  [jvm.dll+0x87dc83]  (no source info available)
V  [jvm.dll+0x88010e]  (no source info available)
V  [jvm.dll+0x8807e3]  (no source info available)
V  [jvm.dll+0x27aee6]  (no source info available)
V  [jvm.dll+0xb6a17]  (no source info available)
V  [jvm.dll+0x34547e]  (no source info available)
V  [jvm.dll+0x340219]  (no source info available)
V  [jvm.dll+0x3284e2]  (no source info available)
V  [jvm.dll+0x372bd4]  (no source info available)
V  [jvm.dll+0x886720]  (no source info available)
V  [jvm.dll+0x887a47]  (no source info available)
V  [jvm.dll+0x887f78]  (no source info available)
V  [jvm.dll+0x888213]  (no source info available)
V  [jvm.dll+0x824f8b]  (no source info available)
V  [jvm.dll+0x6df065]  (no source info available)
C  [ucrtbase.dll+0x37b0]  (no source info available)
C  [KERNEL32.DLL+0x2e8d7]  (no source info available)
C  [ntdll.dll+0x8c53c]  (no source info available)

VM_Operation (0x0000005cf0cff470): G1CollectFull, mode: safepoint, requested by thread 0x0000025b86b225b0


---------------  P R O C E S S  ---------------

Threads class SMR info:
_java_thread_list=0x0000025b86114dc0, length=21, elements={
0x0000025b40d09aa0, 0x0000025b40d0a500, 0x0000025b40d0fed0, 0x0000025b40d10930,
0x0000025b40d150a0, 0x0000025b40d19000, 0x0000025b40d229e0, 0x0000025b860c8230,
0x0000025b86157bf0, 0x0000025b8681a770, 0x0000025b86822d10, 0x0000025b8684ca30,
0x0000025b8707b230, 0x0000025b8707e190, 0x0000025b870b47d0, 0x0000025b8897de70,
0x0000025b88980c60, 0x0000025b889812f0, 0x0000025b86b225b0, 0x0000025b868069e0,
0x0000025b882ceea0
}

Java Threads: ( => current thread )
  0x0000025b40d09aa0 JavaThread "Reference Handler"          daemon [_thread_blocked, id=1516, stack(0x0000005cf1700000,0x0000005cf1800000) (1024K)]
  0x0000025b40d0a500 JavaThread "Finalizer"                  daemon [_thread_blocked, id=12812, stack(0x0000005cf1800000,0x0000005cf1900000) (1024K)]
  0x0000025b40d0fed0 JavaThread "Signal Dispatcher"          daemon [_thread_blocked, id=2208, stack(0x0000005cf1900000,0x0000005cf1a00000) (1024K)]
  0x0000025b40d10930 JavaThread "Attach Listener"            daemon [_thread_blocked, id=9704, stack(0x0000005cf1a00000,0x0000005cf1b00000) (1024K)]
  0x0000025b40d150a0 JavaThread "Service Thread"             daemon [_thread_blocked, id=12884, stack(0x0000005cf1b00000,0x0000005cf1c00000) (1024K)]
  0x0000025b40d19000 JavaThread "Monitor Deflation Thread"   daemon [_thread_blocked, id=28516, stack(0x0000005cf1c00000,0x0000005cf1d00000) (1024K)]
  0x0000025b40d229e0 JavaThread "C1 CompilerThread0"         daemon [_thread_blocked, id=28360, stack(0x0000005cf1d00000,0x0000005cf1e00000) (1024K)]
  0x0000025b860c8230 JavaThread "Common-Cleaner"             daemon [_thread_blocked, id=15792, stack(0x0000005cf1e00000,0x0000005cf1f00000) (1024K)]
  0x0000025b86157bf0 JavaThread "Notification Thread"        daemon [_thread_blocked, id=15704, stack(0x0000005cf2100000,0x0000005cf2200000) (1024K)]
  0x0000025b8681a770 JavaThread "RMI TCP Accept-0"           daemon [_thread_in_native, id=31200, stack(0x0000005cf2300000,0x0000005cf2400000) (1024K)]
  0x0000025b86822d10 JavaThread "RMI TCP Accept-49877"       daemon [_thread_in_native, id=38484, stack(0x0000005cf2400000,0x0000005cf2500000) (1024K)]
  0x0000025b8684ca30 JavaThread "RMI TCP Accept-0"           daemon [_thread_in_native, id=30956, stack(0x0000005cf2500000,0x0000005cf2600000) (1024K)]
  0x0000025b8707b230 JavaThread "RMI Scheduler(0)"           daemon [_thread_blocked, id=15832, stack(0x0000005cf3000000,0x0000005cf3100000) (1024K)]
  0x0000025b8707e190 JavaThread "RMI TCP Connection(idle)"   daemon [_thread_blocked, id=23568, stack(0x0000005cf3100000,0x0000005cf3200000) (1024K)]
  0x0000025b870b47d0 JavaThread "mysql-cj-abandoned-connection-cleanup" daemon [_thread_blocked, id=13556, stack(0x0000005cf3700000,0x0000005cf3800000) (1024K)]
  0x0000025b8897de70 JavaThread "Live Reload Server"         daemon [_thread_in_native, id=37272, stack(0x0000005cf3d00000,0x0000005cf3e00000) (1024K)]
  0x0000025b88980c60 JavaThread "DestroyJavaVM"                     [_thread_blocked, id=13492, stack(0x0000005cf0f00000,0x0000005cf1000000) (1024K)]
  0x0000025b889812f0 JavaThread "JMX server connection timeout 95" daemon [_thread_blocked, id=21472, stack(0x0000005cf0d00000,0x0000005cf0e00000) (1024K)]
  0x0000025b86b225b0 JavaThread "Thread-5"                          [_thread_blocked, id=11572, stack(0x0000005cf0c00000,0x0000005cf0d00000) (1024K)]
  0x0000025b868069e0 JavaThread "C1 CompilerThread1"         daemon [_thread_blocked, id=32048, stack(0x0000005cf0e00000,0x0000005cf0f00000) (1024K)]
  0x0000025b882ceea0 JavaThread "C1 CompilerThread2"         daemon [_thread_blocked, id=15896, stack(0x0000005cf2000000,0x0000005cf2100000) (1024K)]
Total: 21

Other Threads:
=>0x0000025b40cefb90 VMThread "VM Thread"                           [id=32696, stack(0x0000005cf1600000,0x0000005cf1700000) (1024K)]
  0x0000025b40cda140 WatcherThread "VM Periodic Task Thread"        [id=17452, stack(0x0000005cf1500000,0x0000005cf1600000) (1024K)]
  0x0000025b304626f0 WorkerThread "GC Thread#0"                     [id=15116, stack(0x0000005cf1000000,0x0000005cf1100000) (1024K)]
  0x0000025b86bbe440 WorkerThread "GC Thread#1"                     [id=33036, stack(0x0000005cf2600000,0x0000005cf2700000) (1024K)]
  0x0000025b86bd1910 WorkerThread "GC Thread#2"                     [id=20720, stack(0x0000005cf2700000,0x0000005cf2800000) (1024K)]
  0x0000025b86f55010 WorkerThread "GC Thread#3"                     [id=26360, stack(0x0000005cf2800000,0x0000005cf2900000) (1024K)]
  0x0000025b86f553c0 WorkerThread "GC Thread#4"                     [id=16036, stack(0x0000005cf2900000,0x0000005cf2a00000) (1024K)]
  0x0000025b86f55770 WorkerThread "GC Thread#5"                     [id=34788, stack(0x0000005cf2a00000,0x0000005cf2b00000) (1024K)]
  0x0000025b86f55b20 WorkerThread "GC Thread#6"                     [id=31780, stack(0x0000005cf2b00000,0x0000005cf2c00000) (1024K)]
  0x0000025b86f6df00 WorkerThread "GC Thread#7"                     [id=692, stack(0x0000005cf2c00000,0x0000005cf2d00000) (1024K)]
  0x0000025b304769d0 ConcurrentGCThread "G1 Main Marker"            [id=23336, stack(0x0000005cf1100000,0x0000005cf1200000) (1024K)]
  0x0000025b30479ac0 WorkerThread "G1 Conc#0"                       [id=24336, stack(0x0000005cf1200000,0x0000005cf1300000) (1024K)]
  0x0000025b8720f5d0 WorkerThread "G1 Conc#1"                       [id=11584, stack(0x0000005cf3500000,0x0000005cf3600000) (1024K)]
  0x0000025b40ba6210 ConcurrentGCThread "G1 Refine#0"               [id=16212, stack(0x0000005cf1300000,0x0000005cf1400000) (1024K)]
  0x0000025b40ba6ba0 ConcurrentGCThread "G1 Service"                [id=28612, stack(0x0000005cf1400000,0x0000005cf1500000) (1024K)]
Total: 15

Threads with active compile tasks:
Total: 0

VM state: at safepoint (normal execution)

VM Mutex/Monitor currently owned by a thread:  ([mutex/lock_event])
[0x00007ffc39493910] Threads_lock - owner thread: 0x0000025b40cefb90
[0x00007ffc39493a10] Heap_lock - owner thread: 0x0000025b86b225b0

Heap address: 0x0000000085000000, size: 1968 MB, Compressed Oops mode: 32-bit

CDS archive(s) mapped at: [0x0000025b41000000-0x0000025b41d70000-0x0000025b41d70000), size 14090240, SharedBaseAddress: 0x0000025b41000000, ArchiveRelocationMode: 1.
Compressed class space mapped at: 0x0000025b42000000-0x0000025b82000000, reserved size: 1073741824
Narrow klass base: 0x0000025b41000000, Narrow klass shift: 0, Narrow klass range: 0x41000000

GC Precious Log:
 CardTable entry size: 512
 Card Set container configuration: InlinePtr #cards 5 size 8 Array Of Cards #cards 10 size 36 Howl #buckets 4 coarsen threshold 1843 Howl Bitmap #cards 512 size 80 coarsen threshold 460 Card regions per heap region 1 cards per card region 2048
 CPUs: 8 total, 8 available
 Memory: 7865M
 Large Page Support: Disabled
 NUMA Support: Disabled
 Compressed Oops: Enabled (32-bit)
 Heap Region Size: 1M
 Heap Min Capacity: 8M
 Heap Initial Capacity: 124M
 Heap Max Capacity: 1968M
 Pre-touch: Disabled
 Parallel Workers: 8
 Concurrent Workers: 2
 Concurrent Refinement Workers: 8
 Periodic GC: Disabled

Heap:
 garbage-first heap   total reserved 2015232K, committed 60416K, used 28998K [0x0000000085000000, 0x0000000100000000)
  region size 1024K, 2 young (2048K), 1 survivors (1024K)
 Metaspace       used 72575K, committed 73536K, reserved 1114112K
  class space    used 10694K, committed 11072K, reserved 1048576K

Heap Regions: E=young(eden), S=young(survivor), O=old, HS=humongous(starts), HC=humongous(continues), CS=collection set, F=free, TAMS=top-at-mark-start, PB=parsable bottom
|   0|0x0000000085000000, 0x0000000085100000, 0x0000000085100000|100%|HS|  |TAMS 0x0000000085000000| PB 0x0000000085000000| Complete |  0
|   1|0x0000000085100000, 0x0000000085200000, 0x0000000085200000|100%|HS|  |TAMS 0x0000000085100000| PB 0x0000000085100000| Complete |  0
|   2|0x0000000085200000, 0x0000000085300000, 0x0000000085300000|100%| O|  |TAMS 0x0000000085200000| PB 0x0000000085200000| Untracked |  0
|   3|0x0000000085300000, 0x0000000085400000, 0x0000000085400000|100%| O|  |TAMS 0x0000000085300000| PB 0x0000000085300000| Untracked |  0
|   4|0x0000000085400000, 0x0000000085500000, 0x0000000085500000|100%| O|  |TAMS 0x0000000085400000| PB 0x0000000085400000| Untracked |  0
|   5|0x0000000085500000, 0x0000000085600000, 0x0000000085600000|100%| O|  |TAMS 0x0000000085500000| PB 0x0000000085500000| Untracked |  0
|   6|0x0000000085600000, 0x0000000085700000, 0x0000000085700000|100%| O|  |TAMS 0x0000000085600000| PB 0x0000000085600000| Untracked |  0
|   7|0x0000000085700000, 0x0000000085800000, 0x0000000085800000|100%| O|  |TAMS 0x0000000085700000| PB 0x0000000085700000| Untracked |  0
|   8|0x0000000085800000, 0x0000000085900000, 0x0000000085900000|100%| O|  |TAMS 0x0000000085800000| PB 0x0000000085800000| Untracked |  0
|   9|0x0000000085900000, 0x0000000085a00000, 0x0000000085a00000|100%| O|  |TAMS 0x0000000085900000| PB 0x0000000085900000| Untracked |  0
|  10|0x0000000085a00000, 0x0000000085b00000, 0x0000000085b00000|100%| O|  |TAMS 0x0000000085a00000| PB 0x0000000085a00000| Untracked |  0
|  11|0x0000000085b00000, 0x0000000085c00000, 0x0000000085c00000|100%| O|  |TAMS 0x0000000085b00000| PB 0x0000000085b00000| Untracked |  0
|  12|0x0000000085c00000, 0x0000000085d00000, 0x0000000085d00000|100%| O|  |TAMS 0x0000000085c00000| PB 0x0000000085c00000| Untracked |  0
|  13|0x0000000085d00000, 0x0000000085e00000, 0x0000000085e00000|100%| O|  |TAMS 0x0000000085d00000| PB 0x0000000085d00000| Untracked |  0
|  14|0x0000000085e00000, 0x0000000085f00000, 0x0000000085f00000|100%| O|  |TAMS 0x0000000085e00000| PB 0x0000000085e00000| Untracked |  0
|  15|0x0000000085f00000, 0x0000000085f00000, 0x0000000086000000|  0%| F|  |TAMS 0x0000000085f00000| PB 0x0000000085f00000| Untracked |  0
|  16|0x0000000086000000, 0x0000000086100000, 0x0000000086100000|100%| O|  |TAMS 0x0000000086000000| PB 0x0000000086000000| Untracked |  0
|  17|0x0000000086100000, 0x0000000086200000, 0x0000000086200000|100%| O|  |TAMS 0x0000000086100000| PB 0x0000000086100000| Untracked |  0
|  18|0x0000000086200000, 0x0000000086300000, 0x0000000086300000|100%| O|  |TAMS 0x0000000086200000| PB 0x0000000086200000| Untracked |  0
|  19|0x0000000086300000, 0x0000000086400000, 0x0000000086400000|100%| O|  |TAMS 0x0000000086300000| PB 0x0000000086300000| Untracked |  0
|  20|0x0000000086400000, 0x0000000086500000, 0x0000000086500000|100%| O|  |TAMS 0x0000000086400000| PB 0x0000000086400000| Untracked |  0
|  21|0x0000000086500000, 0x00000000865c0e30, 0x0000000086600000| 75%| O|  |TAMS 0x0000000086500000| PB 0x0000000086500000| Untracked |  0
|  22|0x0000000086600000, 0x0000000086700000, 0x0000000086700000|100%| O|  |TAMS 0x0000000086600000| PB 0x0000000086600000| Untracked |  0
|  23|0x0000000086700000, 0x0000000086800000, 0x0000000086800000|100%| O|  |TAMS 0x0000000086700000| PB 0x0000000086700000| Untracked |  0
|  24|0x0000000086800000, 0x0000000086800000, 0x0000000086900000|  0%| F|  |TAMS 0x0000000086800000| PB 0x0000000086800000| Untracked |  0
|  25|0x0000000086900000, 0x0000000086900000, 0x0000000086a00000|  0%| F|  |TAMS 0x0000000086900000| PB 0x0000000086900000| Untracked |  0
|  26|0x0000000086a00000, 0x0000000086a00000, 0x0000000086b00000|  0%| F|  |TAMS 0x0000000086a00000| PB 0x0000000086a00000| Untracked |  0
|  27|0x0000000086b00000, 0x0000000086c00000, 0x0000000086c00000|100%| O|  |TAMS 0x0000000086b00000| PB 0x0000000086b00000| Untracked |  0
|  28|0x0000000086c00000, 0x0000000086d00000, 0x0000000086d00000|100%| O|  |TAMS 0x0000000086c00000| PB 0x0000000086c00000| Untracked |  0
|  29|0x0000000086d00000, 0x0000000086d90b70, 0x0000000086e00000| 56%| S|CS|TAMS 0x0000000086d00000| PB 0x0000000086d00000| Complete |  0
|  30|0x0000000086e00000, 0x0000000086e00000, 0x0000000086f00000|  0%| F|  |TAMS 0x0000000086e00000| PB 0x0000000086e00000| Untracked |  0
|  31|0x0000000086f00000, 0x0000000086f00000, 0x0000000087000000|  0%| F|  |TAMS 0x0000000086f00000| PB 0x0000000086f00000| Untracked |  0
|  32|0x0000000087000000, 0x0000000087000000, 0x0000000087100000|  0%| F|  |TAMS 0x0000000087000000| PB 0x0000000087000000| Untracked |  0
|  33|0x0000000087100000, 0x0000000087200000, 0x0000000087200000|100%| O|  |TAMS 0x0000000087100000| PB 0x0000000087100000| Untracked |  0
|  34|0x0000000087200000, 0x0000000087300000, 0x0000000087300000|100%| O|  |TAMS 0x0000000087200000| PB 0x0000000087200000| Untracked |  0
|  35|0x0000000087300000, 0x0000000087300000, 0x0000000087400000|  0%| F|  |TAMS 0x0000000087300000| PB 0x0000000087300000| Untracked |  0
|  36|0x0000000087400000, 0x0000000087500000, 0x0000000087500000|100%| O|  |TAMS 0x0000000087400000| PB 0x0000000087400000| Untracked |  0
|  37|0x0000000087500000, 0x0000000087500000, 0x0000000087600000|  0%| F|  |TAMS 0x0000000087500000| PB 0x0000000087500000| Untracked |  0
|  38|0x0000000087600000, 0x0000000087600000, 0x0000000087700000|  0%| F|  |TAMS 0x0000000087600000| PB 0x0000000087600000| Untracked |  0
|  39|0x0000000087700000, 0x0000000087700000, 0x0000000087800000|  0%| F|  |TAMS 0x0000000087700000| PB 0x0000000087700000| Untracked |  0
|  40|0x0000000087800000, 0x0000000087800000, 0x0000000087900000|  0%| F|  |TAMS 0x0000000087800000| PB 0x0000000087800000| Untracked |  0
|  41|0x0000000087900000, 0x0000000087900000, 0x0000000087a00000|  0%| F|  |TAMS 0x0000000087900000| PB 0x0000000087900000| Untracked |  0
|  42|0x0000000087a00000, 0x0000000087a00000, 0x0000000087b00000|  0%| F|  |TAMS 0x0000000087a00000| PB 0x0000000087a00000| Untracked |  0
|  43|0x0000000087b00000, 0x0000000087b00000, 0x0000000087c00000|  0%| F|  |TAMS 0x0000000087b00000| PB 0x0000000087b00000| Untracked |  0
|  44|0x0000000087c00000, 0x0000000087c00000, 0x0000000087d00000|  0%| F|  |TAMS 0x0000000087c00000| PB 0x0000000087c00000| Untracked |  0
|  45|0x0000000087d00000, 0x0000000087d00000, 0x0000000087e00000|  0%| F|  |TAMS 0x0000000087d00000| PB 0x0000000087d00000| Untracked |  0
|  46|0x0000000087e00000, 0x0000000087e00000, 0x0000000087f00000|  0%| F|  |TAMS 0x0000000087e00000| PB 0x0000000087e00000| Untracked |  0
|  47|0x0000000087f00000, 0x0000000087f00000, 0x0000000088000000|  0%| F|  |TAMS 0x0000000087f00000| PB 0x0000000087f00000| Untracked |  0
|  48|0x0000000088000000, 0x0000000088000000, 0x0000000088100000|  0%| F|  |TAMS 0x0000000088000000| PB 0x0000000088000000| Untracked |  0
|  49|0x0000000088100000, 0x0000000088100000, 0x0000000088200000|  0%| F|  |TAMS 0x0000000088100000| PB 0x0000000088100000| Untracked |  0
|  50|0x0000000088200000, 0x0000000088200000, 0x0000000088300000|  0%| F|  |TAMS 0x0000000088200000| PB 0x0000000088200000| Untracked |  0
|  51|0x0000000088300000, 0x0000000088300000, 0x0000000088400000|  0%| F|  |TAMS 0x0000000088300000| PB 0x0000000088300000| Untracked |  0
|  73|0x0000000089900000, 0x0000000089900000, 0x0000000089a00000|  0%| F|  |TAMS 0x0000000089900000| PB 0x0000000089900000| Untracked |  0
|  74|0x0000000089a00000, 0x0000000089a00000, 0x0000000089b00000|  0%| F|  |TAMS 0x0000000089a00000| PB 0x0000000089a00000| Untracked |  0
|  75|0x0000000089b00000, 0x0000000089b00000, 0x0000000089c00000|  0%| F|  |TAMS 0x0000000089b00000| PB 0x0000000089b00000| Untracked |  0
|  76|0x0000000089c00000, 0x0000000089c00000, 0x0000000089d00000|  0%| F|  |TAMS 0x0000000089c00000| PB 0x0000000089c00000| Untracked |  0
|  77|0x0000000089d00000, 0x0000000089d00000, 0x0000000089e00000|  0%| F|  |TAMS 0x0000000089d00000| PB 0x0000000089d00000| Untracked |  0
| 122|0x000000008ca00000, 0x000000008ca00000, 0x000000008cb00000|  0%| F|  |TAMS 0x000000008ca00000| PB 0x000000008ca00000| Untracked |  0
| 123|0x000000008cb00000, 0x000000008cb18008, 0x000000008cc00000|  9%| E|  |TAMS 0x000000008cb00000| PB 0x000000008cb00000| Complete |  0

Card table byte_map: [0x0000025b3c010000,0x0000025b3c3f0000] _byte_map_base: 0x0000025b3bbe8000

Marking Bits: (CMBitMap*) 0x0000025b30462d10
 Bits: [0x0000025b3c3f0000, 0x0000025b3e2b0000)

Polling page: 0x0000025b2e1f0000

Metaspace:

Usage:
  Non-class:     60.43 MB used.
      Class:     10.44 MB used.
       Both:     70.87 MB used.

Virtual space:
  Non-class space:       64.00 MB reserved,      61.00 MB ( 95%) committed,  1 nodes.
      Class space:        1.00 GB reserved,      10.81 MB (  1%) committed,  1 nodes.
             Both:        1.06 GB reserved,      71.81 MB (  7%) committed. 

Chunk freelists:
   Non-Class:  3.24 MB
       Class:  5.33 MB
        Both:  8.57 MB

MaxMetaspaceSize: unlimited
CompressedClassSpaceSize: 1.00 GB
Initial GC threshold: 21.00 MB
Current GC threshold: 119.62 MB
CDS: on
 - commit_granule_bytes: 65536.
 - commit_granule_words: 8192.
 - virtual_space_node_default_size: 8388608.
 - enlarge_chunks_in_place: 1.
 - use_allocation_guard: 0.


Internal statistics:

num_allocs_failed_limit: 6.
num_arena_births: 1130.
num_arena_deaths: 414.
num_vsnodes_births: 2.
num_vsnodes_deaths: 0.
num_space_committed: 1149.
num_space_uncommitted: 0.
num_chunks_returned_to_freelist: 480.
num_chunks_taken_from_freelist: 3709.
num_chunk_merges: 118.
num_chunk_splits: 2618.
num_chunks_enlarged: 2061.
num_inconsistent_stats: 0.

CodeCache: size=49152Kb used=7670Kb max_used=10504Kb free=41481Kb
 bounds [0x0000025b38b20000, 0x0000025b39680000, 0x0000025b3bb20000]
 total_blobs=4868, nmethods=4111, adapters=679, full_count=0
Compilation: enabled, stopped_count=0, restarted_count=0

Compilation events (20 events):
Event: 12258.976 Thread 0x0000025b40d229e0 8149       1       java.util.concurrent.ConcurrentHashMap::tabAt (22 bytes)
Event: 12258.976 Thread 0x0000025b868069e0 8150       1       jdk.internal.misc.Unsafe::getReferenceAcquire (7 bytes)
Event: 12258.977 Thread 0x0000025b868069e0 nmethod 8150 0x0000025b39296c08 code [0x0000025b39296d20, 0x0000025b39296e40]
Event: 12258.977 Thread 0x0000025b40d229e0 nmethod 8149 0x0000025b39296808 code [0x0000025b39296920, 0x0000025b39296a38]
Event: 12258.978 Thread 0x0000025b40d229e0 8151       1       java.util.concurrent.ConcurrentHashMap::setTabAt (20 bytes)
Event: 12258.978 Thread 0x0000025b40d229e0 nmethod 8151 0x0000025b39320588 code [0x0000025b393206a0, 0x0000025b393207b0]
Event: 12258.979 Thread 0x0000025b868069e0 8152       1       java.lang.Thread::isTerminated (16 bytes)
Event: 12258.979 Thread 0x0000025b40d229e0 8153       1       java.lang.Thread::getThreadGroup (30 bytes)
Event: 12258.979 Thread 0x0000025b868069e0 nmethod 8152 0x0000025b39320188 code [0x0000025b393202a0, 0x0000025b393203a8]
Event: 12258.980 Thread 0x0000025b40d229e0 nmethod 8153 0x0000025b3932b388 code [0x0000025b3932b4c0, 0x0000025b3932b720]
Event: 12258.986 Thread 0x0000025b40d229e0 8154       1       java.lang.invoke.StringConcatFactory::prepender (33 bytes)
Event: 12258.987 Thread 0x0000025b40d229e0 nmethod 8154 0x0000025b3938fd08 code [0x0000025b3938fe60, 0x0000025b39390138]
Event: 12259.008 Thread 0x0000025b40d229e0 8155       1       java.lang.invoke.MethodHandles::foldArgumentsWithCombiner (9 bytes)
Event: 12259.009 Thread 0x0000025b40d229e0 nmethod 8155 0x0000025b3932b088 code [0x0000025b3932b1a0, 0x0000025b3932b280]
Event: 12259.035 Thread 0x0000025b882ceea0 8156       1       java.lang.invoke.MethodHandleNatives$CallSiteContext::run (5 bytes)
Event: 12259.035 Thread 0x0000025b882ceea0 nmethod 8156 0x0000025b39393a08 code [0x0000025b39393b20, 0x0000025b39393c00]
Event: 12259.035 Thread 0x0000025b882ceea0 8157       1       java.util.concurrent.locks.ReentrantReadWriteLock::writeLock (5 bytes)
Event: 12259.036 Thread 0x0000025b868069e0 8158  s    1       org.apache.catalina.util.LifecycleBase::setStateInternal (144 bytes)
Event: 12259.036 Thread 0x0000025b882ceea0 nmethod 8157 0x0000025b39393608 code [0x0000025b39393720, 0x0000025b393937e8]
Event: 12259.037 Thread 0x0000025b868069e0 nmethod 8158 0x0000025b38f59188 code [0x0000025b38f59320, 0x0000025b38f59b18]

GC Heap History (20 events):
Event: 7928.822 GC heap after
{Heap after GC invocations=45 (full 0):
 garbage-first heap   total reserved 2015232K, committed 60416K, used 29664K [0x0000000085000000, 0x0000000100000000)
  region size 1024K, 1 young (1024K), 1 survivors (1024K)
 Metaspace       used 72431K, committed 73472K, reserved 1114112K
  class space    used 10657K, committed 11072K, reserved 1048576K
}
Event: 8446.098 GC heap before
{Heap before GC invocations=45 (full 0):
 garbage-first heap   total reserved 2015232K, committed 60416K, used 53216K [0x0000000085000000, 0x0000000100000000)
  region size 1024K, 25 young (25600K), 1 survivors (1024K)
 Metaspace       used 72433K, committed 73472K, reserved 1114112K
  class space    used 10657K, committed 11072K, reserved 1048576K
}
Event: 8446.143 GC heap after
{Heap after GC invocations=46 (full 0):
 garbage-first heap   total reserved 2015232K, committed 60416K, used 29803K [0x0000000085000000, 0x0000000100000000)
  region size 1024K, 1 young (1024K), 1 survivors (1024K)
 Metaspace       used 72433K, committed 73472K, reserved 1114112K
  class space    used 10657K, committed 11072K, reserved 1048576K
}
Event: 8977.026 GC heap before
{Heap before GC invocations=47 (full 0):
 garbage-first heap   total reserved 2015232K, committed 60416K, used 54379K [0x0000000085000000, 0x0000000100000000)
  region size 1024K, 25 young (25600K), 1 survivors (1024K)
 Metaspace       used 72433K, committed 73472K, reserved 1114112K
  class space    used 10657K, committed 11072K, reserved 1048576K
}
Event: 8977.061 GC heap after
{Heap after GC invocations=48 (full 0):
 garbage-first heap   total reserved 2015232K, committed 60416K, used 29746K [0x0000000085000000, 0x0000000100000000)
  region size 1024K, 1 young (1024K), 1 survivors (1024K)
 Metaspace       used 72433K, committed 73472K, reserved 1114112K
  class space    used 10657K, committed 11072K, reserved 1048576K
}
Event: 9649.108 GC heap before
{Heap before GC invocations=48 (full 0):
 garbage-first heap   total reserved 2015232K, committed 60416K, used 54322K [0x0000000085000000, 0x0000000100000000)
  region size 1024K, 25 young (25600K), 1 survivors (1024K)
 Metaspace       used 72437K, committed 73472K, reserved 1114112K
  class space    used 10658K, committed 11072K, reserved 1048576K
}
Event: 9649.161 GC heap after
{Heap after GC invocations=49 (full 0):
 garbage-first heap   total reserved 2015232K, committed 60416K, used 29765K [0x0000000085000000, 0x0000000100000000)
  region size 1024K, 2 young (2048K), 2 survivors (2048K)
 Metaspace       used 72437K, committed 73472K, reserved 1114112K
  class space    used 10658K, committed 11072K, reserved 1048576K
}
Event: 9969.785 GC heap before
{Heap before GC invocations=49 (full 0):
 garbage-first heap   total reserved 2015232K, committed 60416K, used 53317K [0x0000000085000000, 0x0000000100000000)
  region size 1024K, 25 young (25600K), 2 survivors (2048K)
 Metaspace       used 72441K, committed 73472K, reserved 1114112K
  class space    used 10659K, committed 11072K, reserved 1048576K
}
Event: 9969.818 GC heap after
{Heap after GC invocations=50 (full 0):
 garbage-first heap   total reserved 2015232K, committed 60416K, used 29761K [0x0000000085000000, 0x0000000100000000)
  region size 1024K, 2 young (2048K), 2 survivors (2048K)
 Metaspace       used 72441K, committed 73472K, reserved 1114112K
  class space    used 10659K, committed 11072K, reserved 1048576K
}
Event: 10473.452 GC heap before
{Heap before GC invocations=51 (full 0):
 garbage-first heap   total reserved 2015232K, committed 60416K, used 53313K [0x0000000085000000, 0x0000000100000000)
  region size 1024K, 25 young (25600K), 2 survivors (2048K)
 Metaspace       used 72439K, committed 73472K, reserved 1114112K
  class space    used 10659K, committed 11072K, reserved 1048576K
}
Event: 10473.488 GC heap after
{Heap after GC invocations=52 (full 0):
 garbage-first heap   total reserved 2015232K, committed 60416K, used 29519K [0x0000000085000000, 0x0000000100000000)
  region size 1024K, 1 young (1024K), 1 survivors (1024K)
 Metaspace       used 72439K, committed 73472K, reserved 1114112K
  class space    used 10659K, committed 11072K, reserved 1048576K
}
Event: 10989.881 GC heap before
{Heap before GC invocations=52 (full 0):
 garbage-first heap   total reserved 2015232K, committed 60416K, used 54095K [0x0000000085000000, 0x0000000100000000)
  region size 1024K, 25 young (25600K), 1 survivors (1024K)
 Metaspace       used 72441K, committed 73472K, reserved 1114112K
  class space    used 10659K, committed 11072K, reserved 1048576K
}
Event: 10989.950 GC heap after
{Heap after GC invocations=53 (full 0):
 garbage-first heap   total reserved 2015232K, committed 60416K, used 29343K [0x0000000085000000, 0x0000000100000000)
  region size 1024K, 1 young (1024K), 1 survivors (1024K)
 Metaspace       used 72441K, committed 73472K, reserved 1114112K
  class space    used 10659K, committed 11072K, reserved 1048576K
}
Event: 11310.446 GC heap before
{Heap before GC invocations=53 (full 0):
 garbage-first heap   total reserved 2015232K, committed 60416K, used 54943K [0x0000000085000000, 0x0000000100000000)
  region size 1024K, 26 young (26624K), 1 survivors (1024K)
 Metaspace       used 72444K, committed 73472K, reserved 1114112K
  class space    used 10660K, committed 11072K, reserved 1048576K
}
Event: 11310.470 GC heap after
{Heap after GC invocations=54 (full 0):
 garbage-first heap   total reserved 2015232K, committed 60416K, used 29782K [0x0000000085000000, 0x0000000100000000)
  region size 1024K, 2 young (2048K), 2 survivors (2048K)
 Metaspace       used 72444K, committed 73472K, reserved 1114112K
  class space    used 10660K, committed 11072K, reserved 1048576K
}
Event: 11812.449 GC heap before
{Heap before GC invocations=55 (full 0):
 garbage-first heap   total reserved 2015232K, committed 60416K, used 53334K [0x0000000085000000, 0x0000000100000000)
  region size 1024K, 25 young (25600K), 2 survivors (2048K)
 Metaspace       used 72426K, committed 73472K, reserved 1114112K
  class space    used 10655K, committed 11072K, reserved 1048576K
}
Event: 11812.492 GC heap after
{Heap after GC invocations=56 (full 0):
 garbage-first heap   total reserved 2015232K, committed 60416K, used 29349K [0x0000000085000000, 0x0000000100000000)
  region size 1024K, 1 young (1024K), 1 survivors (1024K)
 Metaspace       used 72426K, committed 73472K, reserved 1114112K
  class space    used 10655K, committed 11072K, reserved 1048576K
}
Event: 12259.015 GC heap before
{Heap before GC invocations=56 (full 0):
 garbage-first heap   total reserved 2015232K, committed 60416K, used 53925K [0x0000000085000000, 0x0000000100000000)
  region size 1024K, 26 young (26624K), 1 survivors (1024K)
 Metaspace       used 72575K, committed 73536K, reserved 1114112K
  class space    used 10694K, committed 11072K, reserved 1048576K
}
Event: 12259.034 GC heap after
{Heap after GC invocations=57 (full 0):
 garbage-first heap   total reserved 2015232K, committed 60416K, used 28998K [0x0000000085000000, 0x0000000100000000)
  region size 1024K, 1 young (1024K), 1 survivors (1024K)
 Metaspace       used 72575K, committed 73536K, reserved 1114112K
  class space    used 10694K, committed 11072K, reserved 1048576K
}
Event: 12259.039 GC heap before
{Heap before GC invocations=57 (full 0):
 garbage-first heap   total reserved 2015232K, committed 60416K, used 28998K [0x0000000085000000, 0x0000000100000000)
  region size 1024K, 2 young (2048K), 1 survivors (1024K)
 Metaspace       used 72575K, committed 73536K, reserved 1114112K
  class space    used 10694K, committed 11072K, reserved 1048576K
}

Dll operation events (10 events):
Event: 0.015 Loaded shared library C:\Program Files\Java\jdk-23\bin\java.dll
Event: 0.105 Loaded shared library C:\Program Files\Java\jdk-23\bin\jimage.dll
Event: 0.109 Loaded shared library C:\Program Files\Java\jdk-23\bin\net.dll
Event: 0.111 Loaded shared library C:\Program Files\Java\jdk-23\bin\nio.dll
Event: 0.114 Loaded shared library C:\Program Files\Java\jdk-23\bin\zip.dll
Event: 0.167 Loaded shared library C:\Program Files\Java\jdk-23\bin\management.dll
Event: 0.193 Loaded shared library C:\Program Files\Java\jdk-23\bin\management_ext.dll
Event: 0.517 Loaded shared library C:\Program Files\Java\jdk-23\bin\extnet.dll
Event: 1.810 Loaded shared library C:\Program Files\Java\jdk-23\bin\sunmscapi.dll
Event: 3.315 Loaded shared library C:\Program Files\Java\jdk-23\bin\verify.dll

Deoptimization events (0 events):
No events

Classes loaded (20 events):
Event: 1372.922 Loading class javax/net/ssl/SSLSocket
Event: 1372.926 Loading class javax/net/ssl/SSLSocket done
Event: 1372.927 Loading class java/security/spec/InvalidKeySpecException
Event: 1372.928 Loading class java/security/spec/InvalidKeySpecException done
Event: 1372.929 Loading class javax/crypto/NoSuchPaddingException
Event: 1372.930 Loading class javax/crypto/NoSuchPaddingException done
Event: 1372.930 Loading class javax/crypto/IllegalBlockSizeException
Event: 1372.931 Loading class javax/crypto/IllegalBlockSizeException done
Event: 1372.932 Loading class javax/crypto/BadPaddingException
Event: 1372.933 Loading class javax/crypto/BadPaddingException done
Event: 3514.577 Loading class java/rmi/server/UnicastRemoteObject
Event: 3514.610 Loading class java/rmi/server/UnicastRemoteObject done
Event: 3514.611 Loading class java/util/Vector$1
Event: 3514.620 Loading class java/util/Vector$1 done
Event: 12258.655 Loading class java/util/concurrent/locks/AbstractQueuedSynchronizer$SharedNode
Event: 12258.661 Loading class java/util/concurrent/locks/AbstractQueuedSynchronizer$SharedNode done
Event: 12258.813 Loading class java/util/AbstractMap$2
Event: 12258.816 Loading class java/util/AbstractMap$2 done
Event: 12258.829 Loading class java/util/AbstractMap$ValueIterator
Event: 12258.832 Loading class java/util/AbstractMap$ValueIterator done

Classes unloaded (20 events):
Event: 2314.922 Thread 0x0000025b40cefb90 Unloading class 0x0000025b42a5a000 'java/lang/invoke/LambdaForm$MH+0x0000025b42a5a000'
Event: 2314.922 Thread 0x0000025b40cefb90 Unloading class 0x0000025b42a59c00 'java/lang/invoke/LambdaForm$MH+0x0000025b42a59c00'
Event: 2314.923 Thread 0x0000025b40cefb90 Unloading class 0x0000025b42a59800 'java/lang/invoke/LambdaForm$MH+0x0000025b42a59800'
Event: 2314.923 Thread 0x0000025b40cefb90 Unloading class 0x0000025b42a59400 'java/lang/invoke/LambdaForm$MH+0x0000025b42a59400'
Event: 2314.923 Thread 0x0000025b40cefb90 Unloading class 0x0000025b42a58800 'java/lang/invoke/LambdaForm$MH+0x0000025b42a58800'
Event: 2314.923 Thread 0x0000025b40cefb90 Unloading class 0x0000025b42a58400 'java/lang/invoke/LambdaForm$MH+0x0000025b42a58400'
Event: 2314.923 Thread 0x0000025b40cefb90 Unloading class 0x0000025b42a58000 'java/lang/invoke/LambdaForm$MH+0x0000025b42a58000'
Event: 2314.923 Thread 0x0000025b40cefb90 Unloading class 0x0000025b42a48800 'java/lang/invoke/LambdaForm$DMH+0x0000025b42a48800'
Event: 2314.923 Thread 0x0000025b40cefb90 Unloading class 0x0000025b42a48000 'java/lang/invoke/LambdaForm$MH+0x0000025b42a48000'
Event: 9969.914 Thread 0x0000025b40cefb90 Unloading class 0x0000025b42a38400 'java/lang/invoke/LambdaForm$MH+0x0000025b42a38400'
Event: 11310.562 Thread 0x0000025b40cefb90 Unloading class 0x0000025b429dc800 'java/lang/invoke/LambdaForm$MH+0x0000025b429dc800'
Event: 11310.562 Thread 0x0000025b40cefb90 Unloading class 0x0000025b429de000 'java/lang/invoke/LambdaForm$MH+0x0000025b429de000'
Event: 11310.562 Thread 0x0000025b40cefb90 Unloading class 0x0000025b429ec000 'java/lang/invoke/LambdaForm$MH+0x0000025b429ec000'
Event: 11310.562 Thread 0x0000025b40cefb90 Unloading class 0x0000025b429f8800 'java/lang/invoke/LambdaForm$MH+0x0000025b429f8800'
Event: 11310.563 Thread 0x0000025b40cefb90 Unloading class 0x0000025b42a34800 'java/lang/invoke/LambdaForm$MH+0x0000025b42a34800'
Event: 11310.563 Thread 0x0000025b40cefb90 Unloading class 0x0000025b42a48000 'java/lang/invoke/LambdaForm$MH+0x0000025b42a48000'
Event: 11310.563 Thread 0x0000025b40cefb90 Unloading class 0x0000025b42a58800 'java/lang/invoke/LambdaForm$MH+0x0000025b42a58800'
Event: 11310.563 Thread 0x0000025b40cefb90 Unloading class 0x0000025b42a59400 'java/lang/invoke/LambdaForm$MH+0x0000025b42a59400'
Event: 11310.563 Thread 0x0000025b40cefb90 Unloading class 0x0000025b42a5a000 'java/lang/invoke/LambdaForm$MH+0x0000025b42a5a000'
Event: 11310.563 Thread 0x0000025b40cefb90 Unloading class 0x0000025b42a5ac00 'java/lang/invoke/LambdaForm$MH+0x0000025b42a5ac00'

Classes redefined (0 events):
No events

Internal exceptions (20 events):
Event: 5.186 Thread 0x0000025b86fbae70 Exception <a 'java/lang/NoSuchMethodError'{0x0000000089990e08}: 'java.lang.Object java.lang.invoke.DelegatingMethodHandle$Holder.delegate(java.lang.Object, int, java.lang.Object, java.lang.Object)'> (0x0000000089990e08) 
thrown [s\open\src\hotspot\share\interpreter\linkResolver.cpp, line 796]
Event: 5.187 Thread 0x0000025b86fbae70 Exception <a 'java/lang/NoSuchMethodError'{0x00000000899a0ca8}: 'int java.lang.invoke.Invokers$Holder.linkToTargetMethod(java.lang.Object, java.lang.Object, java.lang.Object)'> (0x00000000899a0ca8) 
thrown [s\open\src\hotspot\share\interpreter\linkResolver.cpp, line 796]
Event: 5.224 Thread 0x0000025b86fbae70 Exception <a 'java/lang/IncompatibleClassChangeError'{0x0000000087fe6470}: Found class java.lang.Object, but interface was expected> (0x0000000087fe6470) 
thrown [s\open\src\hotspot\share\interpreter\linkResolver.cpp, line 863]
Event: 5.283 Thread 0x0000025b86fbae70 Exception <a 'java/lang/NoSuchMethodError'{0x0000000087b870b8}: 'int java.lang.invoke.DirectMethodHandle$Holder.invokeStaticInit(java.lang.Object, java.lang.Object, java.lang.Object, java.lang.Object)'> (0x0000000087b870b8) 
thrown [s\open\src\hotspot\share\interpreter\linkResolver.cpp, line 796]
Event: 5.319 Thread 0x0000025b86fbae70 Exception <a 'java/lang/IncompatibleClassChangeError'{0x0000000087859358}: Found class java.lang.Object, but interface was expected> (0x0000000087859358) 
thrown [s\open\src\hotspot\share\interpreter\linkResolver.cpp, line 863]
Event: 5.416 Thread 0x0000025b86fbae70 Exception <a 'java/lang/NoSuchMethodError'{0x000000008ca6cb58}: 'void java.lang.invoke.DirectMethodHandle$Holder.invokeSpecial(java.lang.Object, java.lang.Object, int, java.lang.Object, java.lang.Object, java.lang.Object, java.lang.Object)'> (0x000000008ca6cb58) 
thrown [s\open\src\hotspot\share\interpreter\linkResolver.cpp, line 796]
Event: 5.417 Thread 0x0000025b86fbae70 Exception <a 'java/lang/NoSuchMethodError'{0x000000008ca73e90}: 'java.lang.Object java.lang.invoke.DirectMethodHandle$Holder.newInvokeSpecial(java.lang.Object, java.lang.Object, int, java.lang.Object, java.lang.Object)'> (0x000000008ca73e90) 
thrown [s\open\src\hotspot\share\interpreter\linkResolver.cpp, line 796]
Event: 165.558 Thread 0x0000025b889805d0 Exception <a 'java/lang/NoSuchMethodError'{0x0000000087efbeb0}: 'java.lang.Object java.lang.invoke.DirectMethodHandle$Holder.invokeStatic(java.lang.Object, java.lang.Object, java.lang.Object, int, int)'> (0x0000000087efbeb0) 
thrown [s\open\src\hotspot\share\interpreter\linkResolver.cpp, line 796]
Event: 165.569 Thread 0x0000025b889805d0 Exception <a 'java/lang/NoSuchMethodError'{0x0000000087eff6d0}: 'java.lang.Object java.lang.invoke.DirectMethodHandle$Holder.invokeStaticInit(java.lang.Object, java.lang.Object, java.lang.Object, int, int)'> (0x0000000087eff6d0) 
thrown [s\open\src\hotspot\share\interpreter\linkResolver.cpp, line 796]
Event: 165.962 Thread 0x0000025b8897b710 Exception <a 'java/lang/NoSuchMethodError'{0x0000000087c4c4a0}: 'java.lang.Object java.lang.invoke.DirectMethodHandle$Holder.invokeSpecial(java.lang.Object, java.lang.Object, java.lang.Object, java.lang.Object, java.lang.Object, long)'> (0x0000000087c4c4a0) 
thrown [s\open\src\hotspot\share\interpreter\linkResolver.cpp, line 796]
Event: 165.962 Thread 0x0000025b8897b710 Exception <a 'java/lang/NoSuchMethodError'{0x0000000087c4fc88}: 'java.lang.Object java.lang.invoke.Invokers$Holder.linkToTargetMethod(java.lang.Object, java.lang.Object, java.lang.Object, long, java.lang.Object)'> (0x0000000087c4fc88) 
thrown [s\open\src\hotspot\share\interpreter\linkResolver.cpp, line 796]
Event: 166.645 Thread 0x0000025b8897b080 Exception <a 'java/lang/IncompatibleClassChangeError'{0x000000008cb319f0}: Found class java.lang.Object, but interface was expected> (0x000000008cb319f0) 
thrown [s\open\src\hotspot\share\interpreter\linkResolver.cpp, line 863]
Event: 166.646 Thread 0x0000025b8897b710 Exception <a 'java/lang/IncompatibleClassChangeError'{0x000000008cb23398}: Found class java.lang.Object, but interface was expected> (0x000000008cb23398) 
thrown [s\open\src\hotspot\share\interpreter\linkResolver.cpp, line 863]
Event: 166.873 Thread 0x0000025b8897b710 Exception <a 'java/lang/IncompatibleClassChangeError'{0x000000008ca3db50}: Found class java.lang.Object, but interface was expected> (0x000000008ca3db50) 
thrown [s\open\src\hotspot\share\interpreter\linkResolver.cpp, line 863]
Event: 166.899 Thread 0x0000025b8897b080 Exception <a 'java/lang/IncompatibleClassChangeError'{0x000000008caa9e20}: Found class java.lang.Object, but interface was expected> (0x000000008caa9e20) 
thrown [s\open\src\hotspot\share\interpreter\linkResolver.cpp, line 863]
Event: 901.093 Thread 0x0000025b8707e190 Exception <a 'java/lang/NoSuchMethodError'{0x0000000087da05b8}: static [B.<clinit>()V> (0x0000000087da05b8) 
thrown [s\open\src\hotspot\share\prims\jni.cpp, line 1111]
Event: 3515.605 Thread 0x0000025b8707e190 Exception <a 'java/lang/NoSuchMethodError'{0x0000000087d06dd8}: static [Ljava/lang/StackTraceElement;.<clinit>()V> (0x0000000087d06dd8) 
thrown [s\open\src\hotspot\share\prims\jni.cpp, line 1111]
Event: 3515.913 Thread 0x0000025b8897cac0 Exception <a 'java/lang/NoSuchMethodError'{0x0000000087d775a8}: static [Ljava/lang/Integer;.<clinit>()V> (0x0000000087d775a8) 
thrown [s\open\src\hotspot\share\prims\jni.cpp, line 1111]
Event: 10005.830 Thread 0x0000025b8707e190 Exception <a 'java/lang/NoSuchMethodError'{0x000000008cad9de0}: static [B.<clinit>()V> (0x000000008cad9de0) 
thrown [s\open\src\hotspot\share\prims\jni.cpp, line 1111]
Event: 12259.035 Thread 0x0000025b870b54f0 Exception <a 'java/lang/InterruptedException'{0x000000008cb00040}: sleep interrupted> (0x000000008cb00040) 
thrown [s\open\src\hotspot\share\prims\jvm.cpp, line 3093]

VM Operations (20 events):
Event: 9970.195 Executing VM operation: G1PauseCleanup done
Event: 10473.449 Executing VM operation: G1CollectForAllocation (G1 Evacuation Pause)
Event: 10473.488 Executing VM operation: G1CollectForAllocation (G1 Evacuation Pause) done
Event: 10989.878 Executing VM operation: G1CollectForAllocation (G1 Evacuation Pause)
Event: 10989.950 Executing VM operation: G1CollectForAllocation (G1 Evacuation Pause) done
Event: 11228.726 Executing VM operation: HandshakeAllThreads (HandshakeForDeflation)
Event: 11228.727 Executing VM operation: HandshakeAllThreads (HandshakeForDeflation) done
Event: 11228.727 Executing VM operation: RendezvousGCThreads
Event: 11228.727 Executing VM operation: RendezvousGCThreads done
Event: 11310.445 Executing VM operation: G1CollectForAllocation (G1 Evacuation Pause)
Event: 11310.471 Executing VM operation: G1CollectForAllocation (G1 Evacuation Pause) done
Event: 11310.561 Executing VM operation: G1PauseRemark
Event: 11310.655 Executing VM operation: G1PauseRemark done
Event: 11310.671 Executing VM operation: G1PauseCleanup
Event: 11310.684 Executing VM operation: G1PauseCleanup done
Event: 11812.446 Executing VM operation: G1CollectForAllocation (G1 Evacuation Pause)
Event: 11812.492 Executing VM operation: G1CollectForAllocation (G1 Evacuation Pause) done
Event: 12259.014 Executing VM operation: G1CollectForAllocation (G1 Evacuation Pause)
Event: 12259.034 Executing VM operation: G1CollectForAllocation (G1 Evacuation Pause) done
Event: 12259.039 Executing VM operation: G1CollectFull (System.gc())

Memory protections (0 events):
No events

Nmethod flushes (20 events):
Event: 11310.651 Thread 0x0000025b40cefb90 flushing  nmethod 0x0000025b3926d088
Event: 11310.651 Thread 0x0000025b40cefb90 flushing  nmethod 0x0000025b39476708
Event: 11310.651 Thread 0x0000025b40cefb90 flushing  nmethod 0x0000025b38ec8188
Event: 11310.651 Thread 0x0000025b40cefb90 flushing  nmethod 0x0000025b3903ef08
Event: 11310.651 Thread 0x0000025b40cefb90 flushing  nmethod 0x0000025b392a8988
Event: 11310.651 Thread 0x0000025b40cefb90 flushing  nmethod 0x0000025b392b6808
Event: 11310.651 Thread 0x0000025b40cefb90 flushing  nmethod 0x0000025b38c39688
Event: 11310.651 Thread 0x0000025b40cefb90 flushing  nmethod 0x0000025b390df608
Event: 11310.651 Thread 0x0000025b40cefb90 flushing  nmethod 0x0000025b38d4cf88
Event: 11310.651 Thread 0x0000025b40cefb90 flushing  nmethod 0x0000025b38d4d288
Event: 11310.651 Thread 0x0000025b40cefb90 flushing  nmethod 0x0000025b38d4d588
Event: 11310.651 Thread 0x0000025b40cefb90 flushing  nmethod 0x0000025b38d4db88
Event: 11310.651 Thread 0x0000025b40cefb90 flushing  nmethod 0x0000025b38d4de88
Event: 11310.651 Thread 0x0000025b40cefb90 flushing  nmethod 0x0000025b38d4e188
Event: 11310.651 Thread 0x0000025b40cefb90 flushing  nmethod 0x0000025b38dbc188
Event: 11310.651 Thread 0x0000025b40cefb90 flushing  nmethod 0x0000025b38ecd508
Event: 11310.651 Thread 0x0000025b40cefb90 flushing  nmethod 0x0000025b3912e288
Event: 11310.651 Thread 0x0000025b40cefb90 flushing  nmethod 0x0000025b391b9d88
Event: 11310.651 Thread 0x0000025b40cefb90 flushing  nmethod 0x0000025b3920dd08
Event: 11310.652 Thread 0x0000025b40cefb90 flushing  nmethod 0x0000025b3924a508

Events (20 events):
Event: 12258.653 Thread 0x0000025b86b225b0 Thread added: 0x0000025b86b21890
Event: 12258.703 Thread 0x0000025b86b21890 Thread exited: 0x0000025b86b21890
Event: 12258.710 Thread 0x0000025b889805d0 Thread exited: 0x0000025b889805d0
Event: 12258.715 Thread 0x0000025b889826a0 Thread exited: 0x0000025b889826a0
Event: 12258.720 Thread 0x0000025b8897c430 Thread exited: 0x0000025b8897c430
Event: 12258.721 Thread 0x0000025b8897d150 Thread exited: 0x0000025b8897d150
Event: 12258.721 Thread 0x0000025b8897f8b0 Thread exited: 0x0000025b8897f8b0
Event: 12258.721 Thread 0x0000025b8897eb90 Thread exited: 0x0000025b8897eb90
Event: 12258.721 Thread 0x0000025b8897ff40 Thread exited: 0x0000025b8897ff40
Event: 12258.721 Thread 0x0000025b8897b080 Thread exited: 0x0000025b8897b080
Event: 12258.721 Thread 0x0000025b8897b710 Thread exited: 0x0000025b8897b710
Event: 12258.721 Thread 0x0000025b88982010 Thread exited: 0x0000025b88982010
Event: 12258.721 Thread 0x0000025b8897e500 Thread exited: 0x0000025b8897e500
Event: 12258.721 Thread 0x0000025b8897f220 Thread exited: 0x0000025b8897f220
Event: 12258.877 Thread 0x0000025b86b225b0 Thread added: 0x0000025b86b21200
Event: 12258.880 Thread 0x0000025b870b4e60 Thread exited: 0x0000025b870b4e60
Event: 12258.887 Thread 0x0000025b86b21200 Thread exited: 0x0000025b86b21200
Event: 12259.006 Thread 0x0000025b870b4140 Thread exited: 0x0000025b870b4140
Event: 12259.006 Thread 0x0000025b870b6210 Thread exited: 0x0000025b870b6210
Event: 12259.035 Thread 0x0000025b870b54f0 Thread exited: 0x0000025b870b54f0


Dynamic libraries:
0x00007ff6b6b10000 - 0x00007ff6b6b20000 	C:\Program Files\Java\jdk-23\bin\javaw.exe
0x00007ffd174a0000 - 0x00007ffd17708000 	C:\WINDOWS\SYSTEM32\ntdll.dll
0x00007ffcfed70000 - 0x00007ffcfed90000 	C:\Program Files\Avast Software\Avast\aswhook.dll
0x00007ffd15a10000 - 0x00007ffd15ad9000 	C:\WINDOWS\System32\KERNEL32.DLL
0x00007ffd148e0000 - 0x00007ffd14cd8000 	C:\WINDOWS\System32\KERNELBASE.dll
0x00007ffd0e910000 - 0x00007ffd0e9af000 	C:\WINDOWS\SYSTEM32\apphelp.dll
0x00007ffd14e40000 - 0x00007ffd14f8b000 	C:\WINDOWS\System32\ucrtbase.dll
0x00007ffcd2ca0000 - 0x00007ffcd2cbb000 	C:\Program Files\Java\jdk-23\bin\VCRUNTIME140.dll
0x00007ffc9c080000 - 0x00007ffc9c097000 	C:\Program Files\Java\jdk-23\bin\jli.dll
0x00007ffd15cc0000 - 0x00007ffd15e87000 	C:\WINDOWS\System32\USER32.dll
0x00007ffcf2e50000 - 0x00007ffcf30e4000 	C:\WINDOWS\WinSxS\amd64_microsoft.windows.common-controls_6595b64144ccf1df_6.0.26100.7019_none_3e06ffa0e335b8a8\COMCTL32.dll
0x00007ffd14ce0000 - 0x00007ffd14d07000 	C:\WINDOWS\System32\win32u.dll
0x00007ffd15940000 - 0x00007ffd159e9000 	C:\WINDOWS\System32\msvcrt.dll
0x00007ffd15240000 - 0x00007ffd1526b000 	C:\WINDOWS\System32\GDI32.dll
0x00007ffd14d10000 - 0x00007ffd14e3c000 	C:\WINDOWS\System32\gdi32full.dll
0x00007ffd145f0000 - 0x00007ffd14693000 	C:\WINDOWS\System32\msvcp_win.dll
0x00007ffd16cc0000 - 0x00007ffd16cf1000 	C:\WINDOWS\System32\IMM32.DLL
0x00007ffcfad00000 - 0x00007ffcfad0c000 	C:\Program Files\Java\jdk-23\bin\vcruntime140_1.dll
0x00007ffc961a0000 - 0x00007ffc9622e000 	C:\Program Files\Java\jdk-23\bin\msvcp140.dll
0x00007ffc38820000 - 0x00007ffc3956f000 	C:\Program Files\Java\jdk-23\bin\server\jvm.dll
0x00007ffd160b0000 - 0x00007ffd16164000 	C:\WINDOWS\System32\ADVAPI32.dll
0x00007ffd15770000 - 0x00007ffd15816000 	C:\WINDOWS\System32\sechost.dll
0x00007ffd15270000 - 0x00007ffd15388000 	C:\WINDOWS\System32\RPCRT4.dll
0x00007ffd15e90000 - 0x00007ffd15f04000 	C:\WINDOWS\System32\WS2_32.dll
0x00007ffd02ea0000 - 0x00007ffd02eab000 	C:\WINDOWS\SYSTEM32\VERSION.dll
0x00007ffd09db0000 - 0x00007ffd09de5000 	C:\WINDOWS\SYSTEM32\WINMM.dll
0x00007ffd14440000 - 0x00007ffd1449e000 	C:\WINDOWS\SYSTEM32\POWRPROF.dll
0x00007ffd14420000 - 0x00007ffd14434000 	C:\WINDOWS\SYSTEM32\UMPDC.dll
0x00007ffd133b0000 - 0x00007ffd133cb000 	C:\WINDOWS\SYSTEM32\kernel.appcore.dll
0x00007ffcc2f70000 - 0x00007ffcc2f7a000 	C:\Program Files\Java\jdk-23\bin\jimage.dll
0x00007ffd11d90000 - 0x00007ffd11fd2000 	C:\WINDOWS\SYSTEM32\DBGHELP.DLL
0x00007ffd153e0000 - 0x00007ffd1576b000 	C:\WINDOWS\System32\combase.dll
0x00007ffd15f10000 - 0x00007ffd15fe7000 	C:\WINDOWS\System32\OLEAUT32.dll
0x00007ffd02b50000 - 0x00007ffd02b8c000 	C:\WINDOWS\SYSTEM32\dbgcore.DLL
0x00007ffd15190000 - 0x00007ffd15235000 	C:\WINDOWS\System32\bcryptPrimitives.dll
0x00007ffc9b6b0000 - 0x00007ffc9b6ce000 	C:\Program Files\Java\jdk-23\bin\java.dll
0x00007ffd16170000 - 0x00007ffd16307000 	C:\WINDOWS\System32\ole32.dll
0x00007ffd16d00000 - 0x00007ffd1744f000 	C:\WINDOWS\System32\SHELL32.dll
0x00007ffd14f90000 - 0x00007ffd150fb000 	C:\WINDOWS\System32\wintypes.dll
0x00007ffd12230000 - 0x00007ffd12a8d000 	C:\WINDOWS\SYSTEM32\windows.storage.dll
0x00007ffd15840000 - 0x00007ffd15932000 	C:\WINDOWS\System32\SHCORE.dll
0x00007ffd16390000 - 0x00007ffd163f7000 	C:\WINDOWS\System32\shlwapi.dll
0x00007ffd14510000 - 0x00007ffd14539000 	C:\WINDOWS\SYSTEM32\profapi.dll
0x00007ffcc1700000 - 0x00007ffcc1710000 	C:\Program Files\Java\jdk-23\bin\net.dll
0x00007ffd13920000 - 0x00007ffd1398b000 	C:\WINDOWS\system32\mswsock.dll
0x00007ffc97a90000 - 0x00007ffc97aa6000 	C:\Program Files\Java\jdk-23\bin\nio.dll
0x00007ffc999b0000 - 0x00007ffc999c7000 	C:\Program Files\Java\jdk-23\bin\zip.dll
0x00007ffcf3280000 - 0x00007ffcf328a000 	C:\Program Files\Java\jdk-23\bin\management.dll
0x00007ffcf3270000 - 0x00007ffcf327b000 	C:\Program Files\Java\jdk-23\bin\management_ext.dll
0x00007ffd15a00000 - 0x00007ffd15a08000 	C:\WINDOWS\System32\PSAPI.DLL
0x00007ffce6d80000 - 0x00007ffce6d98000 	C:\WINDOWS\system32\napinsp.dll
0x00007ffd12f50000 - 0x00007ffd1307c000 	C:\WINDOWS\SYSTEM32\DNSAPI.dll
0x00007ffd12f10000 - 0x00007ffd12f44000 	C:\WINDOWS\SYSTEM32\IPHLPAPI.DLL
0x00007ffd15390000 - 0x00007ffd1539a000 	C:\WINDOWS\System32\NSI.dll
0x00007ffce6d60000 - 0x00007ffce6d72000 	C:\WINDOWS\System32\winrnr.dll
0x00007ffce6d30000 - 0x00007ffce6d52000 	C:\WINDOWS\system32\nlansp_c.dll
0x00007ffce6d10000 - 0x00007ffce6d26000 	C:\WINDOWS\system32\wshbth.dll
0x00007ffd04590000 - 0x00007ffd0459b000 	C:\Windows\System32\rasadhlp.dll
0x00007ffd0c510000 - 0x00007ffd0c596000 	C:\WINDOWS\System32\fwpuclnt.dll
0x00007ffd13be0000 - 0x00007ffd13bfb000 	C:\WINDOWS\SYSTEM32\CRYPTSP.dll
0x00007ffd13310000 - 0x00007ffd1334a000 	C:\WINDOWS\system32\rsaenh.dll
0x00007ffd139d0000 - 0x00007ffd139fb000 	C:\WINDOWS\SYSTEM32\USERENV.dll
0x00007ffd144e0000 - 0x00007ffd1450a000 	C:\WINDOWS\SYSTEM32\bcrypt.dll
0x00007ffd13c00000 - 0x00007ffd13c0c000 	C:\WINDOWS\SYSTEM32\CRYPTBASE.dll
0x00007ffcce510000 - 0x00007ffcce519000 	C:\Program Files\Java\jdk-23\bin\extnet.dll
0x00007ffcc0230000 - 0x00007ffcc023e000 	C:\Program Files\Java\jdk-23\bin\sunmscapi.dll
0x00007ffd14760000 - 0x00007ffd148d7000 	C:\WINDOWS\System32\CRYPT32.dll
0x00007ffd13e00000 - 0x00007ffd13e30000 	C:\WINDOWS\SYSTEM32\ncrypt.dll
0x00007ffd13db0000 - 0x00007ffd13def000 	C:\WINDOWS\SYSTEM32\NTASN1.dll
0x00007ffcc0d00000 - 0x00007ffcc0d10000 	C:\Program Files\Java\jdk-23\bin\verify.dll
0x00007ffcdacb0000 - 0x00007ffcdacb8000 	C:\WINDOWS\system32\wshunix.dll

dbghelp: loaded successfully - version: 4.0.5 - missing functions: none
symbol engine: initialized successfully - sym options: 0x614 - pdb path: .;C:\Program Files\Java\jdk-23\bin;C:\WINDOWS\SYSTEM32;C:\Program Files\Avast Software\Avast;C:\WINDOWS\WinSxS\amd64_microsoft.windows.common-controls_6595b64144ccf1df_6.0.26100.7019_none_3e06ffa0e335b8a8;C:\Program Files\Java\jdk-23\bin\server

VM Arguments:
jvm_args: -Dcom.sun.management.jmxremote -Dcom.sun.management.jmxremote.port=49877 -Dcom.sun.management.jmxremote.authenticate=false -Dcom.sun.management.jmxremote.ssl=false -Djava.rmi.server.hostname=localhost -Dspring.jmx.enabled=true -Dmanagement.endpoints.jmx.exposure.include=* -Dspring.application.admin.enabled=true -Dspring.output.ansi.enabled=always -XX:TieredStopAtLevel=1 -Dspring.boot.project.name=LogInMySQL2508App -Dfile.encoding=UTF-8 -Dstdout.encoding=UTF-8 -Dstderr.encoding=UTF-8 -XX:+ShowCodeDetailsInExceptionMessages 
java_command: com.khan.LogInMySQL2508App.LogInMySQL2508AppApplication
java_class_path (initial): D:\Work\ubuntu_practice\java\spring_boot\LogInMySQL2508App\target\classes;C:\Users\HP\.p2\pool\plugins\junit-jupiter-api_5.12.2.jar;C:\Users\HP\.p2\pool\plugins\junit-jupiter-engine_5.12.2.jar;C:\Users\HP\.p2\pool\plugins\junit-jupiter-migrationsupport_5.12.2.jar;C:\Users\HP\.p2\pool\plugins\junit-jupiter-params_5.12.2.jar;C:\Users\HP\.p2\pool\plugins\junit-platform-commons_1.12.2.jar;C:\Users\HP\.p2\pool\plugins\junit-platform-engine_1.12.2.jar;C:\Users\HP\.p2\pool\plugins\junit-platform-launcher_1.12.2.jar;C:\Users\HP\.p2\pool\plugins\junit-platform-runner_1.12.2.jar;C:\Users\HP\.p2\pool\plugins\junit-platform-suite-api_1.12.2.jar;C:\Users\HP\.p2\pool\plugins\junit-platform-suite-engine_1.12.2.jar;C:\Users\HP\.p2\pool\plugins\junit-platform-suite-commons_1.12.2.jar;C:\Users\HP\.p2\pool\plugins\junit-vintage-engine_5.12.2.jar;C:\Users\HP\.p2\pool\plugins\org.opentest4j_1.3.0.jar;C:\Users\HP\.p2\pool\plugins\org.apiguardian.api_1.1.2.jar;C:\Users\HP\.p2\pool\plugins\org.junit_4.13.2.v20240929-1000.jar;C:\Users\HP\.p2\pool\plugins\org.hamcrest_3.0.0.jar;C:\Users\HP\.m2\repository\org\springframework\boot\spring-boot-starter-web\3.5.5\spring-boot-starter-web-3.5.5.jar;C:\Users\HP\.m2\repository\org\springframework\boot\spring-boot-starter\3.5.5\spring-boot-starter-3.5.5.jar;C:\Users\HP\.m2\repository\org\springframework\boot\spring-boot-starter-logging\3.5.5\spring-boot-starter-logging-3.5.5.jar;C:\Users\HP\.m2\repository\ch\qos\logback\logback-classic\1.5.18\logback-classic-1.5.18.jar;C:\Users\HP\.m2\repository\ch\qos\logback\logback-core\1.5.18\logback-core-1.5.18.jar;C:\Users\HP\.m2\repository\org\apache\logging\log4j\log4j-to-slf4j\2.24.3\log4j-to-slf4j-2.24.3.jar;C:\Users\HP\.m2\repository\org\apache\logging\log4j\log4j-api\2.24.3\log4j-api-2.24.3.jar;C:\Users\HP\.m2\repository\org\slf4j\jul-to-slf4j\2.0.17\jul-to-slf4j-2.0.17.jar;C:\Users\HP\.m2\repository\jakarta\annotation\jakarta.annotation-api\2.1.1\jakarta.annotation-api-2.1.1.jar;C:\Users\HP\.m2\repository\org\yaml\snakeyaml\2.4\snakeyaml-2.4.jar;C:\Users\HP\.m2\repository\org\springframework\boot\spring-boot-starter-json\3.5.5\spring-boot-starter-json-3.5.5.jar;C:\Users\HP\.m2\repository\com\fasterxml\jackson\datatype\jackson-datatype-jdk8\2.19.2\jackson-datatype-jdk8-2.19.2.jar;C:\Users\HP\.m2\repository\com\fasterxml\jackson\datatype\jackson-datatype-jsr310\2.19.2\jackson-datatype-jsr310-2.19.2.jar;C:\Users\HP\.m2\repository\com\fasterxml\jackson\module\jackson-module-parameter-names\2.19.2\jackson-module-parameter-names-2.19.2.jar;C:\Users\HP\.m2\repository\org\springframework\boot\spring-boot-starter-tomcat\3.5.5\spring-boot-starter-tomcat-3.5.5.jar;C:\Users\HP\.m2\repository\org\apache\tomcat\embed\tomcat-embed-core\10.1.44\tomcat-embed-core-10.1.44.jar;C:\Users\HP\.m2\repository\org\apache\tomcat\embed\tomcat-embed-websocket\10.1.44\tomcat-embed-websocket-10.1.44.jar;C:\Users\HP\.m2\repository\org\springframework\spring-web\6.2.10\spring-web-6.2.10.jar;C:\Users\HP\.m2\repository\org\springframework\spring-beans\6.2.10\spring-beans-6.2.10.jar;C:\Users\HP\.m2\repository\io\micrometer\micrometer-observation\1.15.3\micrometer-observation-1.15.3.jar;C:\Users\HP\.m2\repository\io\micrometer\micrometer-commons\1.15.3\micrometer-commons-1.15.3.jar;C:\Users\HP\.m2\repository\org\springframework\spring-webmvc\6.2.10\spring-webmvc-6.2.10.jar;C:\Users\HP\.m2\repository\org\springframework\spring-aop\6.2.10\spring-aop-6.2.10.jar;C:\Users\HP\.m2\repository\org\springframework\spring-context\6.2.10\spring-context-6.2.10.jar;C:\Users\HP\.m2\repository\org\springframework\spring-expression\6.2.10\spring-expression-6.2.10.jar;C:\Users\HP\.m2\repository\org\springframework\boot\spring-boot-starter-data-jpa\3.5.5\spring-boot-starter-data-jpa-3.5.5.jar;C:\Users\HP\.m2\repository\org\springframework\boot\spring-boot-starter-jdbc\3.5.5\spring-boot-starter-jdbc-3.5.5.jar;C:\Users\HP\.m2\repository\com\zaxxer\HikariCP\6.3.2\HikariCP-6.3.2.jar;C:\Users\HP\.m2\repository\org\springframework\spring-jdbc\6.2.10\spring-jdbc-6.2.10.jar;C:\Users\HP\.m2\repository\org\hibernate\orm\hibernate-core\6.6.26.Final\hibernate-core-6.6.26.Final.jar;C:\Users\HP\.m2\repository\jakarta\persistence\jakarta.persistence-api\3.1.0\jakarta.persistence-api-3.1.0.jar;C:\Users\HP\.m2\repository\jakarta\transaction\jakarta.transaction-api\2.0.1\jakarta.transaction-api-2.0.1.jar;C:\Users\HP\.m2\repository\org\jboss\logging\jboss-logging\3.6.1.Final\jboss-logging-3.6.1.Final.jar;C:\Users\HP\.m2\repository\org\hibernate\common\hibernate-commons-annotations\7.0.3.Final\hibernate-commons-annotations-7.0.3.Final.jar;C:\Users\HP\.m2\repository\io\smallrye\jandex\3.2.0\jandex-3.2.0.jar;C:\Users\HP\.m2\repository\com\fasterxml\classmate\1.7.0\classmate-1.7.0.jar;C:\Users\HP\.m2\repository\net\bytebuddy\byte-buddy\1.17.7\byte-buddy-1.17.7.jar;C:\Users\HP\.m2\repository\org\glassfish\jaxb\jaxb-runtime\4.0.5\jaxb-runtime-4.0.5.jar;C:\Users\HP\.m2\repository\org\glassfish\jaxb\jaxb-core\4.0.5\jaxb-core-4.0.5.jar;C:\Users\HP\.m2\repository\org\eclipse\angus\angus-activation\2.0.2\angus-activation-2.0.2.jar;C:\Users\HP\.m2\repository\org\glassfish\jaxb\txw2\4.0.5\txw2-4.0.5.jar;C:\Users\HP\.m2\repository\com\sun\istack\istack-commons-runtime\4.1.2\istack-commons-runtime-4.1.2.jar;C:\Users\HP\.m2\repository\jakarta\inject\jakarta.inject-api\2.0.1\jakarta.inject-api-2.0.1.jar;C:\Users\HP\.m2\repository\org\antlr\antlr4-runtime\4.13.0\antlr4-runtime-4.13.0.jar;C:\Users\HP\.m2\repository\org\springframework\data\spring-data-jpa\3.5.3\spring-data-jpa-3.5.3.jar;C:\Users\HP\.m2\repository\org\springframework\data\spring-data-commons\3.5.3\spring-data-commons-3.5.3.jar;C:\Users\HP\.m2\repository\org\springframework\spring-orm\6.2.10\spring-orm-6.2.10.jar;C:\Users\HP\.m2\repository\org\springframework\spring-tx\6.2.10\spring-tx-6.2.10.jar;C:\Users\HP\.m2\repository\org\slf4j\slf4j-api\2.0.17\slf4j-api-2.0.17.jar;C:\Users\HP\.m2\repository\org\springframework\spring-aspects\6.2.10\spring-aspects-6.2.10.jar;C:\Users\HP\.m2\repository\org\aspectj\aspectjweaver\1.9.24\aspectjweaver-1.9.24.jar;C:\Users\HP\.m2\repository\com\mysql\mysql-connector-j\9.4.0\mysql-connector-j-9.4.0.jar;C:\Users\HP\.m2\repository\org\projectlombok\lombok\1.18.38\lombok-1.18.38.jar;C:\Users\HP\.m2\repository\org\springframework\boot\spring-boot-starter-validation\3.5.5\spring-boot-starter-validation-3.5.5.jar;C:\Users\HP\.m2\repository\org\apache\tomcat\embed\tomcat-embed-el\10.1.44\tomcat-embed-el-10.1.44.jar;C:\Users\HP\.m2\repository\org\hibernate\validator\hibernate-validator\8.0.3.Final\hibernate-validator-8.0.3.Final.jar;C:\Users\HP\.m2\repository\jakarta\validation\jakarta.validation-api\3.0.2\jakarta.validation-api-3.0.2.jar;C:\Users\HP\.m2\repository\jakarta\xml\bind\jakarta.xml.bind-api\4.0.2\jakarta.xml.bind-api-4.0.2.jar;C:\Users\HP\.m2\repository\jakarta\activation\jakarta.activation-api\2.1.3\jakarta.activation-api-2.1.3.jar;C:\Users\HP\.m2\repository\org\springframework\spring-core\6.2.10\spring-core-6.2.10.jar;C:\Users\HP\.m2\repository\org\springframework\spring-jcl\6.2.10\spring-jcl-6.2.10.jar;C:\Users\HP\.m2\repository\org\springframework\boot\spring-boot-devtools\3.5.5\spring-boot-devtools-3.5.5.jar;C:\Users\HP\.m2\repository\org\springframework\boot\spring-boot\3.5.5\spring-boot-3.5.5.jar;C:\Users\HP\.m2\repository\org\springframework\boot\spring-boot-autoconfigure\3.5.5\spring-boot-autoconfigure-3.5.5.jar;C:\Users\HP\.m2\repository\org\springframework\security\spring-security-crypto\6.5.3\spring-security-crypto-6.5.3.jar;C:\Users\HP\.m2\repository\io\jsonwebtoken\jjwt-api\0.11.5\jjwt-api-0.11.5.jar;C:\Users\HP\.m2\repository\io\jsonwebtoken\jjwt-impl\0.11.5\jjwt-impl-0.11.5.jar;C:\Users\HP\.m2\repository\io\jsonwebtoken\jjwt-jackson\0.11.5\jjwt-jackson-0.11.5.jar;C:\Users\HP\.m2\repository\com\fasterxml\jackson\core\jackson-databind\2.19.2\jackson-databind-2.19.2.jar;C:\Users\HP\.m2\repository\com\fasterxml\jackson\core\jackson-annotations\2.19.2\jackson-annotations-2.19.2.jar;C:\Users\HP\.m2\repository\com\fasterxml\jackson\core\jackson-core\2.19.2\jackson-core-2.19.2.jar
Launcher Type: SUN_STANDARD

[Global flags]
     intx CICompilerCount                          = 4                                         {product} {ergonomic}
     uint ConcGCThreads                            = 2                                         {product} {ergonomic}
     uint G1ConcRefinementThreads                  = 8                                         {product} {ergonomic}
   size_t G1HeapRegionSize                         = 1048576                                   {product} {ergonomic}
   size_t InitialHeapSize                          = 130023424                                 {product} {ergonomic}
     bool ManagementServer                         = true                                      {product} {command line}
   size_t MarkStackSize                            = 4194304                                   {product} {ergonomic}
   size_t MarkStackSizeMax                         = 536870912                                 {product} {ergonomic}
   size_t MaxHeapSize                              = 2063597568                                {product} {ergonomic}
   size_t MaxNewSize                               = 1237319680                                {product} {ergonomic}
   size_t MinHeapDeltaBytes                        = 1048576                                   {product} {ergonomic}
   size_t MinHeapSize                              = 8388608                                   {product} {ergonomic}
    uintx NonNMethodCodeHeapSize                   = 4096                                   {pd product} {ergonomic}
    uintx NonProfiledCodeHeapSize                  = 0                                      {pd product} {ergonomic}
     bool ProfileInterpreter                       = false                                  {pd product} {command line}
    uintx ProfiledCodeHeapSize                     = 0                                      {pd product} {ergonomic}
     bool ShowCodeDetailsInExceptionMessages       = true                                   {manageable} {command line}
   size_t SoftMaxHeapSize                          = 2063597568                             {manageable} {ergonomic}
     intx TieredStopAtLevel                        = 1                                         {product} {command line}
     bool UseCompressedOops                        = true                           {product lp64_product} {ergonomic}
     bool UseG1GC                                  = true                                      {product} {ergonomic}
     bool UseLargePagesIndividualAllocation        = false                                  {pd product} {ergonomic}

Logging:
Log output configuration:
 #0: stdout all=warning uptime,level,tags foldmultilines=false
 #1: stderr all=off uptime,level,tags foldmultilines=false

Environment Variables:
JAVA_HOME=C:\Program Files\Java\jdk-23
PATH=C:\Program Files\Microsoft MPI\Bin\;C:\Program Files\Common Files\Oracle\Java\javapath;C:\Python312\Scripts\;C:\Python312\;C:\WINDOWS\system32;C:\WINDOWS;C:\WINDOWS\System32\Wbem;C:\WINDOWS\System32\WindowsPowerShell\v1.0\;C:\WINDOWS\System32\OpenSSH\;C:\Program Files\Git\cmd;C:\Program Files\Microsoft VS Code\bin;C:\ProgramData\chocolatey\bin;C:\Program Files\apache-maven-3.9.9\bin;C:\Program Files\Java\jdk-23\bin;C:\Program Files\nodejs\;C:\Program Files\Microsoft SQL Server\150\Tools\Binn\;C:\Program Files\Microsoft SQL Server\Client SDK\ODBC\170\Tools\Binn\;C:\Program Files (x86)\Microsoft SQL Server\160\Tools\Binn\;C:\Program Files\Microsoft SQL Server\160\Tools\Binn\;C:\Program Files\Microsoft SQL Server\160\DTS\Binn\;C:\Program Files (x86)\Microsoft SQL Server\160\DTS\Binn\;C:\Users\HP\AppData\Local\Microsoft\WindowsApps;C:\Program Files\JetBrains\IntelliJ IDEA Community Edition 2024.2.2\bin;C:\Users\HP\AppData\Local\Programs\Microsoft VS Code\bin;C:\Users\HP\AppData\Roaming\npm
USERNAME=HP
OS=Windows_NT
PROCESSOR_IDENTIFIER=Intel64 Family 6 Model 154 Stepping 4, GenuineIntel
TMP=C:\Users\HP\AppData\Local\Temp
TEMP=C:\Users\HP\AppData\Local\Temp




Periodic native trim disabled

---------------  S Y S T E M  ---------------

OS:
 Windows 11 , 64 bit Build 26100 (10.0.26100.7019)
OS uptime: 2 days 2:59 hours

CPU: total 8 (initial active 8) (4 cores per cpu, 2 threads per core) family 6 model 154 stepping 4 microcode 0x437, cx8, cmov, fxsr, ht, mmx, 3dnowpref, sse, sse2, sse3, ssse3, sse4.1, sse4.2, popcnt, lzcnt, tsc, tscinvbit, avx, avx2, aes, erms, clmul, bmi1, bmi2, adx, sha, fma, vzeroupper, clflush, clflushopt, clwb, serialize, rdtscp, rdpid, fsrm, gfni, f16c, pku, cet_ibt, cet_ss
Processor Information for processor 0
  Max Mhz: 1200, Current Mhz: 1200, Mhz Limit: 1200
Processor Information for processor 1
  Max Mhz: 1200, Current Mhz: 1200, Mhz Limit: 1200
Processor Information for processor 2
  Max Mhz: 1200, Current Mhz: 1200, Mhz Limit: 1200
Processor Information for processor 3
  Max Mhz: 1200, Current Mhz: 1200, Mhz Limit: 1200
Processor Information for processor 4
  Max Mhz: 1200, Current Mhz: 900, Mhz Limit: 900
Processor Information for processor 5
  Max Mhz: 1200, Current Mhz: 900, Mhz Limit: 900
Processor Information for processor 6
  Max Mhz: 1200, Current Mhz: 900, Mhz Limit: 900
Processor Information for processor 7
  Max Mhz: 1200, Current Mhz: 900, Mhz Limit: 900

Memory: 4k page, system-wide physical 7865M (494M free)
TotalPageFile size 25490M (AvailPageFile size 2M)
current process WorkingSet (physical memory assigned to process): 79M, peak: 223M
current process commit charge ("private bytes"): 269M, peak: 270M

vm_info: Java HotSpot(TM) 64-Bit Server VM (23.0.1+11-39) for windows-amd64 JRE (23.0.1+11-39), built on 2024-09-30T07:20:43Z with MS VC++ 17.6 (VS2022)

END.
