#
# There is insufficient memory for the Java Runtime Environment to continue.
# Native memory allocation (malloc) failed to allocate 1048576 bytes. Error detail: AllocateHeap
# Possible reasons:
#   The system is out of physical RAM or swap space
#   This process is running with CompressedOops enabled, and the Java Heap may be blocking the growth of the native heap
# Possible solutions:
#   Reduce memory load on the system
#   Increase physical memory or swap space
#   Check if swap backing store is full
#   Decrease Java heap size (-Xmx/-Xms)
#   Decrease number of Java threads
#   Decrease Java thread stack sizes (-Xss)
#   Set larger code cache with -XX:ReservedCodeCacheSize=
#   JVM is running with Unscaled Compressed Oops mode in which the Java heap is
#     placed in the first 4GB address space. The Java Heap base address is the
#     maximum limit for the native heap growth. Please use -XX:HeapBaseMinAddress
#     to set the Java Heap base and to place the Java Heap above 4GB virtual address.
# This output file may be truncated or incomplete.
#
#  Out of Memory Error (allocation.cpp:44), pid=27964, tid=19552
#
# JRE version: Java(TM) SE Runtime Environment (23.0.1+11) (build 23.0.1+11-39)
# Java VM: Java HotSpot(TM) 64-Bit Server VM (23.0.1+11-39, mixed mode, emulated-client, sharing, tiered, compressed oops, compressed class ptrs, g1 gc, windows-amd64)
# No core dump will be written. Minidumps are not enabled by default on client versions of Windows
#

---------------  S U M M A R Y ------------

Command Line: -Dcom.sun.management.jmxremote -Dcom.sun.management.jmxremote.port=54342 -Dcom.sun.management.jmxremote.authenticate=false -Dcom.sun.management.jmxremote.ssl=false -Djava.rmi.server.hostname=localhost -Dspring.jmx.enabled=true -Dmanagement.endpoints.jmx.exposure.include=* -Dspring.application.admin.enabled=true -Dspring.output.ansi.enabled=always -XX:TieredStopAtLevel=1 -Dspring.boot.project.name=LogInMySQL2508App -Dfile.encoding=UTF-8 -Dstdout.encoding=UTF-8 -Dstderr.encoding=UTF-8 -XX:+ShowCodeDetailsInExceptionMessages com.khan.LogInMySQL2508App.LogInMySQL2508AppApplication

Host: 12th Gen Intel(R) Core(TM) i3-1215U, 8 cores, 7G,  Windows 11 , 64 bit Build 26100 (10.0.26100.7019)
Time: Wed Dec  3 19:05:13 2025 Tokyo Standard Time elapsed time: 9649.704862 seconds (0d 2h 40m 49s)

---------------  T H R E A D  ---------------

Current thread (0x00000275f7aee160):  VMThread "VM Thread"          [id=19552, stack(0x000000eee6c00000,0x000000eee6d00000) (1024K)]

Stack: [0x000000eee6c00000,0x000000eee6d00000]
Native frames: (J=compiled Java code, j=interpreted, Vv=VM code, C=native code)
V  [jvm.dll+0x6e08b9]  (no source info available)
V  [jvm.dll+0x87dc83]  (no source info available)
V  [jvm.dll+0x88010e]  (no source info available)
V  [jvm.dll+0x8807e3]  (no source info available)
V  [jvm.dll+0x27aee6]  (no source info available)
V  [jvm.dll+0xb6a17]  (no source info available)
V  [jvm.dll+0x34547e]  (no source info available)
V  [jvm.dll+0x340219]  (no source info available)
V  [jvm.dll+0x3284e2]  (no source info available)
V  [jvm.dll+0x372bd4]  (no source info available)
V  [jvm.dll+0x886720]  (no source info available)
V  [jvm.dll+0x887a47]  (no source info available)
V  [jvm.dll+0x887f78]  (no source info available)
V  [jvm.dll+0x888213]  (no source info available)
V  [jvm.dll+0x824f8b]  (no source info available)
V  [jvm.dll+0x6df065]  (no source info available)
C  [ucrtbase.dll+0x37b0]  (no source info available)
C  [KERNEL32.DLL+0x2e8d7]  (no source info available)
C  [ntdll.dll+0x8c53c]  (no source info available)

VM_Operation (0x000000eee62ff030): G1CollectFull, mode: safepoint, requested by thread 0x00000275c8a0dc70


---------------  P R O C E S S  ---------------

Threads class SMR info:
_java_thread_list=0x00000275c8abf6a0, length=21, elements={
0x00000275f7b099f0, 0x00000275f7b0a450, 0x00000275f7b0bf60, 0x00000275f7b0d810,
0x00000275f7b138e0, 0x00000275f7b15320, 0x00000275f7b1a9c0, 0x00000275f7b13250,
0x00000275f7b12530, 0x00000275f7b12bc0, 0x00000275f7b13f70, 0x00000275f7b14600,
0x00000275f7b11ea0, 0x00000275c61d4940, 0x00000275c61d5660, 0x00000275c8a0f6b0,
0x00000275c8a0d5e0, 0x00000275c8a0f020, 0x00000275c8a0dc70, 0x00000275c688a8e0,
0x00000275c881fa00
}

Java Threads: ( => current thread )
  0x00000275f7b099f0 JavaThread "Reference Handler"          daemon [_thread_blocked, id=26928, stack(0x000000eee6d00000,0x000000eee6e00000) (1024K)]
  0x00000275f7b0a450 JavaThread "Finalizer"                  daemon [_thread_blocked, id=24084, stack(0x000000eee6e00000,0x000000eee6f00000) (1024K)]
  0x00000275f7b0bf60 JavaThread "Signal Dispatcher"          daemon [_thread_blocked, id=28344, stack(0x000000eee6f00000,0x000000eee7000000) (1024K)]
  0x00000275f7b0d810 JavaThread "Attach Listener"            daemon [_thread_blocked, id=26616, stack(0x000000eee7000000,0x000000eee7100000) (1024K)]
  0x00000275f7b138e0 JavaThread "Service Thread"             daemon [_thread_blocked, id=17852, stack(0x000000eee7100000,0x000000eee7200000) (1024K)]
  0x00000275f7b15320 JavaThread "Monitor Deflation Thread"   daemon [_thread_blocked, id=26064, stack(0x000000eee7200000,0x000000eee7300000) (1024K)]
  0x00000275f7b1a9c0 JavaThread "C1 CompilerThread0"         daemon [_thread_blocked, id=25480, stack(0x000000eee7300000,0x000000eee7400000) (1024K)]
  0x00000275f7b13250 JavaThread "Common-Cleaner"             daemon [_thread_blocked, id=20316, stack(0x000000eee7400000,0x000000eee7500000) (1024K)]
  0x00000275f7b12530 JavaThread "Notification Thread"        daemon [_thread_blocked, id=5416, stack(0x000000eee7800000,0x000000eee7900000) (1024K)]
  0x00000275f7b12bc0 JavaThread "RMI TCP Accept-0"           daemon [_thread_in_native, id=21852, stack(0x000000eee7900000,0x000000eee7a00000) (1024K)]
  0x00000275f7b13f70 JavaThread "RMI TCP Accept-54342"       daemon [_thread_in_native, id=6236, stack(0x000000eee7a00000,0x000000eee7b00000) (1024K)]
  0x00000275f7b14600 JavaThread "RMI TCP Accept-0"           daemon [_thread_in_native, id=18816, stack(0x000000eee7b00000,0x000000eee7c00000) (1024K)]
  0x00000275f7b11ea0 JavaThread "RMI Scheduler(0)"           daemon [_thread_blocked, id=26696, stack(0x000000eee8400000,0x000000eee8500000) (1024K)]
  0x00000275c61d4940 JavaThread "mysql-cj-abandoned-connection-cleanup" daemon [_thread_blocked, id=3636, stack(0x000000eee8d00000,0x000000eee8e00000) (1024K)]
  0x00000275c61d5660 JavaThread "Live Reload Server"         daemon [_thread_in_native, id=28024, stack(0x000000eee9300000,0x000000eee9400000) (1024K)]
  0x00000275c8a0f6b0 JavaThread "DestroyJavaVM"                     [_thread_blocked, id=27848, stack(0x000000eee6500000,0x000000eee6600000) (1024K)]
  0x00000275c8a0d5e0 JavaThread "RMI TCP Connection(idle)"   daemon [_thread_blocked, id=15612, stack(0x000000eee6400000,0x000000eee6500000) (1024K)]
  0x00000275c8a0f020 JavaThread "JMX server connection timeout 160" daemon [_thread_blocked, id=21760, stack(0x000000eee6300000,0x000000eee6400000) (1024K)]
  0x00000275c8a0dc70 JavaThread "Thread-5"                          [_thread_blocked, id=29968, stack(0x000000eee6200000,0x000000eee6300000) (1024K)]
  0x00000275c688a8e0 JavaThread "C1 CompilerThread1"         daemon [_thread_blocked, id=27144, stack(0x000000eee7500000,0x000000eee7600000) (1024K)]
  0x00000275c881fa00 JavaThread "C1 CompilerThread2"         daemon [_thread_blocked, id=12272, stack(0x000000eee7600000,0x000000eee7700000) (1024K)]
Total: 21

Other Threads:
=>0x00000275f7aee160 VMThread "VM Thread"                           [id=19552, stack(0x000000eee6c00000,0x000000eee6d00000) (1024K)]
  0x00000275f7ad6c20 WatcherThread "VM Periodic Task Thread"        [id=24836, stack(0x000000eee6b00000,0x000000eee6c00000) (1024K)]
  0x00000275e71f2330 WorkerThread "GC Thread#0"                     [id=8004, stack(0x000000eee6600000,0x000000eee6700000) (1024K)]
  0x00000275c5d1bfb0 WorkerThread "GC Thread#1"                     [id=28168, stack(0x000000eee7d00000,0x000000eee7e00000) (1024K)]
  0x00000275c5d43930 WorkerThread "GC Thread#2"                     [id=28444, stack(0x000000eee7e00000,0x000000eee7f00000) (1024K)]
  0x00000275c5d4ced0 WorkerThread "GC Thread#3"                     [id=25136, stack(0x000000eee7f00000,0x000000eee8000000) (1024K)]
  0x00000275c5d4d280 WorkerThread "GC Thread#4"                     [id=24952, stack(0x000000eee8000000,0x000000eee8100000) (1024K)]
  0x00000275c5d59650 WorkerThread "GC Thread#5"                     [id=22376, stack(0x000000eee8100000,0x000000eee8200000) (1024K)]
  0x00000275c5d59a00 WorkerThread "GC Thread#6"                     [id=11172, stack(0x000000eee8200000,0x000000eee8300000) (1024K)]
  0x00000275c5d5ddc0 WorkerThread "GC Thread#7"                     [id=18984, stack(0x000000eee8300000,0x000000eee8400000) (1024K)]
  0x00000275e7207620 ConcurrentGCThread "G1 Main Marker"            [id=4780, stack(0x000000eee6700000,0x000000eee6800000) (1024K)]
  0x00000275e7209700 WorkerThread "G1 Conc#0"                       [id=27020, stack(0x000000eee6800000,0x000000eee6900000) (1024K)]
  0x00000275c6499760 WorkerThread "G1 Conc#1"                       [id=15532, stack(0x000000eee8b00000,0x000000eee8c00000) (1024K)]
  0x00000275e723e900 ConcurrentGCThread "G1 Refine#0"               [id=11384, stack(0x000000eee6900000,0x000000eee6a00000) (1024K)]
  0x00000275f79a6600 ConcurrentGCThread "G1 Service"                [id=26956, stack(0x000000eee6a00000,0x000000eee6b00000) (1024K)]
Total: 15

Threads with active compile tasks:
Total: 0

VM state: at safepoint (normal execution)

VM Mutex/Monitor currently owned by a thread:  ([mutex/lock_event])
[0x00007ff991173910] Threads_lock - owner thread: 0x00000275f7aee160
[0x00007ff991173a10] Heap_lock - owner thread: 0x00000275c8a0dc70

Heap address: 0x0000000085000000, size: 1968 MB, Compressed Oops mode: 32-bit

CDS archive(s) mapped at: [0x0000027580000000-0x0000027580d70000-0x0000027580d70000), size 14090240, SharedBaseAddress: 0x0000027580000000, ArchiveRelocationMode: 1.
Compressed class space mapped at: 0x0000027581000000-0x00000275c1000000, reserved size: 1073741824
Narrow klass base: 0x0000027580000000, Narrow klass shift: 0, Narrow klass range: 0x41000000

GC Precious Log:
 CardTable entry size: 512
 Card Set container configuration: InlinePtr #cards 5 size 8 Array Of Cards #cards 10 size 36 Howl #buckets 4 coarsen threshold 1843 Howl Bitmap #cards 512 size 80 coarsen threshold 460 Card regions per heap region 1 cards per card region 2048
 CPUs: 8 total, 8 available
 Memory: 7865M
 Large Page Support: Disabled
 NUMA Support: Disabled
 Compressed Oops: Enabled (32-bit)
 Heap Region Size: 1M
 Heap Min Capacity: 8M
 Heap Initial Capacity: 124M
 Heap Max Capacity: 1968M
 Pre-touch: Disabled
 Parallel Workers: 8
 Concurrent Workers: 2
 Concurrent Refinement Workers: 8
 Periodic GC: Disabled

Heap:
 garbage-first heap   total reserved 2015232K, committed 63488K, used 39636K [0x0000000085000000, 0x0000000100000000)
  region size 1024K, 12 young (12288K), 2 survivors (2048K)
 Metaspace       used 72656K, committed 73280K, reserved 1114112K
  class space    used 10721K, committed 11008K, reserved 1048576K

Heap Regions: E=young(eden), S=young(survivor), O=old, HS=humongous(starts), HC=humongous(continues), CS=collection set, F=free, TAMS=top-at-mark-start, PB=parsable bottom
|   0|0x0000000085000000, 0x0000000085100000, 0x0000000085100000|100%|HS|  |TAMS 0x0000000085000000| PB 0x0000000085000000| Complete |  0
|   1|0x0000000085100000, 0x0000000085200000, 0x0000000085200000|100%|HS|  |TAMS 0x0000000085100000| PB 0x0000000085100000| Complete |  0
|   2|0x0000000085200000, 0x0000000085300000, 0x0000000085300000|100%| O|  |TAMS 0x0000000085200000| PB 0x0000000085200000| Untracked |  0
|   3|0x0000000085300000, 0x0000000085400000, 0x0000000085400000|100%| O|  |TAMS 0x0000000085300000| PB 0x0000000085300000| Untracked |  0
|   4|0x0000000085400000, 0x0000000085500000, 0x0000000085500000|100%| O|  |TAMS 0x0000000085400000| PB 0x0000000085400000| Untracked |  0
|   5|0x0000000085500000, 0x0000000085600000, 0x0000000085600000|100%| O|  |TAMS 0x0000000085500000| PB 0x0000000085500000| Untracked |  0
|   6|0x0000000085600000, 0x0000000085700000, 0x0000000085700000|100%| O|  |TAMS 0x0000000085600000| PB 0x0000000085600000| Untracked |  0
|   7|0x0000000085700000, 0x0000000085800000, 0x0000000085800000|100%| O|  |TAMS 0x0000000085700000| PB 0x0000000085700000| Untracked |  0
|   8|0x0000000085800000, 0x0000000085900000, 0x0000000085900000|100%| O|  |TAMS 0x0000000085800000| PB 0x0000000085800000| Untracked |  0
|   9|0x0000000085900000, 0x0000000085a00000, 0x0000000085a00000|100%| O|  |TAMS 0x0000000085900000| PB 0x0000000085900000| Untracked |  0
|  10|0x0000000085a00000, 0x0000000085a00000, 0x0000000085b00000|  0%| F|  |TAMS 0x0000000085a00000| PB 0x0000000085a00000| Untracked |  0
|  11|0x0000000085b00000, 0x0000000085c00000, 0x0000000085c00000|100%| O|  |TAMS 0x0000000085b00000| PB 0x0000000085b00000| Untracked |  0
|  12|0x0000000085c00000, 0x0000000085c00000, 0x0000000085d00000|  0%| F|  |TAMS 0x0000000085c00000| PB 0x0000000085c00000| Untracked |  0
|  13|0x0000000085d00000, 0x0000000085e00000, 0x0000000085e00000|100%| O|  |TAMS 0x0000000085d00000| PB 0x0000000085d00000| Untracked |  0
|  14|0x0000000085e00000, 0x0000000085f00000, 0x0000000085f00000|100%| O|  |TAMS 0x0000000085e00000| PB 0x0000000085e00000| Untracked |  0
|  15|0x0000000085f00000, 0x0000000086000000, 0x0000000086000000|100%| O|  |TAMS 0x0000000085f00000| PB 0x0000000085f00000| Untracked |  0
|  16|0x0000000086000000, 0x0000000086100000, 0x0000000086100000|100%| O|  |TAMS 0x0000000086000000| PB 0x0000000086000000| Untracked |  0
|  17|0x0000000086100000, 0x00000000861d1ea0, 0x0000000086200000| 81%| O|  |TAMS 0x0000000086100000| PB 0x0000000086100000| Untracked |  0
|  18|0x0000000086200000, 0x0000000086300000, 0x0000000086300000|100%| O|  |TAMS 0x0000000086200000| PB 0x0000000086200000| Untracked |  0
|  19|0x0000000086300000, 0x0000000086400000, 0x0000000086400000|100%| O|  |TAMS 0x0000000086300000| PB 0x0000000086300000| Untracked |  0
|  20|0x0000000086400000, 0x0000000086400000, 0x0000000086500000|  0%| F|  |TAMS 0x0000000086400000| PB 0x0000000086400000| Untracked |  0
|  21|0x0000000086500000, 0x0000000086600000, 0x0000000086600000|100%| O|  |TAMS 0x0000000086500000| PB 0x0000000086500000| Untracked |  0
|  22|0x0000000086600000, 0x0000000086600000, 0x0000000086700000|  0%| F|  |TAMS 0x0000000086600000| PB 0x0000000086600000| Untracked |  0
|  23|0x0000000086700000, 0x0000000086800000, 0x0000000086800000|100%| O|  |TAMS 0x0000000086700000| PB 0x0000000086700000| Untracked |  0
|  24|0x0000000086800000, 0x0000000086900000, 0x0000000086900000|100%| O|  |TAMS 0x0000000086800000| PB 0x0000000086800000| Untracked |  0
|  25|0x0000000086900000, 0x0000000086a00000, 0x0000000086a00000|100%| O|  |TAMS 0x0000000086900000| PB 0x0000000086900000| Untracked |  0
|  26|0x0000000086a00000, 0x0000000086b00000, 0x0000000086b00000|100%| O|  |TAMS 0x0000000086a00000| PB 0x0000000086a00000| Untracked |  0
|  27|0x0000000086b00000, 0x0000000086b00000, 0x0000000086c00000|  0%| F|  |TAMS 0x0000000086b00000| PB 0x0000000086b00000| Untracked |  0
|  28|0x0000000086c00000, 0x0000000086c00000, 0x0000000086d00000|  0%| F|  |TAMS 0x0000000086c00000| PB 0x0000000086c00000| Untracked |  0
|  29|0x0000000086d00000, 0x0000000086e00000, 0x0000000086e00000|100%| O|  |TAMS 0x0000000086d00000| PB 0x0000000086d00000| Untracked |  0
|  30|0x0000000086e00000, 0x0000000086f00000, 0x0000000086f00000|100%| O|Cm|TAMS 0x0000000086e00000| PB 0x0000000086e00000| Complete |  0
|  31|0x0000000086f00000, 0x0000000086fe3228, 0x0000000087000000| 88%| S|CS|TAMS 0x0000000086f00000| PB 0x0000000086f00000| Complete |  0
|  32|0x0000000087000000, 0x0000000087100000, 0x0000000087100000|100%| S|CS|TAMS 0x0000000087000000| PB 0x0000000087000000| Complete |  0
|  33|0x0000000087100000, 0x0000000087100000, 0x0000000087200000|  0%| F|  |TAMS 0x0000000087100000| PB 0x0000000087100000| Untracked |  0
|  34|0x0000000087200000, 0x0000000087300000, 0x0000000087300000|100%| O|  |TAMS 0x0000000087200000| PB 0x0000000087200000| Untracked |  0
|  35|0x0000000087300000, 0x0000000087300000, 0x0000000087400000|  0%| F|  |TAMS 0x0000000087300000| PB 0x0000000087300000| Untracked |  0
|  36|0x0000000087400000, 0x0000000087500000, 0x0000000087500000|100%| O|Cm|TAMS 0x0000000087400000| PB 0x0000000087400000| Complete |  0
|  37|0x0000000087500000, 0x0000000087600000, 0x0000000087600000|100%| O|  |TAMS 0x0000000087500000| PB 0x0000000087500000| Untracked |  0
|  38|0x0000000087600000, 0x0000000087600000, 0x0000000087700000|  0%| F|  |TAMS 0x0000000087600000| PB 0x0000000087600000| Untracked |  0
|  39|0x0000000087700000, 0x0000000087700000, 0x0000000087800000|  0%| F|  |TAMS 0x0000000087700000| PB 0x0000000087700000| Untracked |  0
|  40|0x0000000087800000, 0x0000000087800000, 0x0000000087900000|  0%| F|  |TAMS 0x0000000087800000| PB 0x0000000087800000| Untracked |  0
|  41|0x0000000087900000, 0x0000000087900000, 0x0000000087a00000|  0%| F|  |TAMS 0x0000000087900000| PB 0x0000000087900000| Untracked |  0
|  42|0x0000000087a00000, 0x0000000087a00000, 0x0000000087b00000|  0%| F|  |TAMS 0x0000000087a00000| PB 0x0000000087a00000| Untracked |  0
|  43|0x0000000087b00000, 0x0000000087b00000, 0x0000000087c00000|  0%| F|  |TAMS 0x0000000087b00000| PB 0x0000000087b00000| Untracked |  0
|  44|0x0000000087c00000, 0x0000000087c00000, 0x0000000087d00000|  0%| F|  |TAMS 0x0000000087c00000| PB 0x0000000087c00000| Untracked |  0
|  45|0x0000000087d00000, 0x0000000087d00000, 0x0000000087e00000|  0%| F|  |TAMS 0x0000000087d00000| PB 0x0000000087d00000| Untracked |  0
|  46|0x0000000087e00000, 0x0000000087e00000, 0x0000000087f00000|  0%| F|  |TAMS 0x0000000087e00000| PB 0x0000000087e00000| Untracked |  0
|  47|0x0000000087f00000, 0x0000000087f00000, 0x0000000088000000|  0%| F|  |TAMS 0x0000000087f00000| PB 0x0000000087f00000| Untracked |  0
|  48|0x0000000088000000, 0x0000000088000000, 0x0000000088100000|  0%| F|  |TAMS 0x0000000088000000| PB 0x0000000088000000| Untracked |  0
|  49|0x0000000088100000, 0x0000000088100000, 0x0000000088200000|  0%| F|  |TAMS 0x0000000088100000| PB 0x0000000088100000| Untracked |  0
|  50|0x0000000088200000, 0x0000000088200000, 0x0000000088300000|  0%| F|  |TAMS 0x0000000088200000| PB 0x0000000088200000| Untracked |  0
|  51|0x0000000088300000, 0x0000000088300000, 0x0000000088400000|  0%| F|  |TAMS 0x0000000088300000| PB 0x0000000088300000| Untracked |  0
|  52|0x0000000088400000, 0x0000000088487590, 0x0000000088500000| 52%| E|  |TAMS 0x0000000088400000| PB 0x0000000088400000| Complete |  0
|  53|0x0000000088500000, 0x0000000088600000, 0x0000000088600000|100%| E|CS|TAMS 0x0000000088500000| PB 0x0000000088500000| Complete |  0
|  72|0x0000000089800000, 0x0000000089900000, 0x0000000089900000|100%| E|CS|TAMS 0x0000000089800000| PB 0x0000000089800000| Complete |  0
|  73|0x0000000089900000, 0x0000000089a00000, 0x0000000089a00000|100%| E|CS|TAMS 0x0000000089900000| PB 0x0000000089900000| Complete |  0
|  74|0x0000000089a00000, 0x0000000089b00000, 0x0000000089b00000|100%| E|CS|TAMS 0x0000000089a00000| PB 0x0000000089a00000| Complete |  0
|  75|0x0000000089b00000, 0x0000000089c00000, 0x0000000089c00000|100%| E|CS|TAMS 0x0000000089b00000| PB 0x0000000089b00000| Complete |  0
|  76|0x0000000089c00000, 0x0000000089d00000, 0x0000000089d00000|100%| E|CS|TAMS 0x0000000089c00000| PB 0x0000000089c00000| Complete |  0
| 122|0x000000008ca00000, 0x000000008cb00000, 0x000000008cb00000|100%| E|CS|TAMS 0x000000008ca00000| PB 0x000000008ca00000| Complete |  0
| 123|0x000000008cb00000, 0x000000008cc00000, 0x000000008cc00000|100%| E|CS|TAMS 0x000000008cb00000| PB 0x000000008cb00000| Complete |  0
|1967|0x00000000fff00000, 0x0000000100000000, 0x0000000100000000|100%| E|CS|TAMS 0x00000000fff00000| PB 0x00000000fff00000| Complete |  0

Card table byte_map: [0x00000275f2da0000,0x00000275f3180000] _byte_map_base: 0x00000275f2978000

Marking Bits: (CMBitMap*) 0x00000275e71f2950
 Bits: [0x00000275f3180000, 0x00000275f5040000)

Polling page: 0x00000275e6800000

Metaspace:

Usage:
  Non-class:     60.48 MB used.
      Class:     10.47 MB used.
       Both:     70.95 MB used.

Virtual space:
  Non-class space:       64.00 MB reserved,      60.81 MB ( 95%) committed,  1 nodes.
      Class space:        1.00 GB reserved,      10.75 MB (  1%) committed,  1 nodes.
             Both:        1.06 GB reserved,      71.56 MB (  7%) committed. 

Chunk freelists:
   Non-Class:  3.15 MB
       Class:  5.30 MB
        Both:  8.45 MB

MaxMetaspaceSize: unlimited
CompressedClassSpaceSize: 1.00 GB
Initial GC threshold: 21.00 MB
Current GC threshold: 119.06 MB
CDS: on
 - commit_granule_bytes: 65536.
 - commit_granule_words: 8192.
 - virtual_space_node_default_size: 8388608.
 - enlarge_chunks_in_place: 1.
 - use_allocation_guard: 0.


Internal statistics:

num_allocs_failed_limit: 6.
num_arena_births: 1132.
num_arena_deaths: 408.
num_vsnodes_births: 2.
num_vsnodes_deaths: 0.
num_space_committed: 1145.
num_space_uncommitted: 0.
num_chunks_returned_to_freelist: 463.
num_chunks_taken_from_freelist: 3882.
num_chunk_merges: 121.
num_chunk_splits: 2644.
num_chunks_enlarged: 2053.
num_inconsistent_stats: 0.

CodeCache: size=49152Kb used=7914Kb max_used=11407Kb free=41237Kb
 bounds [0x00000275ef8b0000, 0x00000275f04a0000, 0x00000275f28b0000]
 total_blobs=4925, nmethods=4169, adapters=679, full_count=0
Compilation: enabled, stopped_count=0, restarted_count=0

Compilation events (20 events):
Event: 9648.654 Thread 0x00000275c881fa00 nmethod 7709 0x00000275efac7b88 code [0x00000275efac7ca0, 0x00000275efac7dc0]
Event: 9648.654 Thread 0x00000275f7b1a9c0 nmethod 7708 0x00000275efacae88 code [0x00000275efacafa0, 0x00000275efacb0b8]
Event: 9648.655 Thread 0x00000275f7b1a9c0 7710       1       java.util.concurrent.ConcurrentHashMap::setTabAt (20 bytes)
Event: 9648.655 Thread 0x00000275f7b1a9c0 nmethod 7710 0x00000275efacb488 code [0x00000275efacb5a0, 0x00000275efacb6b0]
Event: 9648.659 Thread 0x00000275f7b1a9c0 7711       1       java.lang.invoke.StringConcatFactory::prepender (33 bytes)
Event: 9648.659 Thread 0x00000275f7b1a9c0 nmethod 7711 0x00000275effa4408 code [0x00000275effa4560, 0x00000275effa4838]
Event: 9648.670 Thread 0x00000275f7b1a9c0 7712       1       java.lang.Thread::threadContainer (5 bytes)
Event: 9648.670 Thread 0x00000275f7b1a9c0 nmethod 7712 0x00000275efacba88 code [0x00000275efacbba0, 0x00000275efacbc68]
Event: 9648.670 Thread 0x00000275f7b1a9c0 7713       1       java.util.concurrent.locks.ReentrantReadWriteLock::writeLock (5 bytes)
Event: 9648.670 Thread 0x00000275c688a8e0 7714  s    1       org.apache.catalina.util.LifecycleBase::setStateInternal (144 bytes)
Event: 9648.670 Thread 0x00000275f7b1a9c0 nmethod 7713 0x00000275efaccf08 code [0x00000275efacd020, 0x00000275efacd0e8]
Event: 9648.671 Thread 0x00000275f7b1a9c0 7715       1       java.lang.invoke.MethodHandleImpl$1::unreflectField (22 bytes)
Event: 9648.672 Thread 0x00000275c688a8e0 nmethod 7714 0x00000275efafb608 code [0x00000275efafb7a0, 0x00000275efafbf98]
Event: 9648.672 Thread 0x00000275c688a8e0 7716       1       java.lang.invoke.MethodHandles$Lookup::unreflectField (126 bytes)
Event: 9648.672 Thread 0x00000275c881fa00 7717       1       java.lang.invoke.MemberName::<init> (108 bytes)
Event: 9648.672 Thread 0x00000275f7b1a9c0 nmethod 7715 0x00000275efad0108 code [0x00000275efad0240, 0x00000275efad0380]
Event: 9648.672 Thread 0x00000275f7b1a9c0 7718       1       java.lang.invoke.MethodHandles$Lookup::getDirectFieldNoSecurityManager (12 bytes)
Event: 9648.672 Thread 0x00000275f7b1a9c0 nmethod 7718 0x00000275efad1488 code [0x00000275efad15a0, 0x00000275efad1688]
Event: 9648.672 Thread 0x00000275c881fa00 nmethod 7717 0x00000275effaad88 code [0x00000275effaaec0, 0x00000275effab178]
Event: 9648.672 Thread 0x00000275c688a8e0 nmethod 7716 0x00000275effeb188 code [0x00000275effeb2c0, 0x00000275effeb580]

GC Heap History (20 events):
Event: 3458.909 GC heap after
{Heap after GC invocations=31 (full 0):
 garbage-first heap   total reserved 2015232K, committed 63488K, used 31843K [0x0000000085000000, 0x0000000100000000)
  region size 1024K, 2 young (2048K), 2 survivors (2048K)
 Metaspace       used 71680K, committed 72768K, reserved 1114112K
  class space    used 10552K, committed 11008K, reserved 1048576K
}
Event: 3984.941 GC heap before
{Heap before GC invocations=32 (full 0):
 garbage-first heap   total reserved 2015232K, committed 63488K, used 56419K [0x0000000085000000, 0x0000000100000000)
  region size 1024K, 26 young (26624K), 2 survivors (2048K)
 Metaspace       used 71680K, committed 72768K, reserved 1114112K
  class space    used 10552K, committed 11008K, reserved 1048576K
}
Event: 3984.953 GC heap after
{Heap after GC invocations=33 (full 0):
 garbage-first heap   total reserved 2015232K, committed 63488K, used 31703K [0x0000000085000000, 0x0000000100000000)
  region size 1024K, 2 young (2048K), 2 survivors (2048K)
 Metaspace       used 71680K, committed 72768K, reserved 1114112K
  class space    used 10552K, committed 11008K, reserved 1048576K
}
Event: 4511.807 GC heap before
{Heap before GC invocations=33 (full 0):
 garbage-first heap   total reserved 2015232K, committed 63488K, used 56279K [0x0000000085000000, 0x0000000100000000)
  region size 1024K, 26 young (26624K), 2 survivors (2048K)
 Metaspace       used 71680K, committed 72768K, reserved 1114112K
  class space    used 10552K, committed 11008K, reserved 1048576K
}
Event: 4511.843 GC heap after
{Heap after GC invocations=34 (full 0):
 garbage-first heap   total reserved 2015232K, committed 63488K, used 30370K [0x0000000085000000, 0x0000000100000000)
  region size 1024K, 2 young (2048K), 2 survivors (2048K)
 Metaspace       used 71680K, committed 72768K, reserved 1114112K
  class space    used 10552K, committed 11008K, reserved 1048576K
}
Event: 5042.052 GC heap before
{Heap before GC invocations=34 (full 0):
 garbage-first heap   total reserved 2015232K, committed 63488K, used 54946K [0x0000000085000000, 0x0000000100000000)
  region size 1024K, 27 young (27648K), 2 survivors (2048K)
 Metaspace       used 71680K, committed 72768K, reserved 1114112K
  class space    used 10552K, committed 11008K, reserved 1048576K
}
Event: 5042.096 GC heap after
{Heap after GC invocations=35 (full 0):
 garbage-first heap   total reserved 2015232K, committed 63488K, used 30428K [0x0000000085000000, 0x0000000100000000)
  region size 1024K, 2 young (2048K), 2 survivors (2048K)
 Metaspace       used 71680K, committed 72768K, reserved 1114112K
  class space    used 10552K, committed 11008K, reserved 1048576K
}
Event: 5591.858 GC heap before
{Heap before GC invocations=36 (full 0):
 garbage-first heap   total reserved 2015232K, committed 63488K, used 56028K [0x0000000085000000, 0x0000000100000000)
  region size 1024K, 27 young (27648K), 2 survivors (2048K)
 Metaspace       used 71680K, committed 72768K, reserved 1114112K
  class space    used 10552K, committed 11008K, reserved 1048576K
}
Event: 5591.885 GC heap after
{Heap after GC invocations=37 (full 0):
 garbage-first heap   total reserved 2015232K, committed 63488K, used 30334K [0x0000000085000000, 0x0000000100000000)
  region size 1024K, 1 young (1024K), 1 survivors (1024K)
 Metaspace       used 71680K, committed 72768K, reserved 1114112K
  class space    used 10552K, committed 11008K, reserved 1048576K
}
Event: 6177.851 GC heap before
{Heap before GC invocations=37 (full 0):
 garbage-first heap   total reserved 2015232K, committed 63488K, used 56958K [0x0000000085000000, 0x0000000100000000)
  region size 1024K, 28 young (28672K), 1 survivors (1024K)
 Metaspace       used 71680K, committed 72768K, reserved 1114112K
  class space    used 10552K, committed 11008K, reserved 1048576K
}
Event: 6177.887 GC heap after
{Heap after GC invocations=38 (full 0):
 garbage-first heap   total reserved 2015232K, committed 63488K, used 29740K [0x0000000085000000, 0x0000000100000000)
  region size 1024K, 2 young (2048K), 2 survivors (2048K)
 Metaspace       used 71680K, committed 72768K, reserved 1114112K
  class space    used 10552K, committed 11008K, reserved 1048576K
}
Event: 6725.030 GC heap before
{Heap before GC invocations=38 (full 0):
 garbage-first heap   total reserved 2015232K, committed 63488K, used 56364K [0x0000000085000000, 0x0000000100000000)
  region size 1024K, 28 young (28672K), 2 survivors (2048K)
 Metaspace       used 71680K, committed 72768K, reserved 1114112K
  class space    used 10552K, committed 11008K, reserved 1048576K
}
Event: 6725.075 GC heap after
{Heap after GC invocations=39 (full 0):
 garbage-first heap   total reserved 2015232K, committed 63488K, used 29786K [0x0000000085000000, 0x0000000100000000)
  region size 1024K, 2 young (2048K), 2 survivors (2048K)
 Metaspace       used 71680K, committed 72768K, reserved 1114112K
  class space    used 10552K, committed 11008K, reserved 1048576K
}
Event: 7301.473 GC heap before
{Heap before GC invocations=40 (full 0):
 garbage-first heap   total reserved 2015232K, committed 63488K, used 55386K [0x0000000085000000, 0x0000000100000000)
  region size 1024K, 28 young (28672K), 2 survivors (2048K)
 Metaspace       used 71680K, committed 72768K, reserved 1114112K
  class space    used 10552K, committed 11008K, reserved 1048576K
}
Event: 7301.507 GC heap after
{Heap after GC invocations=41 (full 0):
 garbage-first heap   total reserved 2015232K, committed 63488K, used 29664K [0x0000000085000000, 0x0000000100000000)
  region size 1024K, 1 young (1024K), 1 survivors (1024K)
 Metaspace       used 71680K, committed 72768K, reserved 1114112K
  class space    used 10552K, committed 11008K, reserved 1048576K
}
Event: 9109.957 GC heap before
{Heap before GC invocations=41 (full 0):
 garbage-first heap   total reserved 2015232K, committed 63488K, used 58336K [0x0000000085000000, 0x0000000100000000)
  region size 1024K, 29 young (29696K), 1 survivors (1024K)
 Metaspace       used 71682K, committed 72768K, reserved 1114112K
  class space    used 10553K, committed 11008K, reserved 1048576K
}
Event: 9110.027 GC heap after
{Heap after GC invocations=42 (full 0):
 garbage-first heap   total reserved 2015232K, committed 63488K, used 29378K [0x0000000085000000, 0x0000000100000000)
  region size 1024K, 2 young (2048K), 2 survivors (2048K)
 Metaspace       used 71682K, committed 72768K, reserved 1114112K
  class space    used 10553K, committed 11008K, reserved 1048576K
}
Event: 9478.393 GC heap before
{Heap before GC invocations=42 (full 0):
 garbage-first heap   total reserved 2015232K, committed 63488K, used 54978K [0x0000000085000000, 0x0000000100000000)
  region size 1024K, 28 young (28672K), 2 survivors (2048K)
 Metaspace       used 72498K, committed 73152K, reserved 1114112K
  class space    used 10679K, committed 11008K, reserved 1048576K
}
Event: 9478.412 GC heap after
{Heap after GC invocations=43 (full 0):
 garbage-first heap   total reserved 2015232K, committed 63488K, used 30420K [0x0000000085000000, 0x0000000100000000)
  region size 1024K, 2 young (2048K), 2 survivors (2048K)
 Metaspace       used 72498K, committed 73152K, reserved 1114112K
  class space    used 10679K, committed 11008K, reserved 1048576K
}
Event: 9648.674 GC heap before
{Heap before GC invocations=44 (full 0):
 garbage-first heap   total reserved 2015232K, committed 63488K, used 39636K [0x0000000085000000, 0x0000000100000000)
  region size 1024K, 12 young (12288K), 2 survivors (2048K)
 Metaspace       used 72656K, committed 73280K, reserved 1114112K
  class space    used 10721K, committed 11008K, reserved 1048576K
}

Dll operation events (10 events):
Event: 0.008 Loaded shared library C:\Program Files\Java\jdk-23\bin\java.dll
Event: 0.090 Loaded shared library C:\Program Files\Java\jdk-23\bin\jimage.dll
Event: 0.104 Loaded shared library C:\Program Files\Java\jdk-23\bin\net.dll
Event: 0.105 Loaded shared library C:\Program Files\Java\jdk-23\bin\nio.dll
Event: 0.108 Loaded shared library C:\Program Files\Java\jdk-23\bin\zip.dll
Event: 0.315 Loaded shared library C:\Program Files\Java\jdk-23\bin\management.dll
Event: 0.361 Loaded shared library C:\Program Files\Java\jdk-23\bin\management_ext.dll
Event: 1.079 Loaded shared library C:\Program Files\Java\jdk-23\bin\extnet.dll
Event: 2.788 Loaded shared library C:\Program Files\Java\jdk-23\bin\sunmscapi.dll
Event: 4.395 Loaded shared library C:\Program Files\Java\jdk-23\bin\verify.dll

Deoptimization events (0 events):
No events

Classes loaded (20 events):
Event: 9478.121 Loading class jdk/internal/icu/impl/UCharacterProperty$BiDiIntProperty done
Event: 9478.121 Loading class jdk/internal/icu/impl/UCharacterProperty$1 done
Event: 9478.125 Loading class jdk/internal/icu/impl/UCharacterProperty$IsAcceptable
Event: 9478.125 Loading class jdk/internal/icu/impl/UCharacterProperty$IsAcceptable done
Event: 9478.125 Loading class jdk/internal/icu/impl/Trie2_16
Event: 9478.126 Loading class jdk/internal/icu/impl/Trie2
Event: 9478.128 Loading class jdk/internal/icu/impl/Trie2 done
Event: 9478.128 Loading class jdk/internal/icu/impl/Trie2_16 done
Event: 9478.128 Loading class jdk/internal/icu/impl/Trie2$1
Event: 9478.128 Loading class jdk/internal/icu/impl/Trie2$ValueMapper
Event: 9478.128 Loading class jdk/internal/icu/impl/Trie2$ValueMapper done
Event: 9478.128 Loading class jdk/internal/icu/impl/Trie2$1 done
Event: 9478.128 Loading class jdk/internal/icu/impl/Trie2$UTrie2Header
Event: 9478.128 Loading class jdk/internal/icu/impl/Trie2$UTrie2Header done
Event: 9648.473 Loading class java/util/concurrent/locks/AbstractQueuedSynchronizer$SharedNode
Event: 9648.478 Loading class java/util/concurrent/locks/AbstractQueuedSynchronizer$SharedNode done
Event: 9648.571 Loading class java/util/AbstractMap$2
Event: 9648.573 Loading class java/util/AbstractMap$2 done
Event: 9648.579 Loading class java/util/AbstractMap$ValueIterator
Event: 9648.581 Loading class java/util/AbstractMap$ValueIterator done

Classes unloaded (20 events):
Event: 1196.471 Thread 0x00000275f7aee160 Unloading class 0x00000275810c1800 'java/lang/invoke/LambdaForm$MH+0x00000275810c1800'
Event: 1196.471 Thread 0x00000275f7aee160 Unloading class 0x00000275810c0800 'java/lang/invoke/LambdaForm$DMH+0x00000275810c0800'
Event: 1196.471 Thread 0x00000275f7aee160 Unloading class 0x00000275810c0000 'java/lang/invoke/LambdaForm$DMH+0x00000275810c0000'
Event: 1196.471 Thread 0x00000275f7aee160 Unloading class 0x000002758100ac00 'java/lang/invoke/LambdaForm$MH+0x000002758100ac00'
Event: 1196.471 Thread 0x00000275f7aee160 Unloading class 0x000002758100a800 'java/lang/invoke/LambdaForm$DMH+0x000002758100a800'
Event: 1196.471 Thread 0x00000275f7aee160 Unloading class 0x000002758100a400 'java/lang/invoke/LambdaForm$DMH+0x000002758100a400'
Event: 1196.472 Thread 0x00000275f7aee160 Unloading class 0x0000027581009400 'java/lang/invoke/LambdaForm$MH+0x0000027581009400'
Event: 1196.472 Thread 0x00000275f7aee160 Unloading class 0x0000027581008800 'java/lang/invoke/LambdaForm$MH+0x0000027581008800'
Event: 1196.472 Thread 0x00000275f7aee160 Unloading class 0x0000027581008400 'java/lang/invoke/LambdaForm$MH+0x0000027581008400'
Event: 1196.472 Thread 0x00000275f7aee160 Unloading class 0x0000027581008000 'java/lang/invoke/LambdaForm$MH+0x0000027581008000'
Event: 1196.472 Thread 0x00000275f7aee160 Unloading class 0x0000027581007800 'java/lang/invoke/LambdaForm$MH+0x0000027581007800'
Event: 1196.472 Thread 0x00000275f7aee160 Unloading class 0x0000027581006c00 'java/lang/invoke/LambdaForm$MH+0x0000027581006c00'
Event: 1196.472 Thread 0x00000275f7aee160 Unloading class 0x0000027581005400 'java/lang/invoke/LambdaForm$MH+0x0000027581005400'
Event: 1196.472 Thread 0x00000275f7aee160 Unloading class 0x0000027581004800 'java/lang/invoke/LambdaForm$MH+0x0000027581004800'
Event: 1196.472 Thread 0x00000275f7aee160 Unloading class 0x0000027581004400 'java/lang/invoke/LambdaForm$MH+0x0000027581004400'
Event: 1196.472 Thread 0x00000275f7aee160 Unloading class 0x0000027581003c00 'java/lang/invoke/LambdaForm$MH+0x0000027581003c00'
Event: 1196.472 Thread 0x00000275f7aee160 Unloading class 0x0000027581003000 'java/lang/invoke/LambdaForm$MH+0x0000027581003000'
Event: 1196.472 Thread 0x00000275f7aee160 Unloading class 0x0000027581002800 'java/lang/invoke/LambdaForm$MH+0x0000027581002800'
Event: 1196.472 Thread 0x00000275f7aee160 Unloading class 0x0000027581002000 'java/lang/invoke/LambdaForm$MH+0x0000027581002000'
Event: 1196.472 Thread 0x00000275f7aee160 Unloading class 0x0000027581001800 'java/lang/invoke/LambdaForm$MH+0x0000027581001800'

Classes redefined (0 events):
No events

Internal exceptions (20 events):
Event: 6.569 Thread 0x00000275c61d3590 Exception <a 'java/lang/NoSuchMethodError'{0x0000000087e45bb0}: 'int java.lang.invoke.Invokers$Holder.linkToTargetMethod(java.lang.Object, java.lang.Object, java.lang.Object)'> (0x0000000087e45bb0) 
thrown [s\open\src\hotspot\share\interpreter\linkResolver.cpp, line 796]
Event: 6.608 Thread 0x00000275c61d3590 Exception <a 'java/lang/IncompatibleClassChangeError'{0x0000000087b8b4b0}: Found class java.lang.Object, but interface was expected> (0x0000000087b8b4b0) 
thrown [s\open\src\hotspot\share\interpreter\linkResolver.cpp, line 863]
Event: 6.749 Thread 0x00000275c61d3590 Exception <a 'java/lang/NoSuchMethodError'{0x000000008772a0c8}: 'int java.lang.invoke.DirectMethodHandle$Holder.invokeStaticInit(java.lang.Object, java.lang.Object, java.lang.Object, java.lang.Object)'> (0x000000008772a0c8) 
thrown [s\open\src\hotspot\share\interpreter\linkResolver.cpp, line 796]
Event: 6.832 Thread 0x00000275c61d3590 Exception <a 'java/lang/IncompatibleClassChangeError'{0x000000008cbfc690}: Found class java.lang.Object, but interface was expected> (0x000000008cbfc690) 
thrown [s\open\src\hotspot\share\interpreter\linkResolver.cpp, line 863]
Event: 6.919 Thread 0x00000275c61d3590 Exception <a 'java/lang/NoSuchMethodError'{0x000000008982cc68}: 'void java.lang.invoke.DirectMethodHandle$Holder.invokeSpecial(java.lang.Object, java.lang.Object, int, java.lang.Object, java.lang.Object, java.lang.Object, java.lang.Object)'> (0x000000008982cc68) 
thrown [s\open\src\hotspot\share\interpreter\linkResolver.cpp, line 796]
Event: 6.919 Thread 0x00000275c61d3590 Exception <a 'java/lang/NoSuchMethodError'{0x0000000089834060}: 'java.lang.Object java.lang.invoke.DirectMethodHandle$Holder.newInvokeSpecial(java.lang.Object, java.lang.Object, int, java.lang.Object, java.lang.Object)'> (0x0000000089834060) 
thrown [s\open\src\hotspot\share\interpreter\linkResolver.cpp, line 796]
Event: 13.790 Thread 0x00000275c8a0e300 Exception <a 'java/lang/NoSuchMethodError'{0x000000008829a200}: 'java.lang.Object java.lang.invoke.DirectMethodHandle$Holder.invokeStatic(java.lang.Object, java.lang.Object, java.lang.Object, int, int)'> (0x000000008829a200) 
thrown [s\open\src\hotspot\share\interpreter\linkResolver.cpp, line 796]
Event: 13.791 Thread 0x00000275c8a0e300 Exception <a 'java/lang/NoSuchMethodError'{0x000000008829d9e8}: 'java.lang.Object java.lang.invoke.DirectMethodHandle$Holder.invokeStaticInit(java.lang.Object, java.lang.Object, java.lang.Object, int, int)'> (0x000000008829d9e8) 
thrown [s\open\src\hotspot\share\interpreter\linkResolver.cpp, line 796]
Event: 13.851 Thread 0x00000275c61d5cf0 Exception <a 'java/lang/NoSuchMethodError'{0x00000000881ec0b0}: 'java.lang.Object java.lang.invoke.DirectMethodHandle$Holder.invokeSpecial(java.lang.Object, java.lang.Object, java.lang.Object, java.lang.Object, java.lang.Object, long)'> (0x00000000881ec0b0) 
thrown [s\open\src\hotspot\share\interpreter\linkResolver.cpp, line 796]
Event: 13.851 Thread 0x00000275c61d5cf0 Exception <a 'java/lang/NoSuchMethodError'{0x00000000881ef8a8}: 'java.lang.Object java.lang.invoke.Invokers$Holder.linkToTargetMethod(java.lang.Object, java.lang.Object, java.lang.Object, long, java.lang.Object)'> (0x00000000881ef8a8) 
thrown [s\open\src\hotspot\share\interpreter\linkResolver.cpp, line 796]
Event: 14.061 Thread 0x00000275c61d6380 Exception <a 'java/lang/IncompatibleClassChangeError'{0x0000000087ca4a98}: Found class java.lang.Object, but interface was expected> (0x0000000087ca4a98) 
thrown [s\open\src\hotspot\share\interpreter\linkResolver.cpp, line 863]
Event: 14.061 Thread 0x00000275c61d5cf0 Exception <a 'java/lang/IncompatibleClassChangeError'{0x0000000087cae608}: Found class java.lang.Object, but interface was expected> (0x0000000087cae608) 
thrown [s\open\src\hotspot\share\interpreter\linkResolver.cpp, line 863]
Event: 14.096 Thread 0x00000275c61d6380 Exception <a 'java/lang/IncompatibleClassChangeError'{0x0000000087b68cb0}: Found class java.lang.Object, but interface was expected> (0x0000000087b68cb0) 
thrown [s\open\src\hotspot\share\interpreter\linkResolver.cpp, line 863]
Event: 14.105 Thread 0x00000275c61d5cf0 Exception <a 'java/lang/IncompatibleClassChangeError'{0x0000000087a04388}: Found class java.lang.Object, but interface was expected> (0x0000000087a04388) 
thrown [s\open\src\hotspot\share\interpreter\linkResolver.cpp, line 863]
Event: 779.986 Thread 0x00000275c8a0d5e0 Exception <a 'java/lang/NoSuchMethodError'{0x0000000087b1a3a0}: static [Ljava/lang/Integer;.<clinit>()V> (0x0000000087b1a3a0) 
thrown [s\open\src\hotspot\share\prims\jni.cpp, line 1111]
Event: 1379.970 Thread 0x00000275c8a0d5e0 Exception <a 'java/lang/NoSuchMethodError'{0x0000000088380428}: static [B.<clinit>()V> (0x0000000088380428) 
thrown [s\open\src\hotspot\share\prims\jni.cpp, line 1111]
Event: 2700.496 Thread 0x00000275c89e7e10 Exception <a 'java/lang/NoSuchMethodError'{0x00000000881f4480}: 'java.lang.Object java.lang.invoke.DirectMethodHandle$Holder.invokeVirtual(java.lang.Object, java.lang.Object, int)'> (0x00000000881f4480) 
thrown [s\open\src\hotspot\share\interpreter\linkResolver.cpp, line 796]
Event: 9205.524 Thread 0x00000275c8a0d5e0 Exception <a 'java/lang/NoSuchMethodError'{0x0000000089bbcaf0}: static [Ljava/lang/StackTraceElement;.<clinit>()V> (0x0000000089bbcaf0) 
thrown [s\open\src\hotspot\share\prims\jni.cpp, line 1111]
Event: 9205.866 Thread 0x00000275c8a110f0 Exception <a 'java/lang/NoSuchMethodError'{0x0000000089a2adc8}: static [Ljava/lang/Integer;.<clinit>()V> (0x0000000089a2adc8) 
thrown [s\open\src\hotspot\share\prims\jni.cpp, line 1111]
Event: 9648.669 Thread 0x00000275c61d42b0 Exception <a 'java/lang/InterruptedException'{0x0000000088477340}: sleep interrupted> (0x0000000088477340) 
thrown [s\open\src\hotspot\share\prims\jvm.cpp, line 3093]

VM Operations (20 events):
Event: 9393.358 Executing VM operation: HandshakeAllThreads (HandshakeForDeflation) done
Event: 9393.358 Executing VM operation: RendezvousGCThreads
Event: 9393.358 Executing VM operation: RendezvousGCThreads done
Event: 9453.503 Executing VM operation: HandshakeAllThreads (HandshakeForDeflation)
Event: 9453.504 Executing VM operation: HandshakeAllThreads (HandshakeForDeflation) done
Event: 9453.504 Executing VM operation: RendezvousGCThreads
Event: 9453.504 Executing VM operation: RendezvousGCThreads done
Event: 9478.070 Executing VM operation: HandshakeAllThreads (Deoptimize)
Event: 9478.071 Executing VM operation: HandshakeAllThreads (Deoptimize) done
Event: 9478.390 Executing VM operation: G1CollectForAllocation (G1 Evacuation Pause)
Event: 9478.412 Executing VM operation: G1CollectForAllocation (G1 Evacuation Pause) done
Event: 9478.490 Executing VM operation: G1PauseRemark
Event: 9478.519 Executing VM operation: G1PauseRemark done
Event: 9478.528 Executing VM operation: G1PauseCleanup
Event: 9478.528 Executing VM operation: G1PauseCleanup done
Event: 9513.554 Executing VM operation: HandshakeAllThreads (HandshakeForDeflation)
Event: 9513.555 Executing VM operation: HandshakeAllThreads (HandshakeForDeflation) done
Event: 9513.555 Executing VM operation: RendezvousGCThreads
Event: 9513.555 Executing VM operation: RendezvousGCThreads done
Event: 9648.673 Executing VM operation: G1CollectFull (System.gc())

Memory protections (0 events):
No events

Nmethod flushes (20 events):
Event: 9478.517 Thread 0x00000275f7aee160 flushing  nmethod 0x00000275f02d4788
Event: 9478.517 Thread 0x00000275f7aee160 flushing  nmethod 0x00000275f02d5a88
Event: 9478.517 Thread 0x00000275f7aee160 flushing  nmethod 0x00000275f02d6188
Event: 9478.517 Thread 0x00000275f7aee160 flushing  nmethod 0x00000275f02d6c08
Event: 9478.517 Thread 0x00000275f7aee160 flushing  nmethod 0x00000275f02d7c88
Event: 9478.517 Thread 0x00000275f7aee160 flushing  nmethod 0x00000275f02d7f88
Event: 9478.517 Thread 0x00000275f7aee160 flushing  nmethod 0x00000275f02d8b88
Event: 9478.517 Thread 0x00000275f7aee160 flushing  nmethod 0x00000275f02e6488
Event: 9478.517 Thread 0x00000275f7aee160 flushing  nmethod 0x00000275f02e6b08
Event: 9478.517 Thread 0x00000275f7aee160 flushing  nmethod 0x00000275f02e6e08
Event: 9478.517 Thread 0x00000275f7aee160 flushing  nmethod 0x00000275f02e7288
Event: 9478.517 Thread 0x00000275f7aee160 flushing  nmethod 0x00000275f02e7588
Event: 9478.517 Thread 0x00000275f7aee160 flushing  nmethod 0x00000275f02e7888
Event: 9478.517 Thread 0x00000275f7aee160 flushing  nmethod 0x00000275f02e7c88
Event: 9478.517 Thread 0x00000275f7aee160 flushing  nmethod 0x00000275f02e8108
Event: 9478.517 Thread 0x00000275f7aee160 flushing  nmethod 0x00000275f02e8808
Event: 9478.518 Thread 0x00000275f7aee160 flushing  nmethod 0x00000275f02e9d88
Event: 9478.518 Thread 0x00000275f7aee160 flushing  nmethod 0x00000275f02ea188
Event: 9478.518 Thread 0x00000275f7aee160 flushing  nmethod 0x00000275f02ea708
Event: 9478.518 Thread 0x00000275f7aee160 flushing  nmethod 0x00000275f02eb008

Events (20 events):
Event: 9648.473 Thread 0x00000275c8a0dc70 Thread added: 0x00000275c8a103d0
Event: 9648.515 Thread 0x00000275c8a0e300 Thread exited: 0x00000275c8a0e300
Event: 9648.517 Thread 0x00000275c8a103d0 Thread exited: 0x00000275c8a103d0
Event: 9648.523 Thread 0x00000275c89e5d40 Thread exited: 0x00000275c89e5d40
Event: 9648.530 Thread 0x00000275c89e70f0 Thread exited: 0x00000275c89e70f0
Event: 9648.530 Thread 0x00000275c61d5cf0 Thread exited: 0x00000275c61d5cf0
Event: 9648.530 Thread 0x00000275c89e63d0 Thread exited: 0x00000275c89e63d0
Event: 9648.530 Thread 0x00000275c89e6a60 Thread exited: 0x00000275c89e6a60
Event: 9648.530 Thread 0x00000275c89e7e10 Thread exited: 0x00000275c89e7e10
Event: 9648.530 Thread 0x00000275c89e84a0 Thread exited: 0x00000275c89e84a0
Event: 9648.530 Thread 0x00000275c89e5020 Thread exited: 0x00000275c89e5020
Event: 9648.530 Thread 0x00000275c89e56b0 Thread exited: 0x00000275c89e56b0
Event: 9648.530 Thread 0x00000275c61d6380 Thread exited: 0x00000275c61d6380
Event: 9648.530 Thread 0x00000275c89e7780 Thread exited: 0x00000275c89e7780
Event: 9648.605 Thread 0x00000275c8a0dc70 Thread added: 0x00000275c8a103d0
Event: 9648.607 Thread 0x00000275c61d14c0 Thread exited: 0x00000275c61d14c0
Event: 9648.616 Thread 0x00000275c8a103d0 Thread exited: 0x00000275c8a103d0
Event: 9648.667 Thread 0x00000275c61d07a0 Thread exited: 0x00000275c61d07a0
Event: 9648.667 Thread 0x00000275c61d21e0 Thread exited: 0x00000275c61d21e0
Event: 9648.670 Thread 0x00000275c61d42b0 Thread exited: 0x00000275c61d42b0


Dynamic libraries:
0x00007ff6c4940000 - 0x00007ff6c4950000 	C:\Program Files\Java\jdk-23\bin\javaw.exe
0x00007ffa96da0000 - 0x00007ffa97008000 	C:\WINDOWS\SYSTEM32\ntdll.dll
0x00007ffa4c030000 - 0x00007ffa4c050000 	C:\Program Files\Avast Software\Avast\aswhook.dll
0x00007ffa94ed0000 - 0x00007ffa94f99000 	C:\WINDOWS\System32\KERNEL32.DLL
0x00007ffa94360000 - 0x00007ffa94758000 	C:\WINDOWS\System32\KERNELBASE.dll
0x00007ffa8e210000 - 0x00007ffa8e2af000 	C:\WINDOWS\SYSTEM32\apphelp.dll
0x00007ffa94060000 - 0x00007ffa941ab000 	C:\WINDOWS\System32\ucrtbase.dll
0x00007ffa71ac0000 - 0x00007ffa71adb000 	C:\Program Files\Java\jdk-23\bin\VCRUNTIME140.dll
0x00007ffa72920000 - 0x00007ffa72937000 	C:\Program Files\Java\jdk-23\bin\jli.dll
0x00007ffa95d70000 - 0x00007ffa95f37000 	C:\WINDOWS\System32\USER32.dll
0x00007ffa94330000 - 0x00007ffa94357000 	C:\WINDOWS\System32\win32u.dll
0x00007ffa96120000 - 0x00007ffa9614b000 	C:\WINDOWS\System32\GDI32.dll
0x00007ffa72320000 - 0x00007ffa725b4000 	C:\WINDOWS\WinSxS\amd64_microsoft.windows.common-controls_6595b64144ccf1df_6.0.26100.7019_none_3e06ffa0e335b8a8\COMCTL32.dll
0x00007ffa94810000 - 0x00007ffa9493c000 	C:\WINDOWS\System32\gdi32full.dll
0x00007ffa96c40000 - 0x00007ffa96ce9000 	C:\WINDOWS\System32\msvcrt.dll
0x00007ffa94760000 - 0x00007ffa94803000 	C:\WINDOWS\System32\msvcp_win.dll
0x00007ffa96af0000 - 0x00007ffa96b21000 	C:\WINDOWS\System32\IMM32.DLL
0x00007ffa8e120000 - 0x00007ffa8e12c000 	C:\Program Files\Java\jdk-23\bin\vcruntime140_1.dll
0x00007ffa064e0000 - 0x00007ffa0656e000 	C:\Program Files\Java\jdk-23\bin\msvcp140.dll
0x00007ff990500000 - 0x00007ff99124f000 	C:\Program Files\Java\jdk-23\bin\server\jvm.dll
0x00007ffa96150000 - 0x00007ffa96204000 	C:\WINDOWS\System32\ADVAPI32.dll
0x00007ffa95bc0000 - 0x00007ffa95c66000 	C:\WINDOWS\System32\sechost.dll
0x00007ffa969a0000 - 0x00007ffa96ab8000 	C:\WINDOWS\System32\RPCRT4.dll
0x00007ffa96210000 - 0x00007ffa96284000 	C:\WINDOWS\System32\WS2_32.dll
0x00007ffa89410000 - 0x00007ffa89445000 	C:\WINDOWS\SYSTEM32\WINMM.dll
0x00007ffa93d50000 - 0x00007ffa93dae000 	C:\WINDOWS\SYSTEM32\POWRPROF.dll
0x00007ffa825b0000 - 0x00007ffa825bb000 	C:\WINDOWS\SYSTEM32\VERSION.dll
0x00007ffa93d20000 - 0x00007ffa93d34000 	C:\WINDOWS\SYSTEM32\UMPDC.dll
0x00007ffa92cb0000 - 0x00007ffa92ccb000 	C:\WINDOWS\SYSTEM32\kernel.appcore.dll
0x00007ffa7cf90000 - 0x00007ffa7cf9a000 	C:\Program Files\Java\jdk-23\bin\jimage.dll
0x00007ffa91630000 - 0x00007ffa91872000 	C:\WINDOWS\SYSTEM32\DBGHELP.DLL
0x00007ffa94b40000 - 0x00007ffa94ecb000 	C:\WINDOWS\System32\combase.dll
0x00007ffa96290000 - 0x00007ffa96367000 	C:\WINDOWS\System32\OLEAUT32.dll
0x00007ffa823a0000 - 0x00007ffa823dc000 	C:\WINDOWS\SYSTEM32\dbgcore.DLL
0x00007ffa94a90000 - 0x00007ffa94b35000 	C:\WINDOWS\System32\bcryptPrimitives.dll
0x00007ffa4df00000 - 0x00007ffa4df1e000 	C:\Program Files\Java\jdk-23\bin\java.dll
0x00007ffa96500000 - 0x00007ffa96697000 	C:\WINDOWS\System32\ole32.dll
0x00007ffa95460000 - 0x00007ffa95baf000 	C:\WINDOWS\System32\SHELL32.dll
0x00007ffa93ef0000 - 0x00007ffa9405b000 	C:\WINDOWS\System32\wintypes.dll
0x00007ffa91b30000 - 0x00007ffa9238d000 	C:\WINDOWS\SYSTEM32\windows.storage.dll
0x00007ffa96370000 - 0x00007ffa96462000 	C:\WINDOWS\System32\SHCORE.dll
0x00007ffa967b0000 - 0x00007ffa96817000 	C:\WINDOWS\System32\shlwapi.dll
0x00007ffa93e10000 - 0x00007ffa93e39000 	C:\WINDOWS\SYSTEM32\profapi.dll
0x00007ffa749a0000 - 0x00007ffa749b0000 	C:\Program Files\Java\jdk-23\bin\net.dll
0x00007ffa93220000 - 0x00007ffa9328b000 	C:\WINDOWS\system32\mswsock.dll
0x00007ffa063c0000 - 0x00007ffa063d6000 	C:\Program Files\Java\jdk-23\bin\nio.dll
0x00007ffa063e0000 - 0x00007ffa063f7000 	C:\Program Files\Java\jdk-23\bin\zip.dll
0x00007ffa72940000 - 0x00007ffa7294a000 	C:\Program Files\Java\jdk-23\bin\management.dll
0x00007ffa07830000 - 0x00007ffa0783b000 	C:\Program Files\Java\jdk-23\bin\management_ext.dll
0x00007ffa96820000 - 0x00007ffa96828000 	C:\WINDOWS\System32\PSAPI.DLL
0x00007ffa57b70000 - 0x00007ffa57b88000 	C:\WINDOWS\system32\napinsp.dll
0x00007ffa92850000 - 0x00007ffa9297c000 	C:\WINDOWS\SYSTEM32\DNSAPI.dll
0x00007ffa92810000 - 0x00007ffa92844000 	C:\WINDOWS\SYSTEM32\IPHLPAPI.DLL
0x00007ffa96cf0000 - 0x00007ffa96cfa000 	C:\WINDOWS\System32\NSI.dll
0x00007ffa57b50000 - 0x00007ffa57b62000 	C:\WINDOWS\System32\winrnr.dll
0x00007ffa57880000 - 0x00007ffa578a2000 	C:\WINDOWS\system32\nlansp_c.dll
0x00007ffa57860000 - 0x00007ffa57876000 	C:\WINDOWS\system32\wshbth.dll
0x00007ffa88b80000 - 0x00007ffa88b8b000 	C:\Windows\System32\rasadhlp.dll
0x00007ffa8baa0000 - 0x00007ffa8bb26000 	C:\WINDOWS\System32\fwpuclnt.dll
0x00007ffa934e0000 - 0x00007ffa934fb000 	C:\WINDOWS\SYSTEM32\CRYPTSP.dll
0x00007ffa92c10000 - 0x00007ffa92c4a000 	C:\WINDOWS\system32\rsaenh.dll
0x00007ffa932d0000 - 0x00007ffa932fb000 	C:\WINDOWS\SYSTEM32\USERENV.dll
0x00007ffa93de0000 - 0x00007ffa93e0a000 	C:\WINDOWS\SYSTEM32\bcrypt.dll
0x00007ffa93500000 - 0x00007ffa9350c000 	C:\WINDOWS\SYSTEM32\CRYPTBASE.dll
0x00007ffa74a00000 - 0x00007ffa74a09000 	C:\Program Files\Java\jdk-23\bin\extnet.dll
0x00007ffa74f30000 - 0x00007ffa74f3e000 	C:\Program Files\Java\jdk-23\bin\sunmscapi.dll
0x00007ffa941b0000 - 0x00007ffa94327000 	C:\WINDOWS\System32\CRYPT32.dll
0x00007ffa93700000 - 0x00007ffa93730000 	C:\WINDOWS\SYSTEM32\ncrypt.dll
0x00007ffa936b0000 - 0x00007ffa936ef000 	C:\WINDOWS\SYSTEM32\NTASN1.dll
0x00007ffa25350000 - 0x00007ffa25360000 	C:\Program Files\Java\jdk-23\bin\verify.dll
0x00007ffa5adf0000 - 0x00007ffa5adf8000 	C:\WINDOWS\system32\wshunix.dll

dbghelp: loaded successfully - version: 4.0.5 - missing functions: none
symbol engine: initialized successfully - sym options: 0x614 - pdb path: .;C:\Program Files\Java\jdk-23\bin;C:\WINDOWS\SYSTEM32;C:\Program Files\Avast Software\Avast;C:\WINDOWS\WinSxS\amd64_microsoft.windows.common-controls_6595b64144ccf1df_6.0.26100.7019_none_3e06ffa0e335b8a8;C:\Program Files\Java\jdk-23\bin\server

VM Arguments:
jvm_args: -Dcom.sun.management.jmxremote -Dcom.sun.management.jmxremote.port=54342 -Dcom.sun.management.jmxremote.authenticate=false -Dcom.sun.management.jmxremote.ssl=false -Djava.rmi.server.hostname=localhost -Dspring.jmx.enabled=true -Dmanagement.endpoints.jmx.exposure.include=* -Dspring.application.admin.enabled=true -Dspring.output.ansi.enabled=always -XX:TieredStopAtLevel=1 -Dspring.boot.project.name=LogInMySQL2508App -Dfile.encoding=UTF-8 -Dstdout.encoding=UTF-8 -Dstderr.encoding=UTF-8 -XX:+ShowCodeDetailsInExceptionMessages 
java_command: com.khan.LogInMySQL2508App.LogInMySQL2508AppApplication
java_class_path (initial): D:\Work\ubuntu_practice\java\spring_boot\LogInMySQL2508App\target\classes;C:\Users\HP\.p2\pool\plugins\junit-jupiter-api_5.12.2.jar;C:\Users\HP\.p2\pool\plugins\junit-jupiter-engine_5.12.2.jar;C:\Users\HP\.p2\pool\plugins\junit-jupiter-migrationsupport_5.12.2.jar;C:\Users\HP\.p2\pool\plugins\junit-jupiter-params_5.12.2.jar;C:\Users\HP\.p2\pool\plugins\junit-platform-commons_1.12.2.jar;C:\Users\HP\.p2\pool\plugins\junit-platform-engine_1.12.2.jar;C:\Users\HP\.p2\pool\plugins\junit-platform-launcher_1.12.2.jar;C:\Users\HP\.p2\pool\plugins\junit-platform-runner_1.12.2.jar;C:\Users\HP\.p2\pool\plugins\junit-platform-suite-api_1.12.2.jar;C:\Users\HP\.p2\pool\plugins\junit-platform-suite-engine_1.12.2.jar;C:\Users\HP\.p2\pool\plugins\junit-platform-suite-commons_1.12.2.jar;C:\Users\HP\.p2\pool\plugins\junit-vintage-engine_5.12.2.jar;C:\Users\HP\.p2\pool\plugins\org.opentest4j_1.3.0.jar;C:\Users\HP\.p2\pool\plugins\org.apiguardian.api_1.1.2.jar;C:\Users\HP\.p2\pool\plugins\org.junit_4.13.2.v20240929-1000.jar;C:\Users\HP\.p2\pool\plugins\org.hamcrest_3.0.0.jar;C:\Users\HP\.m2\repository\org\springframework\boot\spring-boot-starter-web\3.5.5\spring-boot-starter-web-3.5.5.jar;C:\Users\HP\.m2\repository\org\springframework\boot\spring-boot-starter\3.5.5\spring-boot-starter-3.5.5.jar;C:\Users\HP\.m2\repository\org\springframework\boot\spring-boot-starter-logging\3.5.5\spring-boot-starter-logging-3.5.5.jar;C:\Users\HP\.m2\repository\ch\qos\logback\logback-classic\1.5.18\logback-classic-1.5.18.jar;C:\Users\HP\.m2\repository\ch\qos\logback\logback-core\1.5.18\logback-core-1.5.18.jar;C:\Users\HP\.m2\repository\org\apache\logging\log4j\log4j-to-slf4j\2.24.3\log4j-to-slf4j-2.24.3.jar;C:\Users\HP\.m2\repository\org\apache\logging\log4j\log4j-api\2.24.3\log4j-api-2.24.3.jar;C:\Users\HP\.m2\repository\org\slf4j\jul-to-slf4j\2.0.17\jul-to-slf4j-2.0.17.jar;C:\Users\HP\.m2\repository\jakarta\annotation\jakarta.annotation-api\2.1.1\jakarta.annotation-api-2.1.1.jar;C:\Users\HP\.m2\repository\org\yaml\snakeyaml\2.4\snakeyaml-2.4.jar;C:\Users\HP\.m2\repository\org\springframework\boot\spring-boot-starter-json\3.5.5\spring-boot-starter-json-3.5.5.jar;C:\Users\HP\.m2\repository\com\fasterxml\jackson\datatype\jackson-datatype-jdk8\2.19.2\jackson-datatype-jdk8-2.19.2.jar;C:\Users\HP\.m2\repository\com\fasterxml\jackson\datatype\jackson-datatype-jsr310\2.19.2\jackson-datatype-jsr310-2.19.2.jar;C:\Users\HP\.m2\repository\com\fasterxml\jackson\module\jackson-module-parameter-names\2.19.2\jackson-module-parameter-names-2.19.2.jar;C:\Users\HP\.m2\repository\org\springframework\boot\spring-boot-starter-tomcat\3.5.5\spring-boot-starter-tomcat-3.5.5.jar;C:\Users\HP\.m2\repository\org\apache\tomcat\embed\tomcat-embed-core\10.1.44\tomcat-embed-core-10.1.44.jar;C:\Users\HP\.m2\repository\org\apache\tomcat\embed\tomcat-embed-websocket\10.1.44\tomcat-embed-websocket-10.1.44.jar;C:\Users\HP\.m2\repository\org\springframework\spring-web\6.2.10\spring-web-6.2.10.jar;C:\Users\HP\.m2\repository\org\springframework\spring-beans\6.2.10\spring-beans-6.2.10.jar;C:\Users\HP\.m2\repository\io\micrometer\micrometer-observation\1.15.3\micrometer-observation-1.15.3.jar;C:\Users\HP\.m2\repository\io\micrometer\micrometer-commons\1.15.3\micrometer-commons-1.15.3.jar;C:\Users\HP\.m2\repository\org\springframework\spring-webmvc\6.2.10\spring-webmvc-6.2.10.jar;C:\Users\HP\.m2\repository\org\springframework\spring-aop\6.2.10\spring-aop-6.2.10.jar;C:\Users\HP\.m2\repository\org\springframework\spring-context\6.2.10\spring-context-6.2.10.jar;C:\Users\HP\.m2\repository\org\springframework\spring-expression\6.2.10\spring-expression-6.2.10.jar;C:\Users\HP\.m2\repository\org\springframework\boot\spring-boot-starter-data-jpa\3.5.5\spring-boot-starter-data-jpa-3.5.5.jar;C:\Users\HP\.m2\repository\org\springframework\boot\spring-boot-starter-jdbc\3.5.5\spring-boot-starter-jdbc-3.5.5.jar;C:\Users\HP\.m2\repository\com\zaxxer\HikariCP\6.3.2\HikariCP-6.3.2.jar;C:\Users\HP\.m2\repository\org\springframework\spring-jdbc\6.2.10\spring-jdbc-6.2.10.jar;C:\Users\HP\.m2\repository\org\hibernate\orm\hibernate-core\6.6.26.Final\hibernate-core-6.6.26.Final.jar;C:\Users\HP\.m2\repository\jakarta\persistence\jakarta.persistence-api\3.1.0\jakarta.persistence-api-3.1.0.jar;C:\Users\HP\.m2\repository\jakarta\transaction\jakarta.transaction-api\2.0.1\jakarta.transaction-api-2.0.1.jar;C:\Users\HP\.m2\repository\org\jboss\logging\jboss-logging\3.6.1.Final\jboss-logging-3.6.1.Final.jar;C:\Users\HP\.m2\repository\org\hibernate\common\hibernate-commons-annotations\7.0.3.Final\hibernate-commons-annotations-7.0.3.Final.jar;C:\Users\HP\.m2\repository\io\smallrye\jandex\3.2.0\jandex-3.2.0.jar;C:\Users\HP\.m2\repository\com\fasterxml\classmate\1.7.0\classmate-1.7.0.jar;C:\Users\HP\.m2\repository\net\bytebuddy\byte-buddy\1.17.7\byte-buddy-1.17.7.jar;C:\Users\HP\.m2\repository\org\glassfish\jaxb\jaxb-runtime\4.0.5\jaxb-runtime-4.0.5.jar;C:\Users\HP\.m2\repository\org\glassfish\jaxb\jaxb-core\4.0.5\jaxb-core-4.0.5.jar;C:\Users\HP\.m2\repository\org\eclipse\angus\angus-activation\2.0.2\angus-activation-2.0.2.jar;C:\Users\HP\.m2\repository\org\glassfish\jaxb\txw2\4.0.5\txw2-4.0.5.jar;C:\Users\HP\.m2\repository\com\sun\istack\istack-commons-runtime\4.1.2\istack-commons-runtime-4.1.2.jar;C:\Users\HP\.m2\repository\jakarta\inject\jakarta.inject-api\2.0.1\jakarta.inject-api-2.0.1.jar;C:\Users\HP\.m2\repository\org\antlr\antlr4-runtime\4.13.0\antlr4-runtime-4.13.0.jar;C:\Users\HP\.m2\repository\org\springframework\data\spring-data-jpa\3.5.3\spring-data-jpa-3.5.3.jar;C:\Users\HP\.m2\repository\org\springframework\data\spring-data-commons\3.5.3\spring-data-commons-3.5.3.jar;C:\Users\HP\.m2\repository\org\springframework\spring-orm\6.2.10\spring-orm-6.2.10.jar;C:\Users\HP\.m2\repository\org\springframework\spring-tx\6.2.10\spring-tx-6.2.10.jar;C:\Users\HP\.m2\repository\org\slf4j\slf4j-api\2.0.17\slf4j-api-2.0.17.jar;C:\Users\HP\.m2\repository\org\springframework\spring-aspects\6.2.10\spring-aspects-6.2.10.jar;C:\Users\HP\.m2\repository\org\aspectj\aspectjweaver\1.9.24\aspectjweaver-1.9.24.jar;C:\Users\HP\.m2\repository\com\mysql\mysql-connector-j\9.4.0\mysql-connector-j-9.4.0.jar;C:\Users\HP\.m2\repository\org\projectlombok\lombok\1.18.38\lombok-1.18.38.jar;C:\Users\HP\.m2\repository\org\springframework\boot\spring-boot-starter-validation\3.5.5\spring-boot-starter-validation-3.5.5.jar;C:\Users\HP\.m2\repository\org\apache\tomcat\embed\tomcat-embed-el\10.1.44\tomcat-embed-el-10.1.44.jar;C:\Users\HP\.m2\repository\org\hibernate\validator\hibernate-validator\8.0.3.Final\hibernate-validator-8.0.3.Final.jar;C:\Users\HP\.m2\repository\jakarta\validation\jakarta.validation-api\3.0.2\jakarta.validation-api-3.0.2.jar;C:\Users\HP\.m2\repository\jakarta\xml\bind\jakarta.xml.bind-api\4.0.2\jakarta.xml.bind-api-4.0.2.jar;C:\Users\HP\.m2\repository\jakarta\activation\jakarta.activation-api\2.1.3\jakarta.activation-api-2.1.3.jar;C:\Users\HP\.m2\repository\org\springframework\spring-core\6.2.10\spring-core-6.2.10.jar;C:\Users\HP\.m2\repository\org\springframework\spring-jcl\6.2.10\spring-jcl-6.2.10.jar;C:\Users\HP\.m2\repository\org\springframework\boot\spring-boot-devtools\3.5.5\spring-boot-devtools-3.5.5.jar;C:\Users\HP\.m2\repository\org\springframework\boot\spring-boot\3.5.5\spring-boot-3.5.5.jar;C:\Users\HP\.m2\repository\org\springframework\boot\spring-boot-autoconfigure\3.5.5\spring-boot-autoconfigure-3.5.5.jar;C:\Users\HP\.m2\repository\org\springframework\security\spring-security-crypto\6.5.3\spring-security-crypto-6.5.3.jar;C:\Users\HP\.m2\repository\io\jsonwebtoken\jjwt-api\0.11.5\jjwt-api-0.11.5.jar;C:\Users\HP\.m2\repository\io\jsonwebtoken\jjwt-impl\0.11.5\jjwt-impl-0.11.5.jar;C:\Users\HP\.m2\repository\io\jsonwebtoken\jjwt-jackson\0.11.5\jjwt-jackson-0.11.5.jar;C:\Users\HP\.m2\repository\com\fasterxml\jackson\core\jackson-databind\2.19.2\jackson-databind-2.19.2.jar;C:\Users\HP\.m2\repository\com\fasterxml\jackson\core\jackson-annotations\2.19.2\jackson-annotations-2.19.2.jar;C:\Users\HP\.m2\repository\com\fasterxml\jackson\core\jackson-core\2.19.2\jackson-core-2.19.2.jar
Launcher Type: SUN_STANDARD

[Global flags]
     intx CICompilerCount                          = 4                                         {product} {ergonomic}
     uint ConcGCThreads                            = 2                                         {product} {ergonomic}
     uint G1ConcRefinementThreads                  = 8                                         {product} {ergonomic}
   size_t G1HeapRegionSize                         = 1048576                                   {product} {ergonomic}
   size_t InitialHeapSize                          = 130023424                                 {product} {ergonomic}
     bool ManagementServer                         = true                                      {product} {command line}
   size_t MarkStackSize                            = 4194304                                   {product} {ergonomic}
   size_t MarkStackSizeMax                         = 536870912                                 {product} {ergonomic}
   size_t MaxHeapSize                              = 2063597568                                {product} {ergonomic}
   size_t MaxNewSize                               = 1237319680                                {product} {ergonomic}
   size_t MinHeapDeltaBytes                        = 1048576                                   {product} {ergonomic}
   size_t MinHeapSize                              = 8388608                                   {product} {ergonomic}
    uintx NonNMethodCodeHeapSize                   = 4096                                   {pd product} {ergonomic}
    uintx NonProfiledCodeHeapSize                  = 0                                      {pd product} {ergonomic}
     bool ProfileInterpreter                       = false                                  {pd product} {command line}
    uintx ProfiledCodeHeapSize                     = 0                                      {pd product} {ergonomic}
     bool ShowCodeDetailsInExceptionMessages       = true                                   {manageable} {command line}
   size_t SoftMaxHeapSize                          = 2063597568                             {manageable} {ergonomic}
     intx TieredStopAtLevel                        = 1                                         {product} {command line}
     bool UseCompressedOops                        = true                           {product lp64_product} {ergonomic}
     bool UseG1GC                                  = true                                      {product} {ergonomic}
     bool UseLargePagesIndividualAllocation        = false                                  {pd product} {ergonomic}

Logging:
Log output configuration:
 #0: stdout all=warning uptime,level,tags foldmultilines=false
 #1: stderr all=off uptime,level,tags foldmultilines=false

Environment Variables:
JAVA_HOME=C:\Program Files\Java\jdk-23
PATH=C:\Program Files\Microsoft MPI\Bin\;C:\Program Files\Common Files\Oracle\Java\javapath;C:\Python312\Scripts\;C:\Python312\;C:\WINDOWS\system32;C:\WINDOWS;C:\WINDOWS\System32\Wbem;C:\WINDOWS\System32\WindowsPowerShell\v1.0\;C:\WINDOWS\System32\OpenSSH\;C:\Program Files\Git\cmd;C:\Program Files\Microsoft VS Code\bin;C:\ProgramData\chocolatey\bin;C:\Program Files\apache-maven-3.9.9\bin;C:\Program Files\Java\jdk-23\bin;C:\Program Files\nodejs\;C:\Program Files\Microsoft SQL Server\150\Tools\Binn\;C:\Program Files\Microsoft SQL Server\Client SDK\ODBC\170\Tools\Binn\;C:\Program Files (x86)\Microsoft SQL Server\160\Tools\Binn\;C:\Program Files\Microsoft SQL Server\160\Tools\Binn\;C:\Program Files\Microsoft SQL Server\160\DTS\Binn\;C:\Program Files (x86)\Microsoft SQL Server\160\DTS\Binn\;C:\Users\HP\AppData\Local\Microsoft\WindowsApps;C:\Program Files\JetBrains\IntelliJ IDEA Community Edition 2024.2.2\bin;C:\Users\HP\AppData\Local\Programs\Microsoft VS Code\bin;C:\Users\HP\AppData\Roaming\npm
USERNAME=HP
OS=Windows_NT
PROCESSOR_IDENTIFIER=Intel64 Family 6 Model 154 Stepping 4, GenuineIntel
TMP=C:\Users\HP\AppData\Local\Temp
TEMP=C:\Users\HP\AppData\Local\Temp




Periodic native trim disabled

---------------  S Y S T E M  ---------------

OS:
 Windows 11 , 64 bit Build 26100 (10.0.26100.7019)
OS uptime: 0 days 4:15 hours

CPU: total 8 (initial active 8) (4 cores per cpu, 2 threads per core) family 6 model 154 stepping 4 microcode 0x437, cx8, cmov, fxsr, ht, mmx, 3dnowpref, sse, sse2, sse3, ssse3, sse4.1, sse4.2, popcnt, lzcnt, tsc, tscinvbit, avx, avx2, aes, erms, clmul, bmi1, bmi2, adx, sha, fma, vzeroupper, clflush, clflushopt, clwb, serialize, rdtscp, rdpid, fsrm, gfni, f16c, pku, cet_ibt, cet_ss
Processor Information for processor 0
  Max Mhz: 1200, Current Mhz: 1200, Mhz Limit: 1200
Processor Information for processor 1
  Max Mhz: 1200, Current Mhz: 1200, Mhz Limit: 1200
Processor Information for processor 2
  Max Mhz: 1200, Current Mhz: 1200, Mhz Limit: 1200
Processor Information for processor 3
  Max Mhz: 1200, Current Mhz: 1200, Mhz Limit: 1200
Processor Information for processor 4
  Max Mhz: 1200, Current Mhz: 900, Mhz Limit: 900
Processor Information for processor 5
  Max Mhz: 1200, Current Mhz: 900, Mhz Limit: 900
Processor Information for processor 6
  Max Mhz: 1200, Current Mhz: 900, Mhz Limit: 900
Processor Information for processor 7
  Max Mhz: 1200, Current Mhz: 900, Mhz Limit: 900

Memory: 4k page, system-wide physical 7865M (611M free)
TotalPageFile size 25490M (AvailPageFile size 0M)
current process WorkingSet (physical memory assigned to process): 68M, peak: 229M
current process commit charge ("private bytes"): 272M, peak: 274M

vm_info: Java HotSpot(TM) 64-Bit Server VM (23.0.1+11-39) for windows-amd64 JRE (23.0.1+11-39), built on 2024-09-30T07:20:43Z with MS VC++ 17.6 (VS2022)

END.
