#
# There is insufficient memory for the Java Runtime Environment to continue.
# Native memory allocation (malloc) failed to allocate 830096 bytes. Error detail: Chunk::new
# Possible reasons:
#   The system is out of physical RAM or swap space
#   This process is running with CompressedOops enabled, and the Java Heap may be blocking the growth of the native heap
# Possible solutions:
#   Reduce memory load on the system
#   Increase physical memory or swap space
#   Check if swap backing store is full
#   Decrease Java heap size (-Xmx/-Xms)
#   Decrease number of Java threads
#   Decrease Java thread stack sizes (-Xss)
#   Set larger code cache with -XX:ReservedCodeCacheSize=
#   JVM is running with Unscaled Compressed Oops mode in which the Java heap is
#     placed in the first 4GB address space. The Java Heap base address is the
#     maximum limit for the native heap growth. Please use -XX:HeapBaseMinAddress
#     to set the Java Heap base and to place the Java Heap above 4GB virtual address.
# This output file may be truncated or incomplete.
#
#  Out of Memory Error (arena.cpp:149), pid=25380, tid=25892
#
# JRE version: Java(TM) SE Runtime Environment (23.0.1+11) (build 23.0.1+11-39)
# Java VM: Java HotSpot(TM) 64-Bit Server VM (23.0.1+11-39, mixed mode, sharing, tiered, compressed oops, compressed class ptrs, parallel gc, windows-amd64)
# No core dump will be written. Minidumps are not enabled by default on client versions of Windows
#

---------------  S U M M A R Y ------------

Command Line: --add-modules=ALL-SYSTEM --add-opens=java.base/java.util=ALL-UNNAMED --add-opens=java.base/java.lang=ALL-UNNAMED --add-opens=java.base/sun.nio.fs=ALL-UNNAMED -Declipse.application=org.eclipse.jdt.ls.core.id1 -Dosgi.bundles.defaultStartLevel=4 -Declipse.product=org.eclipse.jdt.ls.core.product -Djava.import.generatesMetadataFilesAtProjectRoot=false -DDetectVMInstallationsJob.disabled=true -Dfile.encoding=utf8 -XX:+UseParallelGC -XX:GCTimeRatio=4 -XX:AdaptiveSizePolicyWeight=90 -Dsun.zip.disableMemoryMapping=true -Xmx1G -Xms100m -Xlog:disable -javaagent:c:\Users\HP\.vscode\extensions\redhat.java-1.36.0-win32-x64\lombok\lombok-1.18.35.jar -XX:+HeapDumpOnOutOfMemoryError -XX:HeapDumpPath=c:\Users\HP\AppData\Roaming\Code\User\workspaceStorage\d4e0279ac66a14079e57638f7153a3c7\redhat.java -Daether.dependencyCollector.impl=bf c:\Users\HP\.vscode\extensions\redhat.java-1.36.0-win32-x64\server\plugins\org.eclipse.equinox.launcher_1.6.900.v20240613-2009.jar -configuration c:\Users\HP\AppData\Roaming\Code\User\globalStorage\redhat.java\1.36.0\config_win -data c:\Users\HP\AppData\Roaming\Code\User\workspaceStorage\d4e0279ac66a14079e57638f7153a3c7\redhat.java\jdt_ws --pipe=\\.\pipe\lsp-5d0bb1863519ee90b9bcb789d3cd5e99-sock

Host: 12th Gen Intel(R) Core(TM) i3-1215U, 8 cores, 7G,  Windows 11 , 64 bit Build 22621 (10.0.22621.3958)
Time: Sat Nov  9 18:55:01 2024 Tokyo Standard Time elapsed time: 15.956179 seconds (0d 0h 0m 15s)

---------------  T H R E A D  ---------------

Current thread (0x0000021fb642aed0):  JavaThread "C2 CompilerThread0" daemon [_thread_in_native, id=25892, stack(0x000000adf1000000,0x000000adf1100000) (1024K)]


Current CompileTask:
C2:15956 11823       4       org.codehaus.plexus.util.xml.pull.MXParser::parseAttribute (1429 bytes)

Stack: [0x000000adf1000000,0x000000adf1100000]
Native frames: (J=compiled Java code, j=interpreted, Vv=VM code, C=native code)
V  [jvm.dll+0x6e08b9]  (no source info available)
V  [jvm.dll+0x87dc83]  (no source info available)
V  [jvm.dll+0x88010e]  (no source info available)
V  [jvm.dll+0x8807e3]  (no source info available)
V  [jvm.dll+0x27aee6]  (no source info available)
V  [jvm.dll+0xbc06f]  (no source info available)
V  [jvm.dll+0xbc2cb]  (no source info available)
V  [jvm.dll+0x3b3a62]  (no source info available)
V  [jvm.dll+0x38a42b]  (no source info available)
V  [jvm.dll+0x38989a]  (no source info available)
V  [jvm.dll+0x244aa1]  (no source info available)
V  [jvm.dll+0x243dff]  (no source info available)
V  [jvm.dll+0x1c33a0]  (no source info available)
V  [jvm.dll+0x253cf1]  (no source info available)
V  [jvm.dll+0x251faa]  (no source info available)
V  [jvm.dll+0x3ee036]  (no source info available)
V  [jvm.dll+0x824f8b]  (no source info available)
V  [jvm.dll+0x6df065]  (no source info available)
C  [ucrtbase.dll+0x29333]  (no source info available)
C  [KERNEL32.DLL+0x1257d]  (no source info available)
C  [ntdll.dll+0x5af08]  (no source info available)

Lock stack of current Java thread (top to bottom):


---------------  P R O C E S S  ---------------

Threads class SMR info:
_java_thread_list=0x0000021f816799e0, length=42, elements={
0x0000021f9b7e2e50, 0x0000021fb641d300, 0x0000021fb641e8c0, 0x0000021fb6420e00,
0x0000021fb6422560, 0x0000021fb6424460, 0x0000021fb6429720, 0x0000021fb642aed0,
0x0000021fb643e240, 0x0000021ffd0ef650, 0x0000021ffd353180, 0x0000021ffdb64940,
0x0000021ffdb45910, 0x0000021ffdb3ac70, 0x0000021ffde98ec0, 0x0000021ffe34f410,
0x0000021ffe594430, 0x0000021ffe4c1890, 0x0000021ffe4c25b0, 0x0000021ffe4c1f20,
0x0000021ffe4c1200, 0x0000021ffe4c2c40, 0x0000021ffe4c32d0, 0x0000021fff9daca0,
0x0000021fff9da610, 0x0000021fff9d7190, 0x0000021fff9dc050, 0x0000021fff9d9260,
0x0000021fff9d7820, 0x0000021fff9dc6e0, 0x0000021fff9dd400, 0x0000021fff9d6470,
0x0000021fff9db9c0, 0x0000021fff9d98f0, 0x0000021fff9d7eb0, 0x0000021f81160010,
0x0000021ffd0bb030, 0x0000021ffd263070, 0x0000021f83216d90, 0x0000021f83217420,
0x0000021f83218e60, 0x0000021f83217ab0
}

Java Threads: ( => current thread )
  0x0000021f9b7e2e50 JavaThread "main"                              [_thread_blocked, id=10136, stack(0x000000adf0600000,0x000000adf0700000) (1024K)]
  0x0000021fb641d300 JavaThread "Reference Handler"          daemon [_thread_blocked, id=28564, stack(0x000000adf0a00000,0x000000adf0b00000) (1024K)]
  0x0000021fb641e8c0 JavaThread "Finalizer"                  daemon [_thread_blocked, id=26888, stack(0x000000adf0b00000,0x000000adf0c00000) (1024K)]
  0x0000021fb6420e00 JavaThread "Signal Dispatcher"          daemon [_thread_blocked, id=16948, stack(0x000000adf0c00000,0x000000adf0d00000) (1024K)]
  0x0000021fb6422560 JavaThread "Attach Listener"            daemon [_thread_blocked, id=27436, stack(0x000000adf0d00000,0x000000adf0e00000) (1024K)]
  0x0000021fb6424460 JavaThread "Service Thread"             daemon [_thread_blocked, id=22900, stack(0x000000adf0e00000,0x000000adf0f00000) (1024K)]
  0x0000021fb6429720 JavaThread "Monitor Deflation Thread"   daemon [_thread_blocked, id=26588, stack(0x000000adf0f00000,0x000000adf1000000) (1024K)]
=>0x0000021fb642aed0 JavaThread "C2 CompilerThread0"         daemon [_thread_in_native, id=25892, stack(0x000000adf1000000,0x000000adf1100000) (1024K)]
  0x0000021fb643e240 JavaThread "C1 CompilerThread0"         daemon [_thread_in_vm, id=28556, stack(0x000000adf1100000,0x000000adf1200000) (1024K)]
  0x0000021ffd0ef650 JavaThread "Common-Cleaner"             daemon [_thread_blocked, id=9312, stack(0x000000adf1200000,0x000000adf1300000) (1024K)]
  0x0000021ffd353180 JavaThread "Notification Thread"        daemon [_thread_blocked, id=4760, stack(0x000000adf1300000,0x000000adf1400000) (1024K)]
  0x0000021ffdb64940 JavaThread "Active Thread: Equinox Container: 75390742-bc13-4c2f-879e-dd4c1b25fcde"        [_thread_blocked, id=27004, stack(0x000000adf1c00000,0x000000adf1d00000) (1024K)]
  0x0000021ffdb45910 JavaThread "Framework Event Dispatcher: Equinox Container: 75390742-bc13-4c2f-879e-dd4c1b25fcde" daemon [_thread_blocked, id=2188, stack(0x000000adf1e00000,0x000000adf1f00000) (1024K)]
  0x0000021ffdb3ac70 JavaThread "Start Level: Equinox Container: 75390742-bc13-4c2f-879e-dd4c1b25fcde" daemon [_thread_blocked, id=9244, stack(0x000000adf1f00000,0x000000adf2000000) (1024K)]
  0x0000021ffde98ec0 JavaThread "Bundle File Closer"         daemon [_thread_blocked, id=24664, stack(0x000000adf2000000,0x000000adf2100000) (1024K)]
  0x0000021ffe34f410 JavaThread "SCR Component Actor"        daemon [_thread_blocked, id=22996, stack(0x000000adf2100000,0x000000adf2200000) (1024K)]
  0x0000021ffe594430 JavaThread "Worker-JM"                         [_thread_blocked, id=27992, stack(0x000000adf2300000,0x000000adf2400000) (1024K)]
  0x0000021ffe4c1890 JavaThread "Worker-0"                          [_thread_blocked, id=28472, stack(0x000000adf2400000,0x000000adf2500000) (1024K)]
  0x0000021ffe4c25b0 JavaThread "Worker-1"                          [_thread_blocked, id=20444, stack(0x000000adf2500000,0x000000adf2600000) (1024K)]
  0x0000021ffe4c1f20 JavaThread "Java indexing"              daemon [_thread_in_Java, id=27924, stack(0x000000adf2600000,0x000000adf2700000) (1024K)]
  0x0000021ffe4c1200 JavaThread "JNA Cleaner"                daemon [_thread_blocked, id=23160, stack(0x000000adf2700000,0x000000adf2800000) (1024K)]
  0x0000021ffe4c2c40 JavaThread "Thread-2"                   daemon [_thread_in_native, id=23788, stack(0x000000adf1500000,0x000000adf1600000) (1024K)]
  0x0000021ffe4c32d0 JavaThread "Thread-3"                   daemon [_thread_in_native, id=13672, stack(0x000000adf2a00000,0x000000adf2b00000) (1024K)]
  0x0000021fff9daca0 JavaThread "Thread-4"                   daemon [_thread_in_native, id=21740, stack(0x000000adf2b00000,0x000000adf2c00000) (1024K)]
  0x0000021fff9da610 JavaThread "Thread-5"                   daemon [_thread_in_native, id=18976, stack(0x000000adf2c00000,0x000000adf2d00000) (1024K)]
  0x0000021fff9d7190 JavaThread "Thread-6"                   daemon [_thread_in_native, id=27872, stack(0x000000adf2d00000,0x000000adf2e00000) (1024K)]
  0x0000021fff9dc050 JavaThread "Thread-7"                   daemon [_thread_in_native, id=28420, stack(0x000000adf2e00000,0x000000adf2f00000) (1024K)]
  0x0000021fff9d9260 JavaThread "Thread-8"                   daemon [_thread_in_native, id=26036, stack(0x000000adf2f00000,0x000000adf3000000) (1024K)]
  0x0000021fff9d7820 JavaThread "Thread-9"                   daemon [_thread_in_native, id=10984, stack(0x000000adf3000000,0x000000adf3100000) (1024K)]
  0x0000021fff9dc6e0 JavaThread "Thread-10"                  daemon [_thread_in_native, id=27164, stack(0x000000adf3100000,0x000000adf3200000) (1024K)]
  0x0000021fff9dd400 JavaThread "pool-2-thread-1"                   [_thread_blocked, id=20284, stack(0x000000adf3200000,0x000000adf3300000) (1024K)]
  0x0000021fff9d6470 JavaThread "WorkspaceEventsHandler"            [_thread_blocked, id=26176, stack(0x000000adf3300000,0x000000adf3400000) (1024K)]
  0x0000021fff9db9c0 JavaThread "pool-1-thread-1"                   [_thread_blocked, id=24260, stack(0x000000adf3400000,0x000000adf3500000) (1024K)]
  0x0000021fff9d98f0 JavaThread "Worker-2: Initialize Workspace"        [_thread_blocked, id=5824, stack(0x000000adf3600000,0x000000adf3700000) (1024K)]
  0x0000021fff9d7eb0 JavaThread "Worker-3"                          [_thread_blocked, id=1608, stack(0x000000adf3700000,0x000000adf3800000) (1024K)]
  0x0000021f81160010 JavaThread "C2 CompilerThread1"         daemon [_thread_in_native, id=28232, stack(0x000000adf1400000,0x000000adf1500000) (1024K)]
  0x0000021ffd0bb030 JavaThread "Worker-4: Java indexing... "        [_thread_blocked, id=28152, stack(0x000000adf3500000,0x000000adf3600000) (1024K)]
  0x0000021ffd263070 JavaThread "C2 CompilerThread2"         daemon [_thread_in_native, id=22704, stack(0x000000adf3a00000,0x000000adf3b00000) (1024K)]
  0x0000021f83216d90 JavaThread "ParallelDescriptorResolver-2-0" daemon [_thread_new, id=24092, stack(0x0000000000000000,0x0000000000000000) (0B)]
  0x0000021f83217420 JavaThread "ParallelDescriptorResolver-2-1" daemon [_thread_new, id=20324, stack(0x0000000000000000,0x0000000000000000) (0B)]
  0x0000021f83218e60 JavaThread "ParallelDescriptorResolver-2-2" daemon [_thread_new, id=27672, stack(0x0000000000000000,0x0000000000000000) (0B)]
  0x0000021f83217ab0 JavaThread "ParallelDescriptorResolver-2-3" daemon [_thread_new, id=1104, stack(0x0000000000000000,0x0000000000000000) (0B)]
Total: 42

Other Threads:
  0x0000021fb6413070 VMThread "VM Thread"                           [id=2288, stack(0x000000adf0900000,0x000000adf0a00000) (1024K)]
  0x0000021f9db9b0a0 WatcherThread "VM Periodic Task Thread"        [id=25820, stack(0x000000adf0800000,0x000000adf0900000) (1024K)]
  0x0000021f9db4be50 WorkerThread "GC Thread#0"                     [id=5208, stack(0x000000adf0700000,0x000000adf0800000) (1024K)]
  0x0000021ffdb93a90 WorkerThread "GC Thread#1"                     [id=23356, stack(0x000000adf1600000,0x000000adf1700000) (1024K)]
  0x0000021ffdbb0930 WorkerThread "GC Thread#2"                     [id=4852, stack(0x000000adf1700000,0x000000adf1800000) (1024K)]
  0x0000021ffdbb0ce0 WorkerThread "GC Thread#3"                     [id=24068, stack(0x000000adf1800000,0x000000adf1900000) (1024K)]
  0x0000021ffdc182f0 WorkerThread "GC Thread#4"                     [id=28160, stack(0x000000adf1900000,0x000000adf1a00000) (1024K)]
  0x0000021ffdc186a0 WorkerThread "GC Thread#5"                     [id=3468, stack(0x000000adf1a00000,0x000000adf1b00000) (1024K)]
  0x0000021ffdc18a50 WorkerThread "GC Thread#6"                     [id=24516, stack(0x000000adf1b00000,0x000000adf1c00000) (1024K)]
  0x0000021ffde47a40 WorkerThread "GC Thread#7"                     [id=14156, stack(0x000000adf1d00000,0x000000adf1e00000) (1024K)]
Total: 10

Threads with active compile tasks:
C2 CompilerThread0  16056 11823       4       org.codehaus.plexus.util.xml.pull.MXParser::parseAttribute (1429 bytes)
C2 CompilerThread1  16056 11845       4       java.util.Properties::load0 (249 bytes)
C2 CompilerThread2  16057 11891       4       java.util.ArrayList$ArrayListSpliterator::forEachRemaining (127 bytes)
Total: 3

VM state: not at safepoint (normal execution)

VM Mutex/Monitor currently owned by a thread: None

Heap address: 0x00000000c0000000, size: 1024 MB, Compressed Oops mode: 32-bit

CDS archive(s) mapped at: [0x0000021fb7000000-0x0000021fb7d70000-0x0000021fb7d70000), size 14090240, SharedBaseAddress: 0x0000021fb7000000, ArchiveRelocationMode: 1.
Compressed class space mapped at: 0x0000021fb8000000-0x0000021ff8000000, reserved size: 1073741824
Narrow klass base: 0x0000021fb7000000, Narrow klass shift: 0, Narrow klass range: 0x41000000

GC Precious Log:
 CardTable entry size: 512
 CPUs: 8 total, 8 available
 Memory: 7865M
 Large Page Support: Disabled
 NUMA Support: Disabled
 Compressed Oops: Enabled (32-bit)
 Alignments: Space 512K, Generation 512K, Heap 2M
 Heap Min Capacity: 100M
 Heap Initial Capacity: 100M
 Heap Max Capacity: 1G
 Pre-touch: Disabled
 Parallel Workers: 8

Heap:
 PSYoungGen      total 31232K, used 16234K [0x00000000eab00000, 0x00000000ecc00000, 0x0000000100000000)
  eden space 28672K, 47% used [0x00000000eab00000,0x00000000eb860e50,0x00000000ec700000)
  from space 2560K, 99% used [0x00000000ec700000,0x00000000ec979d48,0x00000000ec980000)
  to   space 2560K, 0% used [0x00000000ec980000,0x00000000ec980000,0x00000000ecc00000)
 ParOldGen       total 276992K, used 276673K [0x00000000c0000000, 0x00000000d0e80000, 0x00000000eab00000)
  object space 276992K, 99% used [0x00000000c0000000,0x00000000d0e30568,0x00000000d0e80000)
 Metaspace       used 58109K, committed 59456K, reserved 1114112K
  class space    used 6332K, committed 6912K, reserved 1048576K

Card table byte_map: [0x0000021f9d610000,0x0000021f9d810000] _byte_map_base: 0x0000021f9d010000

Marking Bits: (ParMarkBitMap*) 0x00007ff806408760
 Begin Bits: [0x0000021fb5250000, 0x0000021fb6250000)

Polling page: 0x0000021f9b990000

Metaspace:

Usage:
  Non-class:     50.56 MB used.
      Class:      6.18 MB used.
       Both:     56.75 MB used.

Virtual space:
  Non-class space:       64.00 MB reserved,      51.31 MB ( 80%) committed,  1 nodes.
      Class space:        1.00 GB reserved,       6.75 MB ( <1%) committed,  1 nodes.
             Both:        1.06 GB reserved,      58.06 MB (  5%) committed. 

Chunk freelists:
   Non-Class:  12.74 MB
       Class:  9.11 MB
        Both:  21.85 MB

MaxMetaspaceSize: unlimited
CompressedClassSpaceSize: 1.00 GB
Initial GC threshold: 21.00 MB
Current GC threshold: 58.38 MB
CDS: on
 - commit_granule_bytes: 65536.
 - commit_granule_words: 8192.
 - virtual_space_node_default_size: 8388608.
 - enlarge_chunks_in_place: 1.
 - use_allocation_guard: 0.


Internal statistics:

num_allocs_failed_limit: 6.
num_arena_births: 868.
num_arena_deaths: 14.
num_vsnodes_births: 2.
num_vsnodes_deaths: 0.
num_space_committed: 929.
num_space_uncommitted: 0.
num_chunks_returned_to_freelist: 20.
num_chunks_taken_from_freelist: 3204.
num_chunk_merges: 10.
num_chunk_splits: 2067.
num_chunks_enlarged: 1321.
num_inconsistent_stats: 0.

CodeHeap 'non-profiled nmethods': size=120064Kb used=6704Kb max_used=6704Kb free=113359Kb
 bounds [0x0000021fadd10000, 0x0000021fae3a0000, 0x0000021fb5250000]
CodeHeap 'profiled nmethods': size=120000Kb used=18990Kb max_used=18990Kb free=101010Kb
 bounds [0x0000021fa6250000, 0x0000021fa74e0000, 0x0000021fad780000]
CodeHeap 'non-nmethods': size=5696Kb used=1439Kb max_used=1553Kb free=4256Kb
 bounds [0x0000021fad780000, 0x0000021fad9f0000, 0x0000021fadd10000]
CodeCache: size=245760Kb, used=27133Kb, max_used=27247Kb, free=218625Kb
 total_blobs=12080, nmethods=11330, adapters=657, full_count=0
Compilation: enabled, stopped_count=0, restarted_count=0

Compilation events (20 events):
Event: 15.925 Thread 0x0000021fb643e240 11831       3       java.util.TreeMap$ValueIterator::<init> (7 bytes)
Event: 15.925 Thread 0x0000021fb643e240 nmethod 11831 0x0000021fa74cc688 code [0x0000021fa74cc7a0, 0x0000021fa74cc9b8]
Event: 15.925 Thread 0x0000021fb643e240 11832       3       java.util.TreeMap::values (25 bytes)
Event: 15.925 Thread 0x0000021fb643e240 nmethod 11832 0x0000021fa74cca08 code [0x0000021fa74ccb40, 0x0000021fa74cce20]
Event: 15.925 Thread 0x0000021fb643e240 11833       3       java.util.TreeMap$Values::<init> (10 bytes)
Event: 15.925 Thread 0x0000021fb643e240 nmethod 11833 0x0000021fa74cce88 code [0x0000021fa74ccfa0, 0x0000021fa74cd180]
Event: 15.926 Thread 0x0000021fb643e240 11835       1       org.apache.maven.plugin.descriptor.MojoDescriptor::setPluginDescriptor (6 bytes)
Event: 15.926 Thread 0x0000021fb643e240 nmethod 11835 0x0000021fae391b88 code [0x0000021fae391ca0, 0x0000021fae391d88]
Event: 15.927 Thread 0x0000021fb643e240 11838       3       java.util.Calendar::isPartiallyNormalized (20 bytes)
Event: 15.927 Thread 0x0000021fb643e240 nmethod 11838 0x0000021fa74cd208 code [0x0000021fa74cd320, 0x0000021fa74cd4b0]
Event: 15.929 Thread 0x0000021ffd263070 nmethod 11834 0x0000021fae391e88 code [0x0000021fae391fe0, 0x0000021fae392448]
Event: 15.929 Thread 0x0000021ffd263070 11837       4       org.codehaus.plexus.util.xml.pull.MXParser::requireInput (104 bytes)
Event: 15.931 Thread 0x0000021f81160010 nmethod 11822 0x0000021fae392508 code [0x0000021fae3926c0, 0x0000021fae3930b8]
Event: 15.931 Thread 0x0000021f81160010 11839       4       java.util.LinkedList::unlinkFirst (64 bytes)
Event: 15.932 Thread 0x0000021f81160010 nmethod 11839 0x0000021fae393188 code [0x0000021fae393280, 0x0000021fae393348]
Event: 15.932 Thread 0x0000021f81160010 11836       4       java.io.FileInputStream::available (5 bytes)
Event: 15.932 Thread 0x0000021f81160010 nmethod 11836 0x0000021fae393488 code [0x0000021fae3935a0, 0x0000021fae393640]
Event: 15.936 Thread 0x0000021ffd263070 nmethod 11837 0x0000021fae393788 code [0x0000021fae393900, 0x0000021fae393da8]
Event: 15.946 Thread 0x0000021fb643e240 11840       1       org.apache.maven.artifact.repository.MavenArtifactRepository::getBasedir (5 bytes)
Event: 15.946 Thread 0x0000021fb643e240 nmethod 11840 0x0000021fae393e88 code [0x0000021fae393fa0, 0x0000021fae394068]

GC Heap History (20 events):
Event: 15.080 GC heap before
{Heap before GC invocations=76 (full 2):
 PSYoungGen      total 29184K, used 29169K [0x00000000eab00000, 0x00000000ed200000, 0x0000000100000000)
  eden space 25600K, 100% used [0x00000000eab00000,0x00000000ec400000,0x00000000ec400000)
  from space 3584K, 99% used [0x00000000ec480000,0x00000000ec7fc7c8,0x00000000ec800000)
  to   space 7168K, 0% used [0x00000000ecb00000,0x00000000ecb00000,0x00000000ed200000)
 ParOldGen       total 236544K, used 236347K [0x00000000c0000000, 0x00000000ce700000, 0x00000000eab00000)
  object space 236544K, 99% used [0x00000000c0000000,0x00000000ce6cecf0,0x00000000ce700000)
 Metaspace       used 57449K, committed 58752K, reserved 1114112K
  class space    used 6273K, committed 6848K, reserved 1048576K
}
Event: 15.084 GC heap after
{Heap after GC invocations=76 (full 2):
 PSYoungGen      total 29696K, used 4503K [0x00000000eab00000, 0x00000000ecf80000, 0x0000000100000000)
  eden space 25088K, 0% used [0x00000000eab00000,0x00000000eab00000,0x00000000ec380000)
  from space 4608K, 97% used [0x00000000ecb00000,0x00000000ecf65c08,0x00000000ecf80000)
  to   space 5632K, 0% used [0x00000000ec480000,0x00000000ec480000,0x00000000eca00000)
 ParOldGen       total 239616K, used 239493K [0x00000000c0000000, 0x00000000cea00000, 0x00000000eab00000)
  object space 239616K, 99% used [0x00000000c0000000,0x00000000ce9e15b0,0x00000000cea00000)
 Metaspace       used 57449K, committed 58752K, reserved 1114112K
  class space    used 6273K, committed 6848K, reserved 1048576K
}
Event: 15.189 GC heap before
{Heap before GC invocations=77 (full 2):
 PSYoungGen      total 29696K, used 29585K [0x00000000eab00000, 0x00000000ecf80000, 0x0000000100000000)
  eden space 25088K, 99% used [0x00000000eab00000,0x00000000ec37e8b8,0x00000000ec380000)
  from space 4608K, 97% used [0x00000000ecb00000,0x00000000ecf65c08,0x00000000ecf80000)
  to   space 5632K, 0% used [0x00000000ec480000,0x00000000ec480000,0x00000000eca00000)
 ParOldGen       total 239616K, used 239493K [0x00000000c0000000, 0x00000000cea00000, 0x00000000eab00000)
  object space 239616K, 99% used [0x00000000c0000000,0x00000000ce9e15b0,0x00000000cea00000)
 Metaspace       used 57449K, committed 58752K, reserved 1114112K
  class space    used 6273K, committed 6848K, reserved 1048576K
}
Event: 15.194 GC heap after
{Heap after GC invocations=77 (full 2):
 PSYoungGen      total 30208K, used 5578K [0x00000000eab00000, 0x00000000ecf00000, 0x0000000100000000)
  eden space 24576K, 0% used [0x00000000eab00000,0x00000000eab00000,0x00000000ec300000)
  from space 5632K, 99% used [0x00000000ec480000,0x00000000ec9f2b08,0x00000000eca00000)
  to   space 5120K, 0% used [0x00000000eca00000,0x00000000eca00000,0x00000000ecf00000)
 ParOldGen       total 243712K, used 243655K [0x00000000c0000000, 0x00000000cee00000, 0x00000000eab00000)
  object space 243712K, 99% used [0x00000000c0000000,0x00000000cedf1ea8,0x00000000cee00000)
 Metaspace       used 57449K, committed 58752K, reserved 1114112K
  class space    used 6273K, committed 6848K, reserved 1048576K
}
Event: 15.275 GC heap before
{Heap before GC invocations=78 (full 2):
 PSYoungGen      total 30208K, used 30154K [0x00000000eab00000, 0x00000000ecf00000, 0x0000000100000000)
  eden space 24576K, 100% used [0x00000000eab00000,0x00000000ec300000,0x00000000ec300000)
  from space 5632K, 99% used [0x00000000ec480000,0x00000000ec9f2b08,0x00000000eca00000)
  to   space 5120K, 0% used [0x00000000eca00000,0x00000000eca00000,0x00000000ecf00000)
 ParOldGen       total 243712K, used 243655K [0x00000000c0000000, 0x00000000cee00000, 0x00000000eab00000)
  object space 243712K, 99% used [0x00000000c0000000,0x00000000cedf1ea8,0x00000000cee00000)
 Metaspace       used 57449K, committed 58752K, reserved 1114112K
  class space    used 6273K, committed 6848K, reserved 1048576K
}
Event: 15.279 GC heap after
{Heap after GC invocations=78 (full 2):
 PSYoungGen      total 24576K, used 5112K [0x00000000eab00000, 0x00000000eda80000, 0x0000000100000000)
  eden space 19456K, 0% used [0x00000000eab00000,0x00000000eab00000,0x00000000ebe00000)
  from space 5120K, 99% used [0x00000000eca00000,0x00000000ecefe370,0x00000000ecf00000)
  to   space 12288K, 0% used [0x00000000ebe00000,0x00000000ebe00000,0x00000000eca00000)
 ParOldGen       total 249856K, used 249529K [0x00000000c0000000, 0x00000000cf400000, 0x00000000eab00000)
  object space 249856K, 99% used [0x00000000c0000000,0x00000000cf3ae768,0x00000000cf400000)
 Metaspace       used 57449K, committed 58752K, reserved 1114112K
  class space    used 6273K, committed 6848K, reserved 1048576K
}
Event: 15.347 GC heap before
{Heap before GC invocations=79 (full 2):
 PSYoungGen      total 24576K, used 24568K [0x00000000eab00000, 0x00000000eda80000, 0x0000000100000000)
  eden space 19456K, 100% used [0x00000000eab00000,0x00000000ebe00000,0x00000000ebe00000)
  from space 5120K, 99% used [0x00000000eca00000,0x00000000ecefe370,0x00000000ecf00000)
  to   space 12288K, 0% used [0x00000000ebe00000,0x00000000ebe00000,0x00000000eca00000)
 ParOldGen       total 249856K, used 249529K [0x00000000c0000000, 0x00000000cf400000, 0x00000000eab00000)
  object space 249856K, 99% used [0x00000000c0000000,0x00000000cf3ae768,0x00000000cf400000)
 Metaspace       used 57451K, committed 58752K, reserved 1114112K
  class space    used 6273K, committed 6848K, reserved 1048576K
}
Event: 15.351 GC heap after
{Heap after GC invocations=79 (full 2):
 PSYoungGen      total 24064K, used 4598K [0x00000000eab00000, 0x00000000ecc00000, 0x0000000100000000)
  eden space 19456K, 0% used [0x00000000eab00000,0x00000000eab00000,0x00000000ebe00000)
  from space 4608K, 99% used [0x00000000ebe00000,0x00000000ec27dac0,0x00000000ec280000)
  to   space 7168K, 0% used [0x00000000ec500000,0x00000000ec500000,0x00000000ecc00000)
 ParOldGen       total 254464K, used 254415K [0x00000000c0000000, 0x00000000cf880000, 0x00000000eab00000)
  object space 254464K, 99% used [0x00000000c0000000,0x00000000cf873cb0,0x00000000cf880000)
 Metaspace       used 57451K, committed 58752K, reserved 1114112K
  class space    used 6273K, committed 6848K, reserved 1048576K
}
Event: 15.390 GC heap before
{Heap before GC invocations=80 (full 2):
 PSYoungGen      total 24064K, used 24054K [0x00000000eab00000, 0x00000000ecc00000, 0x0000000100000000)
  eden space 19456K, 100% used [0x00000000eab00000,0x00000000ebe00000,0x00000000ebe00000)
  from space 4608K, 99% used [0x00000000ebe00000,0x00000000ec27dac0,0x00000000ec280000)
  to   space 7168K, 0% used [0x00000000ec500000,0x00000000ec500000,0x00000000ecc00000)
 ParOldGen       total 254464K, used 254415K [0x00000000c0000000, 0x00000000cf880000, 0x00000000eab00000)
  object space 254464K, 99% used [0x00000000c0000000,0x00000000cf873cb0,0x00000000cf880000)
 Metaspace       used 57451K, committed 58752K, reserved 1114112K
  class space    used 6273K, committed 6848K, reserved 1048576K
}
Event: 15.394 GC heap after
{Heap after GC invocations=80 (full 2):
 PSYoungGen      total 28672K, used 4165K [0x00000000eab00000, 0x00000000ecc00000, 0x0000000100000000)
  eden space 21504K, 0% used [0x00000000eab00000,0x00000000eab00000,0x00000000ec000000)
  from space 7168K, 58% used [0x00000000ec500000,0x00000000ec911580,0x00000000ecc00000)
  to   space 5120K, 0% used [0x00000000ec000000,0x00000000ec000000,0x00000000ec500000)
 ParOldGen       total 259072K, used 258729K [0x00000000c0000000, 0x00000000cfd00000, 0x00000000eab00000)
  object space 259072K, 99% used [0x00000000c0000000,0x00000000cfcaa700,0x00000000cfd00000)
 Metaspace       used 57451K, committed 58752K, reserved 1114112K
  class space    used 6273K, committed 6848K, reserved 1048576K
}
Event: 15.454 GC heap before
{Heap before GC invocations=81 (full 2):
 PSYoungGen      total 28672K, used 25669K [0x00000000eab00000, 0x00000000ecc00000, 0x0000000100000000)
  eden space 21504K, 100% used [0x00000000eab00000,0x00000000ec000000,0x00000000ec000000)
  from space 7168K, 58% used [0x00000000ec500000,0x00000000ec911580,0x00000000ecc00000)
  to   space 5120K, 0% used [0x00000000ec000000,0x00000000ec000000,0x00000000ec500000)
 ParOldGen       total 259072K, used 258729K [0x00000000c0000000, 0x00000000cfd00000, 0x00000000eab00000)
  object space 259072K, 99% used [0x00000000c0000000,0x00000000cfcaa700,0x00000000cfd00000)
 Metaspace       used 57715K, committed 59008K, reserved 1114112K
  class space    used 6308K, committed 6848K, reserved 1048576K
}
Event: 15.458 GC heap after
{Heap after GC invocations=81 (full 2):
 PSYoungGen      total 26624K, used 3923K [0x00000000eab00000, 0x00000000ecc00000, 0x0000000100000000)
  eden space 21504K, 0% used [0x00000000eab00000,0x00000000eab00000,0x00000000ec000000)
  from space 5120K, 76% used [0x00000000ec000000,0x00000000ec3d4fb0,0x00000000ec500000)
  to   space 4096K, 0% used [0x00000000ec800000,0x00000000ec800000,0x00000000ecc00000)
 ParOldGen       total 263168K, used 262756K [0x00000000c0000000, 0x00000000d0100000, 0x00000000eab00000)
  object space 263168K, 99% used [0x00000000c0000000,0x00000000d0099000,0x00000000d0100000)
 Metaspace       used 57715K, committed 59008K, reserved 1114112K
  class space    used 6308K, committed 6848K, reserved 1048576K
}
Event: 15.556 GC heap before
{Heap before GC invocations=82 (full 2):
 PSYoungGen      total 26624K, used 25427K [0x00000000eab00000, 0x00000000ecc00000, 0x0000000100000000)
  eden space 21504K, 100% used [0x00000000eab00000,0x00000000ec000000,0x00000000ec000000)
  from space 5120K, 76% used [0x00000000ec000000,0x00000000ec3d4fb0,0x00000000ec500000)
  to   space 4096K, 0% used [0x00000000ec800000,0x00000000ec800000,0x00000000ecc00000)
 ParOldGen       total 263168K, used 262756K [0x00000000c0000000, 0x00000000d0100000, 0x00000000eab00000)
  object space 263168K, 99% used [0x00000000c0000000,0x00000000d0099000,0x00000000d0100000)
 Metaspace       used 57902K, committed 59264K, reserved 1114112K
  class space    used 6327K, committed 6912K, reserved 1048576K
}
Event: 15.561 GC heap after
{Heap after GC invocations=82 (full 2):
 PSYoungGen      total 30208K, used 3109K [0x00000000eab00000, 0x00000000ecc00000, 0x0000000100000000)
  eden space 26112K, 0% used [0x00000000eab00000,0x00000000eab00000,0x00000000ec480000)
  from space 4096K, 75% used [0x00000000ec800000,0x00000000ecb09780,0x00000000ecc00000)
  to   space 3584K, 0% used [0x00000000ec480000,0x00000000ec480000,0x00000000ec800000)
 ParOldGen       total 266752K, used 266538K [0x00000000c0000000, 0x00000000d0480000, 0x00000000eab00000)
  object space 266752K, 99% used [0x00000000c0000000,0x00000000d044a8d0,0x00000000d0480000)
 Metaspace       used 57902K, committed 59264K, reserved 1114112K
  class space    used 6327K, committed 6912K, reserved 1048576K
}
Event: 15.662 GC heap before
{Heap before GC invocations=83 (full 2):
 PSYoungGen      total 30208K, used 29221K [0x00000000eab00000, 0x00000000ecc00000, 0x0000000100000000)
  eden space 26112K, 100% used [0x00000000eab00000,0x00000000ec480000,0x00000000ec480000)
  from space 4096K, 75% used [0x00000000ec800000,0x00000000ecb09780,0x00000000ecc00000)
  to   space 3584K, 0% used [0x00000000ec480000,0x00000000ec480000,0x00000000ec800000)
 ParOldGen       total 266752K, used 266538K [0x00000000c0000000, 0x00000000d0480000, 0x00000000eab00000)
  object space 266752K, 99% used [0x00000000c0000000,0x00000000d044a8d0,0x00000000d0480000)
 Metaspace       used 57985K, committed 59328K, reserved 1114112K
  class space    used 6328K, committed 6912K, reserved 1048576K
}
Event: 15.665 GC heap after
{Heap after GC invocations=83 (full 2):
 PSYoungGen      total 29696K, used 2032K [0x00000000eab00000, 0x00000000ecc00000, 0x0000000100000000)
  eden space 26112K, 0% used [0x00000000eab00000,0x00000000eab00000,0x00000000ec480000)
  from space 3584K, 56% used [0x00000000ec480000,0x00000000ec67c010,0x00000000ec800000)
  to   space 2560K, 0% used [0x00000000ec980000,0x00000000ec980000,0x00000000ecc00000)
 ParOldGen       total 269824K, used 269423K [0x00000000c0000000, 0x00000000d0780000, 0x00000000eab00000)
  object space 269824K, 99% used [0x00000000c0000000,0x00000000d071bcc8,0x00000000d0780000)
 Metaspace       used 57985K, committed 59328K, reserved 1114112K
  class space    used 6328K, committed 6912K, reserved 1048576K
}
Event: 15.739 GC heap before
{Heap before GC invocations=84 (full 2):
 PSYoungGen      total 29696K, used 28144K [0x00000000eab00000, 0x00000000ecc00000, 0x0000000100000000)
  eden space 26112K, 100% used [0x00000000eab00000,0x00000000ec480000,0x00000000ec480000)
  from space 3584K, 56% used [0x00000000ec480000,0x00000000ec67c010,0x00000000ec800000)
  to   space 2560K, 0% used [0x00000000ec980000,0x00000000ec980000,0x00000000ecc00000)
 ParOldGen       total 269824K, used 269423K [0x00000000c0000000, 0x00000000d0780000, 0x00000000eab00000)
  object space 269824K, 99% used [0x00000000c0000000,0x00000000d071bcc8,0x00000000d0780000)
 Metaspace       used 58055K, committed 59392K, reserved 1114112K
  class space    used 6329K, committed 6912K, reserved 1048576K
}
Event: 15.741 GC heap after
{Heap after GC invocations=84 (full 2):
 PSYoungGen      total 31232K, used 2231K [0x00000000eab00000, 0x00000000ecc00000, 0x0000000100000000)
  eden space 28672K, 0% used [0x00000000eab00000,0x00000000eab00000,0x00000000ec700000)
  from space 2560K, 87% used [0x00000000ec980000,0x00000000ecbadcd8,0x00000000ecc00000)
  to   space 2560K, 0% used [0x00000000ec700000,0x00000000ec700000,0x00000000ec980000)
 ParOldGen       total 271360K, used 271175K [0x00000000c0000000, 0x00000000d0900000, 0x00000000eab00000)
  object space 271360K, 99% used [0x00000000c0000000,0x00000000d08d1ea0,0x00000000d0900000)
 Metaspace       used 58055K, committed 59392K, reserved 1114112K
  class space    used 6329K, committed 6912K, reserved 1048576K
}
Event: 15.881 GC heap before
{Heap before GC invocations=85 (full 2):
 PSYoungGen      total 31232K, used 30903K [0x00000000eab00000, 0x00000000ecc00000, 0x0000000100000000)
  eden space 28672K, 100% used [0x00000000eab00000,0x00000000ec700000,0x00000000ec700000)
  from space 2560K, 87% used [0x00000000ec980000,0x00000000ecbadcd8,0x00000000ecc00000)
  to   space 2560K, 0% used [0x00000000ec700000,0x00000000ec700000,0x00000000ec980000)
 ParOldGen       total 271360K, used 271175K [0x00000000c0000000, 0x00000000d0900000, 0x00000000eab00000)
  object space 271360K, 99% used [0x00000000c0000000,0x00000000d08d1ea0,0x00000000d0900000)
 Metaspace       used 58055K, committed 59392K, reserved 1114112K
  class space    used 6329K, committed 6912K, reserved 1048576K
}
Event: 15.886 GC heap after
{Heap after GC invocations=85 (full 2):
 PSYoungGen      total 31232K, used 2535K [0x00000000eab00000, 0x00000000ecc00000, 0x0000000100000000)
  eden space 28672K, 0% used [0x00000000eab00000,0x00000000eab00000,0x00000000ec700000)
  from space 2560K, 99% used [0x00000000ec700000,0x00000000ec979d48,0x00000000ec980000)
  to   space 2560K, 0% used [0x00000000ec980000,0x00000000ec980000,0x00000000ecc00000)
 ParOldGen       total 276992K, used 276673K [0x00000000c0000000, 0x00000000d0e80000, 0x00000000eab00000)
  object space 276992K, 99% used [0x00000000c0000000,0x00000000d0e30568,0x00000000d0e80000)
 Metaspace       used 58055K, committed 59392K, reserved 1114112K
  class space    used 6329K, committed 6912K, reserved 1048576K
}

Dll operation events (15 events):
Event: 0.025 Loaded shared library C:\Program Files\Java\jdk-23\bin\java.dll
Event: 0.068 Loaded shared library C:\Program Files\Java\jdk-23\bin\jsvml.dll
Event: 0.146 Loaded shared library C:\Program Files\Java\jdk-23\bin\zip.dll
Event: 0.151 Loaded shared library C:\Program Files\Java\jdk-23\bin\instrument.dll
Event: 0.155 Loaded shared library C:\Program Files\Java\jdk-23\bin\net.dll
Event: 0.157 Loaded shared library C:\Program Files\Java\jdk-23\bin\nio.dll
Event: 0.160 Loaded shared library C:\Program Files\Java\jdk-23\bin\zip.dll
Event: 0.197 Loaded shared library C:\Program Files\Java\jdk-23\bin\jimage.dll
Event: 0.275 Loaded shared library C:\Program Files\Java\jdk-23\bin\verify.dll
Event: 1.293 Loaded shared library C:\Users\HP\AppData\Roaming\Code\User\globalStorage\redhat.java\1.36.0\config_win\org.eclipse.equinox.launcher\org.eclipse.equinox.launcher.win32.win32.x86_64_1.2.1100.v20240722-2106\eclipse_11904.dll
Event: 2.410 Loaded shared library C:\Program Files\Java\jdk-23\bin\management.dll
Event: 2.413 Loaded shared library C:\Program Files\Java\jdk-23\bin\management_ext.dll
Event: 3.317 Loaded shared library C:\Users\HP\AppData\Local\Temp\jna-2312\jna3626596207406298881.dll
Event: 4.804 Loaded shared library C:\Program Files\Java\jdk-23\bin\sunmscapi.dll
Event: 4.898 Loaded shared library C:\Program Files\Java\jdk-23\bin\extnet.dll

Deoptimization events (20 events):
Event: 15.726 Thread 0x0000021fff9d98f0 Uncommon trap: trap_request=0xffffff45 fr.pc=0x0000021fae366a68 relative=0x0000000000000248
Event: 15.726 Thread 0x0000021fff9d98f0 Uncommon trap: reason=unstable_if action=reinterpret pc=0x0000021fae366a68 method=java.util.HashMap.getNode(Ljava/lang/Object;)Ljava/util/HashMap$Node; @ 57 c2
Event: 15.726 Thread 0x0000021fff9d98f0 DEOPT PACKING pc=0x0000021fae366a68 sp=0x000000adf36fdc50
Event: 15.726 Thread 0x0000021fff9d98f0 DEOPT UNPACKING pc=0x0000021fad7d3b02 sp=0x000000adf36fdb60 mode 2
Event: 15.726 Thread 0x0000021fff9d98f0 Uncommon trap: trap_request=0xffffff45 fr.pc=0x0000021fae36666c relative=0x000000000000024c
Event: 15.726 Thread 0x0000021fff9d98f0 Uncommon trap: reason=unstable_if action=reinterpret pc=0x0000021fae36666c method=java.util.HashMap.getNode(Ljava/lang/Object;)Ljava/util/HashMap$Node; @ 57 c2
Event: 15.726 Thread 0x0000021fff9d98f0 DEOPT PACKING pc=0x0000021fae36666c sp=0x000000adf36fdbe0
Event: 15.726 Thread 0x0000021fff9d98f0 DEOPT UNPACKING pc=0x0000021fad7d3b02 sp=0x000000adf36fdb60 mode 2
Event: 15.738 Thread 0x0000021fff9d98f0 Uncommon trap: trap_request=0xffffff45 fr.pc=0x0000021fae0a6fb0 relative=0x0000000000000110
Event: 15.738 Thread 0x0000021fff9d98f0 Uncommon trap: reason=unstable_if action=reinterpret pc=0x0000021fae0a6fb0 method=java.util.ArrayDeque.addFirst(Ljava/lang/Object;)V @ 42 c2
Event: 15.738 Thread 0x0000021fff9d98f0 DEOPT PACKING pc=0x0000021fae0a6fb0 sp=0x000000adf36fd9d0
Event: 15.738 Thread 0x0000021fff9d98f0 DEOPT UNPACKING pc=0x0000021fad7d3b02 sp=0x000000adf36fd8e8 mode 2
Event: 15.738 Thread 0x0000021fff9d98f0 Uncommon trap: trap_request=0xffffff45 fr.pc=0x0000021fadfa5530 relative=0x0000000000000110
Event: 15.738 Thread 0x0000021fff9d98f0 Uncommon trap: reason=unstable_if action=reinterpret pc=0x0000021fadfa5530 method=java.util.ArrayDeque.addFirst(Ljava/lang/Object;)V @ 42 c2
Event: 15.738 Thread 0x0000021fff9d98f0 DEOPT PACKING pc=0x0000021fadfa5530 sp=0x000000adf36fd950
Event: 15.738 Thread 0x0000021fff9d98f0 DEOPT UNPACKING pc=0x0000021fad7d3b02 sp=0x000000adf36fd8e0 mode 2
Event: 15.774 Thread 0x0000021fff9d98f0 DEOPT PACKING pc=0x0000021fa73eb0d8 sp=0x000000adf36fd7e0
Event: 15.774 Thread 0x0000021fff9d98f0 DEOPT UNPACKING pc=0x0000021fad7d4222 sp=0x000000adf36fcc88 mode 0
Event: 15.837 Thread 0x0000021fff9d98f0 DEOPT PACKING pc=0x0000021fa73eb0d8 sp=0x000000adf36fd7e0
Event: 15.837 Thread 0x0000021fff9d98f0 DEOPT UNPACKING pc=0x0000021fad7d4222 sp=0x000000adf36fcc88 mode 0

Classes loaded (20 events):
Event: 9.566 Loading class java/nio/ByteBufferAsIntBufferL
Event: 9.566 Loading class java/nio/ByteBufferAsIntBufferL done
Event: 9.571 Loading class jdk/internal/jimage/ImageReader$Directory
Event: 9.571 Loading class jdk/internal/jimage/ImageReader$Directory done
Event: 9.812 Loading class java/nio/channels/Channels$ReadableByteChannelImpl
Event: 9.839 Loading class java/nio/channels/Channels$ReadableByteChannelImpl done
Event: 9.841 Loading class java/nio/channels/NonWritableChannelException
Event: 9.842 Loading class java/nio/channels/NonWritableChannelException done
Event: 10.297 Loading class sun/security/ssl/Alert
Event: 10.298 Loading class sun/security/ssl/Alert done
Event: 10.298 Loading class sun/security/ssl/Alert$AlertConsumer
Event: 10.298 Loading class sun/security/ssl/Alert$AlertConsumer done
Event: 10.299 Loading class sun/security/ssl/Alert$Level
Event: 10.299 Loading class sun/security/ssl/Alert$Level done
Event: 14.497 Loading class java/lang/invoke/MethodHandleImpl$CountingWrapper$1
Event: 14.497 Loading class java/lang/invoke/MethodHandleImpl$CountingWrapper$1 done
Event: 14.869 Loading class java/util/LinkedList$LLSpliterator
Event: 14.869 Loading class java/util/LinkedList$LLSpliterator done
Event: 14.940 Loading class sun/nio/cs/ISO_8859_1$Decoder
Event: 14.940 Loading class sun/nio/cs/ISO_8859_1$Decoder done

Classes unloaded (7 events):
Event: 2.868 Thread 0x0000021fb6413070 Unloading class 0x0000021fb81d7800 'java/lang/invoke/LambdaForm$MH+0x0000021fb81d7800'
Event: 2.868 Thread 0x0000021fb6413070 Unloading class 0x0000021fb81d7400 'java/lang/invoke/LambdaForm$MH+0x0000021fb81d7400'
Event: 2.868 Thread 0x0000021fb6413070 Unloading class 0x0000021fb81d7000 'java/lang/invoke/LambdaForm$MH+0x0000021fb81d7000'
Event: 2.868 Thread 0x0000021fb6413070 Unloading class 0x0000021fb81d6c00 'java/lang/invoke/LambdaForm$MH+0x0000021fb81d6c00'
Event: 2.868 Thread 0x0000021fb6413070 Unloading class 0x0000021fb81d6800 'java/lang/invoke/LambdaForm$BMH+0x0000021fb81d6800'
Event: 2.868 Thread 0x0000021fb6413070 Unloading class 0x0000021fb81d6400 'java/lang/invoke/LambdaForm$DMH+0x0000021fb81d6400'
Event: 2.868 Thread 0x0000021fb6413070 Unloading class 0x0000021fb81d4c00 'java/lang/invoke/LambdaForm$DMH+0x0000021fb81d4c00'

Classes redefined (0 events):
No events

Internal exceptions (20 events):
Event: 14.514 Thread 0x0000021fff9d98f0 Exception <a 'java/lang/NoSuchMethodError'{0x00000000ebb00648}: 'java.lang.Object java.lang.invoke.DirectMethodHandle$Holder.newInvokeSpecial(java.lang.Object, java.lang.Object, int)'> (0x00000000ebb00648) 
thrown [s\open\src\hotspot\share\interpreter\linkResolver.cpp, line 796]
Event: 14.530 Thread 0x0000021fff9d98f0 Exception <a 'java/lang/NoSuchMethodError'{0x00000000ebd92940}: 'void java.lang.invoke.DirectMethodHandle$Holder.invokeStatic(java.lang.Object, int)'> (0x00000000ebd92940) 
thrown [s\open\src\hotspot\share\interpreter\linkResolver.cpp, line 796]
Event: 14.640 Thread 0x0000021fff9d98f0 Exception <a 'java/io/FileNotFoundException'{0x00000000eb34d370}> (0x00000000eb34d370) 
thrown [s\open\src\hotspot\share\prims\jni.cpp, line 520]
Event: 14.692 Thread 0x0000021fff9d98f0 Implicit null exception at 0x0000021fadf34f1a to 0x0000021fadf354ec
Event: 14.827 Thread 0x0000021fff9d98f0 Exception <a 'java/lang/NoSuchMethodError'{0x00000000ebbcda68}: 'int java.lang.invoke.DirectMethodHandle$Holder.invokeSpecialIFC(java.lang.Object, java.lang.Object, java.lang.Object)'> (0x00000000ebbcda68) 
thrown [s\open\src\hotspot\share\interpreter\linkResolver.cpp, line 796]
Event: 14.853 Thread 0x0000021fff9d98f0 Implicit null exception at 0x0000021fae2bf3ec to 0x0000021fae2c3420
Event: 14.853 Thread 0x0000021fff9d98f0 Implicit null exception at 0x0000021fae2b5864 to 0x0000021fae2b5fdc
Event: 14.853 Thread 0x0000021fff9d98f0 Implicit null exception at 0x0000021fae2a0ce4 to 0x0000021fae2a145c
Event: 14.853 Thread 0x0000021fff9d98f0 Implicit null exception at 0x0000021fae115dc5 to 0x0000021fae1165e0
Event: 14.854 Thread 0x0000021fff9d98f0 Implicit null exception at 0x0000021fae2b6764 to 0x0000021fae2b6ecc
Event: 14.873 Thread 0x0000021fff9d98f0 Exception <a 'java/lang/NoSuchMethodError'{0x00000000ebe9d048}: 'java.lang.Object java.lang.invoke.DirectMethodHandle$Holder.newInvokeSpecial(java.lang.Object, java.lang.Object, java.lang.Object, java.lang.Object, java.lang.Object, java.lang.Object, java.lang.Object)'> (0x00000000ebe9d048) 
thrown [s\open\src\hotspot\share\interpreter\linkResolver.cpp, line 796]
Event: 14.896 Thread 0x0000021fff9d98f0 Exception <a 'java/lang/NoSuchMethodError'{0x00000000ebfd0cb0}: 'void java.lang.invoke.DirectMethodHandle$Holder.invokeInterface(java.lang.Object, java.lang.Object)'> (0x00000000ebfd0cb0) 
thrown [s\open\src\hotspot\share\interpreter\linkResolver.cpp, line 796]
Event: 14.906 Thread 0x0000021f83216d90 Exception <a 'java/lang/NoSuchMethodError'{0x00000000ec0c01d0}: 'void java.lang.invoke.DirectMethodHandle$Holder.invokeSpecial(java.lang.Object, java.lang.Object, java.lang.Object, java.lang.Object, java.lang.Object, java.lang.Object, java.lang.Object, java.lang.Object)'> (0x00000000ec0c01d0) 
thrown [s\open\src\hotspot\share\interpreter\linkResolver.cpp, line 796]
Event: 14.941 Thread 0x0000021f83218e60 Implicit null exception at 0x0000021fae01e490 to 0x0000021fae01e638
Event: 14.989 Thread 0x0000021fff9d98f0 Implicit null exception at 0x0000021fadf2c94b to 0x0000021fadf2dbb0
Event: 15.649 Thread 0x0000021f832194f0 Implicit null exception at 0x0000021fae004187 to 0x0000021fae00499c
Event: 15.909 Thread 0x0000021fff9d98f0 Exception <a 'java/io/IOException'{0x00000000eadd32a8}> (0x00000000eadd32a8) 
thrown [s\open\src\hotspot\share\prims\jni.cpp, line 520]
Event: 15.910 Thread 0x0000021fff9d98f0 Exception <a 'java/io/IOException'{0x00000000eae362c0}> (0x00000000eae362c0) 
thrown [s\open\src\hotspot\share\prims\jni.cpp, line 520]
Event: 15.911 Thread 0x0000021fff9d98f0 Exception <a 'java/io/IOException'{0x00000000eae3d348}> (0x00000000eae3d348) 
thrown [s\open\src\hotspot\share\prims\jni.cpp, line 520]
Event: 15.912 Thread 0x0000021fff9d98f0 Exception <a 'java/io/IOException'{0x00000000eae512f0}> (0x00000000eae512f0) 
thrown [s\open\src\hotspot\share\prims\jni.cpp, line 520]

VM Operations (20 events):
Event: 15.080 Executing VM operation: ParallelGCFailedAllocation (Allocation Failure)
Event: 15.084 Executing VM operation: ParallelGCFailedAllocation (Allocation Failure) done
Event: 15.189 Executing VM operation: ParallelGCFailedAllocation (Allocation Failure)
Event: 15.194 Executing VM operation: ParallelGCFailedAllocation (Allocation Failure) done
Event: 15.275 Executing VM operation: ParallelGCFailedAllocation (Allocation Failure)
Event: 15.279 Executing VM operation: ParallelGCFailedAllocation (Allocation Failure) done
Event: 15.347 Executing VM operation: ParallelGCFailedAllocation (Allocation Failure)
Event: 15.351 Executing VM operation: ParallelGCFailedAllocation (Allocation Failure) done
Event: 15.390 Executing VM operation: ParallelGCFailedAllocation (Allocation Failure)
Event: 15.394 Executing VM operation: ParallelGCFailedAllocation (Allocation Failure) done
Event: 15.454 Executing VM operation: ParallelGCFailedAllocation (Allocation Failure)
Event: 15.458 Executing VM operation: ParallelGCFailedAllocation (Allocation Failure) done
Event: 15.555 Executing VM operation: ParallelGCFailedAllocation (Allocation Failure)
Event: 15.561 Executing VM operation: ParallelGCFailedAllocation (Allocation Failure) done
Event: 15.662 Executing VM operation: ParallelGCFailedAllocation (Allocation Failure)
Event: 15.665 Executing VM operation: ParallelGCFailedAllocation (Allocation Failure) done
Event: 15.738 Executing VM operation: ParallelGCFailedAllocation (Allocation Failure)
Event: 15.741 Executing VM operation: ParallelGCFailedAllocation (Allocation Failure) done
Event: 15.881 Executing VM operation: ParallelGCFailedAllocation (Allocation Failure)
Event: 15.886 Executing VM operation: ParallelGCFailedAllocation (Allocation Failure) done

Memory protections (0 events):
No events

Nmethod flushes (20 events):
Event: 3.711 Thread 0x0000021fb6413070 flushing  nmethod 0x0000021fa66d4988
Event: 3.711 Thread 0x0000021fb6413070 flushing  nmethod 0x0000021fa66d4f08
Event: 3.711 Thread 0x0000021fb6413070 flushing  nmethod 0x0000021fa66d5e88
Event: 3.711 Thread 0x0000021fb6413070 flushing  nmethod 0x0000021fa66d6188
Event: 3.711 Thread 0x0000021fb6413070 flushing  nmethod 0x0000021fa66d6c08
Event: 3.711 Thread 0x0000021fb6413070 flushing  nmethod 0x0000021fa66d6f88
Event: 3.711 Thread 0x0000021fb6413070 flushing  nmethod 0x0000021fa66d7308
Event: 3.711 Thread 0x0000021fb6413070 flushing  nmethod 0x0000021fa66d7c88
Event: 3.711 Thread 0x0000021fb6413070 flushing  nmethod 0x0000021fa66d8e88
Event: 3.711 Thread 0x0000021fb6413070 flushing  nmethod 0x0000021fa66e3088
Event: 3.711 Thread 0x0000021fb6413070 flushing  nmethod 0x0000021fa6710e08
Event: 3.711 Thread 0x0000021fb6413070 flushing  nmethod 0x0000021fa6732608
Event: 3.711 Thread 0x0000021fb6413070 flushing  nmethod 0x0000021fa6743388
Event: 3.711 Thread 0x0000021fb6413070 flushing  nmethod 0x0000021fa675ba08
Event: 3.711 Thread 0x0000021fb6413070 flushing  nmethod 0x0000021fa6771208
Event: 3.711 Thread 0x0000021fb6413070 flushing  nmethod 0x0000021fa6771588
Event: 3.711 Thread 0x0000021fb6413070 flushing  nmethod 0x0000021fa6787608
Event: 3.711 Thread 0x0000021fb6413070 flushing  nmethod 0x0000021fa67b5108
Event: 3.711 Thread 0x0000021fb6413070 flushing  nmethod 0x0000021fa67b5e88
Event: 3.711 Thread 0x0000021fb6413070 flushing  nmethod 0x0000021fa67c9088

Events (20 events):
Event: 14.902 Thread 0x0000021fff9d98f0 Thread added: 0x0000021f83218e60
Event: 14.902 Thread 0x0000021fff9d98f0 Thread added: 0x0000021f83216070
Event: 14.903 Thread 0x0000021fff9d98f0 Thread added: 0x0000021f83218140
Event: 14.903 Thread 0x0000021fff9d98f0 Thread added: 0x0000021f83216700
Event: 14.955 Thread 0x0000021f83216070 Thread exited: 0x0000021f83216070
Event: 14.955 Thread 0x0000021f83218e60 Thread exited: 0x0000021f83218e60
Event: 14.955 Thread 0x0000021f83216700 Thread exited: 0x0000021f83216700
Event: 14.955 Thread 0x0000021f83218140 Thread exited: 0x0000021f83218140
Event: 14.955 Thread 0x0000021f83216d90 Thread exited: 0x0000021f83216d90
Event: 15.302 Thread 0x0000021fff9dda90 Thread exited: 0x0000021fff9dda90
Event: 15.510 Thread 0x0000021fff9d98f0 Thread added: 0x0000021f8321a8a0
Event: 15.511 Thread 0x0000021fff9d98f0 Thread added: 0x0000021f83216d90
Event: 15.511 Thread 0x0000021fff9d98f0 Thread added: 0x0000021f83217420
Event: 15.511 Thread 0x0000021fff9d98f0 Thread added: 0x0000021f83218140
Event: 15.511 Thread 0x0000021fff9d98f0 Thread added: 0x0000021f832194f0
Event: 15.724 Thread 0x0000021f8321a8a0 Thread exited: 0x0000021f8321a8a0
Event: 15.724 Thread 0x0000021f83218140 Thread exited: 0x0000021f83218140
Event: 15.724 Thread 0x0000021f832194f0 Thread exited: 0x0000021f832194f0
Event: 15.724 Thread 0x0000021f83216d90 Thread exited: 0x0000021f83216d90
Event: 15.724 Thread 0x0000021f83217420 Thread exited: 0x0000021f83217420


Dynamic libraries:
0x00007ff6f7830000 - 0x00007ff6f7840000 	C:\Program Files\Java\jdk-23\bin\java.exe
0x00007ff8ec7f0000 - 0x00007ff8eca07000 	C:\WINDOWS\SYSTEM32\ntdll.dll
0x00007ff89ea00000 - 0x00007ff89ea1a000 	C:\Program Files\Avast Software\Avast\aswhook.dll
0x00007ff8eab50000 - 0x00007ff8eac14000 	C:\WINDOWS\System32\KERNEL32.DLL
0x00007ff8e9ed0000 - 0x00007ff8ea287000 	C:\WINDOWS\System32\KERNELBASE.dll
0x00007ff8e3640000 - 0x00007ff8e36d7000 	C:\WINDOWS\SYSTEM32\apphelp.dll
0x00007ff8ea380000 - 0x00007ff8ea491000 	C:\WINDOWS\System32\ucrtbase.dll
0x00007ff8e3ff0000 - 0x00007ff8e4007000 	C:\Program Files\Java\jdk-23\bin\jli.dll
0x00007ff8ea7f0000 - 0x00007ff8ea99f000 	C:\WINDOWS\System32\USER32.dll
0x00007ff8ea290000 - 0x00007ff8ea2b6000 	C:\WINDOWS\System32\win32u.dll
0x00007ff8ea520000 - 0x00007ff8ea549000 	C:\WINDOWS\System32\GDI32.dll
0x00007ff8e9db0000 - 0x00007ff8e9ec8000 	C:\WINDOWS\System32\gdi32full.dll
0x00007ff8e9ba0000 - 0x00007ff8e9c3a000 	C:\WINDOWS\System32\msvcp_win.dll
0x00007ff8e1c30000 - 0x00007ff8e1c4b000 	C:\Program Files\Java\jdk-23\bin\VCRUNTIME140.dll
0x00007ff8d2920000 - 0x00007ff8d2bb3000 	C:\WINDOWS\WinSxS\amd64_microsoft.windows.common-controls_6595b64144ccf1df_6.0.22621.3672_none_2713b9d173822955\COMCTL32.dll
0x00007ff8eaed0000 - 0x00007ff8eaf77000 	C:\WINDOWS\System32\msvcrt.dll
0x00007ff8eb400000 - 0x00007ff8eb431000 	C:\WINDOWS\System32\IMM32.DLL
0x00007ff8e3fd0000 - 0x00007ff8e3fdc000 	C:\Program Files\Java\jdk-23\bin\vcruntime140_1.dll
0x00007ff8c9b90000 - 0x00007ff8c9c1e000 	C:\Program Files\Java\jdk-23\bin\msvcp140.dll
0x00007ff805790000 - 0x00007ff8064df000 	C:\Program Files\Java\jdk-23\bin\server\jvm.dll
0x00007ff8ec5d0000 - 0x00007ff8ec682000 	C:\WINDOWS\System32\ADVAPI32.dll
0x00007ff8ec520000 - 0x00007ff8ec5c8000 	C:\WINDOWS\System32\sechost.dll
0x00007ff8e9b70000 - 0x00007ff8e9b98000 	C:\WINDOWS\System32\bcrypt.dll
0x00007ff8eac30000 - 0x00007ff8ead44000 	C:\WINDOWS\System32\RPCRT4.dll
0x00007ff8ead50000 - 0x00007ff8eadc1000 	C:\WINDOWS\System32\WS2_32.dll
0x00007ff8e99d0000 - 0x00007ff8e9a1d000 	C:\WINDOWS\SYSTEM32\POWRPROF.dll
0x00007ff8e06e0000 - 0x00007ff8e0714000 	C:\WINDOWS\SYSTEM32\WINMM.dll
0x00007ff8d40f0000 - 0x00007ff8d40fa000 	C:\WINDOWS\SYSTEM32\VERSION.dll
0x00007ff8e99b0000 - 0x00007ff8e99c3000 	C:\WINDOWS\SYSTEM32\UMPDC.dll
0x00007ff8e8b50000 - 0x00007ff8e8b68000 	C:\WINDOWS\SYSTEM32\kernel.appcore.dll
0x00007ff8e1780000 - 0x00007ff8e178a000 	C:\Program Files\Java\jdk-23\bin\jimage.dll
0x00007ff8e7600000 - 0x00007ff8e7832000 	C:\WINDOWS\SYSTEM32\DBGHELP.DLL
0x00007ff8eb000000 - 0x00007ff8eb38e000 	C:\WINDOWS\System32\combase.dll
0x00007ff8ea550000 - 0x00007ff8ea627000 	C:\WINDOWS\System32\OLEAUT32.dll
0x00007ff8d7440000 - 0x00007ff8d7472000 	C:\WINDOWS\SYSTEM32\dbgcore.DLL
0x00007ff8ea4a0000 - 0x00007ff8ea51b000 	C:\WINDOWS\System32\bcryptPrimitives.dll
0x00007ff8e1730000 - 0x00007ff8e173f000 	C:\Program Files\Java\jdk-23\bin\instrument.dll
0x00007ff8d0d10000 - 0x00007ff8d0d2e000 	C:\Program Files\Java\jdk-23\bin\java.dll
0x00007ff8ea9a0000 - 0x00007ff8eab45000 	C:\WINDOWS\System32\ole32.dll
0x00007ff8eb920000 - 0x00007ff8ec189000 	C:\WINDOWS\System32\SHELL32.dll
0x00007ff8e7a70000 - 0x00007ff8e836f000 	C:\WINDOWS\SYSTEM32\windows.storage.dll
0x00007ff8e7930000 - 0x00007ff8e7a6f000 	C:\WINDOWS\SYSTEM32\wintypes.dll
0x00007ff8eadd0000 - 0x00007ff8eaec9000 	C:\WINDOWS\System32\SHCORE.dll
0x00007ff8ec6b0000 - 0x00007ff8ec70e000 	C:\WINDOWS\System32\shlwapi.dll
0x00007ff8e9a30000 - 0x00007ff8e9a57000 	C:\WINDOWS\SYSTEM32\profapi.dll
0x00007ff8c1490000 - 0x00007ff8c1567000 	C:\Program Files\Java\jdk-23\bin\jsvml.dll
0x00007ff8c9cf0000 - 0x00007ff8c9d07000 	C:\Program Files\Java\jdk-23\bin\zip.dll
0x00007ff8dff10000 - 0x00007ff8dff20000 	C:\Program Files\Java\jdk-23\bin\net.dll
0x00007ff8e8fc0000 - 0x00007ff8e9029000 	C:\WINDOWS\system32\mswsock.dll
0x00007ff8c9cd0000 - 0x00007ff8c9ce6000 	C:\Program Files\Java\jdk-23\bin\nio.dll
0x00007ff8d0d00000 - 0x00007ff8d0d10000 	C:\Program Files\Java\jdk-23\bin\verify.dll
0x00007ff8c0680000 - 0x00007ff8c06c5000 	C:\Users\HP\AppData\Roaming\Code\User\globalStorage\redhat.java\1.36.0\config_win\org.eclipse.equinox.launcher\org.eclipse.equinox.launcher.win32.win32.x86_64_1.2.1100.v20240722-2106\eclipse_11904.dll
0x00007ff8d0cb0000 - 0x00007ff8d0cba000 	C:\Program Files\Java\jdk-23\bin\management.dll
0x00007ff8c9b30000 - 0x00007ff8c9b3b000 	C:\Program Files\Java\jdk-23\bin\management_ext.dll
0x00007ff8eac20000 - 0x00007ff8eac28000 	C:\WINDOWS\System32\PSAPI.DLL
0x00007ff8e9220000 - 0x00007ff8e923b000 	C:\WINDOWS\SYSTEM32\CRYPTSP.dll
0x00007ff8e8ab0000 - 0x00007ff8e8ae5000 	C:\WINDOWS\system32\rsaenh.dll
0x00007ff8e90b0000 - 0x00007ff8e90d8000 	C:\WINDOWS\SYSTEM32\USERENV.dll
0x00007ff8e9210000 - 0x00007ff8e921c000 	C:\WINDOWS\SYSTEM32\CRYPTBASE.dll
0x00007ff8e85d0000 - 0x00007ff8e85fd000 	C:\WINDOWS\SYSTEM32\IPHLPAPI.DLL
0x00007ff8eb3f0000 - 0x00007ff8eb3f9000 	C:\WINDOWS\System32\NSI.dll
0x00007ff8c05e0000 - 0x00007ff8c0629000 	C:\Users\HP\AppData\Local\Temp\jna-2312\jna3626596207406298881.dll
0x00007ff8e3a20000 - 0x00007ff8e3b56000 	C:\WINDOWS\SYSTEM32\winhttp.dll
0x00007ff8e3620000 - 0x00007ff8e3639000 	C:\WINDOWS\SYSTEM32\dhcpcsvc6.DLL
0x00007ff8e3600000 - 0x00007ff8e361f000 	C:\WINDOWS\SYSTEM32\dhcpcsvc.DLL
0x00007ff8dff20000 - 0x00007ff8dff2e000 	C:\Program Files\Java\jdk-23\bin\sunmscapi.dll
0x00007ff8e9c40000 - 0x00007ff8e9da6000 	C:\WINDOWS\System32\CRYPT32.dll
0x00007ff8e93d0000 - 0x00007ff8e93fd000 	C:\WINDOWS\SYSTEM32\ncrypt.dll
0x00007ff8e9390000 - 0x00007ff8e93c7000 	C:\WINDOWS\SYSTEM32\NTASN1.dll
0x00007ff8e8600000 - 0x00007ff8e8702000 	C:\WINDOWS\SYSTEM32\DNSAPI.dll
0x00007ff8df3e0000 - 0x00007ff8df3ea000 	C:\Windows\System32\rasadhlp.dll
0x00007ff8e0910000 - 0x00007ff8e0993000 	C:\WINDOWS\System32\fwpuclnt.dll
0x00007ff8c9e80000 - 0x00007ff8c9e89000 	C:\Program Files\Java\jdk-23\bin\extnet.dll

dbghelp: loaded successfully - version: 4.0.5 - missing functions: none
symbol engine: initialized successfully - sym options: 0x614 - pdb path: .;C:\Program Files\Java\jdk-23\bin;C:\WINDOWS\SYSTEM32;C:\Program Files\Avast Software\Avast;C:\WINDOWS\WinSxS\amd64_microsoft.windows.common-controls_6595b64144ccf1df_6.0.22621.3672_none_2713b9d173822955;C:\Program Files\Java\jdk-23\bin\server;C:\Users\HP\AppData\Roaming\Code\User\globalStorage\redhat.java\1.36.0\config_win\org.eclipse.equinox.launcher\org.eclipse.equinox.launcher.win32.win32.x86_64_1.2.1100.v20240722-2106;C:\Users\HP\AppData\Local\Temp\jna-2312

VM Arguments:
jvm_args: --add-modules=ALL-SYSTEM --add-opens=java.base/java.util=ALL-UNNAMED --add-opens=java.base/java.lang=ALL-UNNAMED --add-opens=java.base/sun.nio.fs=ALL-UNNAMED -Declipse.application=org.eclipse.jdt.ls.core.id1 -Dosgi.bundles.defaultStartLevel=4 -Declipse.product=org.eclipse.jdt.ls.core.product -Djava.import.generatesMetadataFilesAtProjectRoot=false -DDetectVMInstallationsJob.disabled=true -Dfile.encoding=utf8 -XX:+UseParallelGC -XX:GCTimeRatio=4 -XX:AdaptiveSizePolicyWeight=90 -Dsun.zip.disableMemoryMapping=true -Xmx1G -Xms100m -Xlog:disable -javaagent:c:\Users\HP\.vscode\extensions\redhat.java-1.36.0-win32-x64\lombok\lombok-1.18.35.jar -XX:+HeapDumpOnOutOfMemoryError -XX:HeapDumpPath=c:\Users\HP\AppData\Roaming\Code\User\workspaceStorage\d4e0279ac66a14079e57638f7153a3c7\redhat.java -Daether.dependencyCollector.impl=bf 
java_command: c:\Users\HP\.vscode\extensions\redhat.java-1.36.0-win32-x64\server\plugins\org.eclipse.equinox.launcher_1.6.900.v20240613-2009.jar -configuration c:\Users\HP\AppData\Roaming\Code\User\globalStorage\redhat.java\1.36.0\config_win -data c:\Users\HP\AppData\Roaming\Code\User\workspaceStorage\d4e0279ac66a14079e57638f7153a3c7\redhat.java\jdt_ws --pipe=\\.\pipe\lsp-5d0bb1863519ee90b9bcb789d3cd5e99-sock
java_class_path (initial): c:\Users\HP\.vscode\extensions\redhat.java-1.36.0-win32-x64\server\plugins\org.eclipse.equinox.launcher_1.6.900.v20240613-2009.jar
Launcher Type: SUN_STANDARD

[Global flags]
     uint AdaptiveSizePolicyWeight                 = 90                                        {product} {command line}
     intx CICompilerCount                          = 4                                         {product} {ergonomic}
     uint GCTimeRatio                              = 4                                         {product} {command line}
     bool HeapDumpOnOutOfMemoryError               = true                                   {manageable} {command line}
    ccstr HeapDumpPath                             = c:\Users\HP\AppData\Roaming\Code\User\workspaceStorage\d4e0279ac66a14079e57638f7153a3c7\redhat.java         {manageable} {command line}
   size_t InitialHeapSize                          = 104857600                                 {product} {command line}
   size_t MaxHeapSize                              = 1073741824                                {product} {command line}
   size_t MaxNewSize                               = 357564416                                 {product} {ergonomic}
   size_t MinHeapDeltaBytes                        = 524288                                    {product} {ergonomic}
   size_t MinHeapSize                              = 104857600                                 {product} {command line}
   size_t NewSize                                  = 34603008                                  {product} {ergonomic}
    uintx NonNMethodCodeHeapSize                   = 5832704                                {pd product} {ergonomic}
    uintx NonProfiledCodeHeapSize                  = 122945536                              {pd product} {ergonomic}
   size_t OldSize                                  = 70254592                                  {product} {ergonomic}
    uintx ProfiledCodeHeapSize                     = 122880000                              {pd product} {ergonomic}
    uintx ReservedCodeCacheSize                    = 251658240                              {pd product} {ergonomic}
     bool SegmentedCodeCache                       = true                                      {product} {ergonomic}
   size_t SoftMaxHeapSize                          = 1073741824                             {manageable} {ergonomic}
     bool UseCompressedOops                        = true                           {product lp64_product} {ergonomic}
     bool UseLargePagesIndividualAllocation        = false                                  {pd product} {ergonomic}
     bool UseParallelGC                            = true                                      {product} {command line}

Logging:
Log output configuration:
 #0: stdout all=off uptime,level,tags foldmultilines=false
 #1: stderr all=off uptime,level,tags foldmultilines=false

Environment Variables:
JAVA_HOME=C:\Program Files\Java\jdk-23
PATH=C:\Program Files\Eclipse Adoptium\jdk-21.0.5.11-hotspot\bin;C:\Program Files\Common Files\Oracle\Java\javapath;C:\Python312\Scripts\;C:\Python312\;C:\WINDOWS\system32;C:\WINDOWS;C:\WINDOWS\System32\Wbem;C:\WINDOWS\System32\WindowsPowerShell\v1.0\;C:\WINDOWS\System32\OpenSSH\;C:\Program Files\Git\cmd;C:\Program Files\Microsoft VS Code\bin;C:\ProgramData\chocolatey\bin;C:\Program Files\apache-maven-3.9.9\bin;C:\Program Files\Java\jdk-23\bin;C:\Program Files\nodejs\;C:\Users\HP\AppData\Local\Microsoft\WindowsApps;C:\Program Files\apache-maven-3.9.9\bin;C:\Program Files\Java\jdk-23\bin;;C:\Program Files\JetBrains\IntelliJ IDEA Community Edition 2024.2.2\bin;;C:\Users\HP\AppData\Local\Programs\Microsoft VS Code\bin;C:\Users\HP\AppData\Roaming\npm
USERNAME=HP
OS=Windows_NT
PROCESSOR_IDENTIFIER=Intel64 Family 6 Model 154 Stepping 4, GenuineIntel
TMP=C:\Users\HP\AppData\Local\Temp
TEMP=C:\Users\HP\AppData\Local\Temp




Periodic native trim disabled

---------------  S Y S T E M  ---------------

OS:
 Windows 11 , 64 bit Build 22621 (10.0.22621.3958)
OS uptime: 0 days 10:41 hours

CPU: total 8 (initial active 8) (4 cores per cpu, 2 threads per core) family 6 model 154 stepping 4 microcode 0x432, cx8, cmov, fxsr, ht, mmx, 3dnowpref, sse, sse2, sse3, ssse3, sse4.1, sse4.2, popcnt, lzcnt, tsc, tscinvbit, avx, avx2, aes, erms, clmul, bmi1, bmi2, adx, sha, fma, vzeroupper, clflush, clflushopt, clwb, serialize, rdtscp, rdpid, fsrm, gfni, f16c, pku, cet_ibt, cet_ss
Processor Information for processor 0
  Max Mhz: 1200, Current Mhz: 1200, Mhz Limit: 1200
Processor Information for processor 1
  Max Mhz: 1200, Current Mhz: 1200, Mhz Limit: 1200
Processor Information for processor 2
  Max Mhz: 1200, Current Mhz: 1200, Mhz Limit: 1200
Processor Information for processor 3
  Max Mhz: 1200, Current Mhz: 1200, Mhz Limit: 1200
Processor Information for processor 4
  Max Mhz: 1200, Current Mhz: 900, Mhz Limit: 900
Processor Information for processor 5
  Max Mhz: 1200, Current Mhz: 900, Mhz Limit: 900
Processor Information for processor 6
  Max Mhz: 1200, Current Mhz: 900, Mhz Limit: 900
Processor Information for processor 7
  Max Mhz: 1200, Current Mhz: 900, Mhz Limit: 900

Memory: 4k page, system-wide physical 7865M (609M free)
TotalPageFile size 32441M (AvailPageFile size 5M)
current process WorkingSet (physical memory assigned to process): 605M, peak: 621M
current process commit charge ("private bytes"): 551M, peak: 569M

vm_info: Java HotSpot(TM) 64-Bit Server VM (23.0.1+11-39) for windows-amd64 JRE (23.0.1+11-39), built on 2024-09-30T07:20:43Z with MS VC++ 17.6 (VS2022)

END.
